Archive member included to satisfy reference by file (symbol)

C:/devkitPro/libogc/lib/wii\libogc.a(console.o)
                              main.o (CON_Init)
C:/devkitPro/libogc/lib/wii\libogc.a(video.o)
                              C:/devkitPro/libogc/lib/wii\libogc.a(console.o) (VIDEO_GetCurrentFramebuffer)
C:/devkitPro/libogc/lib/wii\libogc.a(pad.o)
                              main.o (PAD_Init)
C:/devkitPro/libogc/lib/wii\libogc.a(system.o)
                              C:/devkitPro/libogc/lib/wii\libogc.a(pad.o) (SYS_RegisterResetFunc)
C:/devkitPro/libogc/lib/wii\libogc.a(cond.o)
                              C:/devkitPro/libogc/lib/wii\libogc.a(system.o) (__lwp_cond_init)
C:/devkitPro/libogc/lib/wii\libogc.a(decrementer.o)
                              C:/devkitPro/libogc/lib/wii\libogc.a(system.o) (__decrementer_init)
C:/devkitPro/libogc/lib/wii\libogc.a(message.o)
                              C:/devkitPro/libogc/lib/wii\libogc.a(system.o) (__lwp_mqbox_init)
C:/devkitPro/libogc/lib/wii\libogc.a(si.o)
                              C:/devkitPro/libogc/lib/wii\libogc.a(pad.o) (SI_Busy)
C:/devkitPro/libogc/lib/wii\libogc.a(ipc.o)
                              C:/devkitPro/libogc/lib/wii\libogc.a(system.o) (__IPC_ClntInit)
C:/devkitPro/libogc/lib/wii\libogc.a(ogc_crt0.o)
                              (_start)
C:/devkitPro/libogc/lib/wii\libogc.a(console_font_8x16.o)
                              C:/devkitPro/libogc/lib/wii\libogc.a(console.o) (console_font_8x16)
C:/devkitPro/libogc/lib/wii\libogc.a(timesupp.o)
                              C:/devkitPro/libogc/lib/wii\libogc.a(system.o) (gettick)
C:/devkitPro/libogc/lib/wii\libogc.a(lock_supp.o)
                              C:/devkitPro/libogc/lib/wii\libogc.a(system.o) (__libogc_lock_init)
C:/devkitPro/libogc/lib/wii\libogc.a(newlibc.o)
                              C:/devkitPro/libogc/lib/wii\libogc.a(system.o) (__libc_init)
C:/devkitPro/libogc/lib/wii\libogc.a(usbgecko.o)
                              C:/devkitPro/libogc/lib/wii\libogc.a(console.o) (usb_isgeckoalive)
C:/devkitPro/libogc/lib/wii\libogc.a(sbrk.o)
                              C:/devkitPro/libogc/lib/wii\libogc.a(system.o) (__libogc_sbrk_r)
C:/devkitPro/libogc/lib/wii\libogc.a(malloc_lock.o)
                              C:/devkitPro/libogc/lib/wii\libogc.a(system.o) (__memlock_init)
C:/devkitPro/libogc/lib/wii\libogc.a(stm.o)
                              C:/devkitPro/libogc/lib/wii\libogc.a(system.o) (STM_RegisterEventHandler)
C:/devkitPro/libogc/lib/wii\libogc.a(ios.o)
                              C:/devkitPro/libogc/lib/wii\libogc.a(system.o) (__IOS_InitializeSubsystems)
C:/devkitPro/libogc/lib/wii\libogc.a(es.o)
                              C:/devkitPro/libogc/lib/wii\libogc.a(ios.o) (__ES_Init)
C:/devkitPro/libogc/lib/wii\libogc.a(argv.o)
                              C:/devkitPro/libogc/lib/wii\libogc.a(ogc_crt0.o) (__CheckARGV)
C:/devkitPro/libogc/lib/wii\libogc.a(conf.o)
                              C:/devkitPro/libogc/lib/wii\libogc.a(system.o) (CONF_Init)
C:/devkitPro/libogc/lib/wii\libogc.a(wiilaunch.o)
                              C:/devkitPro/libogc/lib/wii\libogc.a(system.o) (WII_Initialize)
C:/devkitPro/libogc/lib/wii\libogc.a(lwp_priority.o)
                              C:/devkitPro/libogc/lib/wii\libogc.a(system.o) (__lwp_priority_init)
C:/devkitPro/libogc/lib/wii\libogc.a(lwp_threadq.o)
                              C:/devkitPro/libogc/lib/wii\libogc.a(cond.o) (__lwp_threadqueue_init)
C:/devkitPro/libogc/lib/wii\libogc.a(lwp_threads.o)
                              C:/devkitPro/libogc/lib/wii\libogc.a(cond.o) (_thr_executing)
C:/devkitPro/libogc/lib/wii\libogc.a(lwp_messages.o)
                              C:/devkitPro/libogc/lib/wii\libogc.a(message.o) (__lwpmq_initialize)
C:/devkitPro/libogc/lib/wii\libogc.a(lwp.o)
                              C:/devkitPro/libogc/lib/wii\libogc.a(system.o) (__lwp_sysinit)
C:/devkitPro/libogc/lib/wii\libogc.a(lwp_handler.o)
                              C:/devkitPro/libogc/lib/wii\libogc.a(lwp_threads.o) (_cpu_context_save_fp)
C:/devkitPro/libogc/lib/wii\libogc.a(lwp_stack.o)
                              C:/devkitPro/libogc/lib/wii\libogc.a(lwp_threads.o) (__lwp_stack_allocate)
C:/devkitPro/libogc/lib/wii\libogc.a(lwp_mutex.o)
                              C:/devkitPro/libogc/lib/wii\libogc.a(malloc_lock.o) (__lwp_mutex_initialize)
C:/devkitPro/libogc/lib/wii\libogc.a(lwp_watchdog.o)
                              C:/devkitPro/libogc/lib/wii\libogc.a(system.o) (__lwp_watchdog_init)
C:/devkitPro/libogc/lib/wii\libogc.a(lwp_wkspace.o)
                              C:/devkitPro/libogc/lib/wii\libogc.a(ipc.o) (__wkspace_heap)
C:/devkitPro/libogc/lib/wii\libogc.a(lwp_objmgr.o)
                              C:/devkitPro/libogc/lib/wii\libogc.a(system.o) (__lwp_objmgr_initinfo)
C:/devkitPro/libogc/lib/wii\libogc.a(lwp_heap.o)
                              C:/devkitPro/libogc/lib/wii\libogc.a(ipc.o) (__lwp_heap_init)
[...]
Memory Configuration

Name             Origin             Length             Attributes
*default*        0x0000000000000000 0xffffffffffffffff

Linker script and memory map

                0x0000000000003400                . = 0x3400

.stub
 *(.stub)
                0x0000000080004000                . = 0x80004000

.init           0x0000000080004000      0x194
 *crt0.o(*.init)
 .init          0x0000000080004000      0x170 C:/devkitPro/libogc/lib/wii\libogc.a(ogc_crt0.o)
                0x0000000080004000                _start
                0x0000000080004140                _memset
 *(.init)
 .init          0x0000000080004170        0xc c:/devkitpro/devkitppc/bin/../lib/gcc/powerpc-eabi/8.2.0/ecrti.o
                0x0000000080004170                __init
 .init          0x000000008000417c        0x4 c:/devkitpro/devkitppc/bin/../lib/gcc/powerpc-eabi/8.2.0/crtbegin.o
 .init          0x0000000080004180        0x4 c:/devkitpro/devkitppc/bin/../lib/gcc/powerpc-eabi/8.2.0/crtend.o
 .init          0x0000000080004184       0x10 c:/devkitpro/devkitppc/bin/../lib/gcc/powerpc-eabi/8.2.0/ecrtn.o

.rela.dyn       0x0000000080004194        0x0
 .rela.iplt     0x0000000080004194        0x0 C:/devkitPro/libogc/lib/wii\libogc.a(newlibc.o)

.plt
 *(.plt)

.interp
 *(.interp)

.hash
 *(.hash)

.dynsym
 *(.dynsym)

.dynstr
 *(.dynstr)

.gnu.version
 *(.gnu.version)

.gnu.version_d
 *(.gnu.version_d)

.gnu.version_r
 *(.gnu.version_r)

.rel.init
 *(.rel.init)

.rela.init      0x0000000080004194        0x0
 *(.rela.init)
 .rela.init     0x0000000080004194        0x0 C:/devkitPro/libogc/lib/wii\libogc.a(newlibc.o)

.rel.text
 *(.rel.text .rel.text.* .rel.gnu.linkonce.t.*)

.rela.text      0x0000000080004194        0x0
 *(.rela.text .rela.text.* .rela.gnu.linkonce.t.*)
 .rela.text.deregister_tm_clones
                0x0000000080004194        0x0 C:/devkitPro/libogc/lib/wii\libogc.a(newlibc.o)
 .rela.text.register_tm_clones
                0x0000000080004194        0x0 C:/devkitPro/libogc/lib/wii\libogc.a(newlibc.o)
 .rela.text.__do_global_dtors_aux
                0x0000000080004194        0x0 C:/devkitPro/libogc/lib/wii\libogc.a(newlibc.o)
 .rela.text.frame_dummy
                0x0000000080004194        0x0 C:/devkitPro/libogc/lib/wii\libogc.a(newlibc.o)
 .rela.text.__call_resetfuncs
                0x0000000080004194        0x0 C:/devkitPro/libogc/lib/wii\libogc.a(newlibc.o)
 .rela.text.__unlocksram
                0x0000000080004194        0x0 C:/devkitPro/libogc/lib/wii\libogc.a(newlibc.o)
 .rela.text.__sram_writecallback
                0x0000000080004194        0x0 C:/devkitPro/libogc/lib/wii\libogc.a(newlibc.o)
 .rela.text.__sys_alarmhandler
                0x0000000080004194        0x0 C:/devkitPro/libogc/lib/wii\libogc.a(newlibc.o)
 .rela.text.__sram_read.constprop.11
                0x0000000080004194        0x0 C:/devkitPro/libogc/lib/wii\libogc.a(newlibc.o)
 .rela.text.SYS_Init
                0x0000000080004194        0x0 C:/devkitPro/libogc/lib/wii\libogc.a(newlibc.o)
 .rela.text.SYS_SetAlarm
                0x0000000080004194        0x0 C:/devkitPro/libogc/lib/wii\libogc.a(newlibc.o)
 .rela.text.SYS_CancelAlarm
                0x0000000080004194        0x0 C:/devkitPro/libogc/lib/wii\libogc.a(newlibc.o)
 .rela.text.SYS_SetWirelessID
                0x0000000080004194        0x0 C:/devkitPro/libogc/lib/wii\libogc.a(newlibc.o)
 .rela.text.SYS_GetWirelessID
                0x0000000080004194        0x0 C:/devkitPro/libogc/lib/wii\libogc.a(newlibc.o)
 .rela.text.__lwp_cond_init
                0x0000000080004194        0x0 C:/devkitPro/libogc/lib/wii\libogc.a(newlibc.o)
 .rela.text.c_decrementer_handler
                0x0000000080004194        0x0 C:/devkitPro/libogc/lib/wii\libogc.a(newlibc.o)
 .rela.text.__lwp_mqbox_init
                0x0000000080004194        0x0 C:/devkitPro/libogc/lib/wii\libogc.a(newlibc.o)
 .rela.text.__ios_ioctlvformat_parse
                0x0000000080004194        0x0 C:/devkitPro/libogc/lib/wii\libogc.a(newlibc.o)
 .rela.text.__ioctlvfmtCB
                0x0000000080004194        0x0 C:/devkitPro/libogc/lib/wii\libogc.a(newlibc.o)
 .rela.text.IOS_IoctlvFormat
                0x0000000080004194        0x0 C:/devkitPro/libogc/lib/wii\libogc.a(newlibc.o)
 .rela.text.__libogc_nanosleep
                0x0000000080004194        0x0 C:/devkitPro/libogc/lib/wii\libogc.a(newlibc.o)
 .rela.text.__libc_delete_hook
                0x0000000080004194        0x0 C:/devkitPro/libogc/lib/wii\libogc.a(newlibc.o)
 .rela.text.__libc_init
                0x0000000080004194        0x0 C:/devkitPro/libogc/lib/wii\libogc.a(newlibc.o)
 .rela.text.__CheckARGV
                0x0000000080004194        0x0 C:/devkitPro/libogc/lib/wii\libogc.a(newlibc.o)
 .rela.text.__lwp_priority_init
                0x0000000080004194        0x0 C:/devkitPro/libogc/lib/wii\libogc.a(newlibc.o)
 .rela.text.__lwp_threadqueue_enqueuefifo
                0x0000000080004194        0x0 C:/devkitPro/libogc/lib/wii\libogc.a(newlibc.o)
 .rela.text.__lwp_threadqueue_dequeuefifo
                0x0000000080004194        0x0 C:/devkitPro/libogc/lib/wii\libogc.a(newlibc.o)
 .rela.text.__lwp_threadqueue_enqueuepriority
                0x0000000080004194        0x0 C:/devkitPro/libogc/lib/wii\libogc.a(newlibc.o)
 .rela.text.__lwp_threadqueue_dequeuepriority
                0x0000000080004194        0x0 C:/devkitPro/libogc/lib/wii\libogc.a(newlibc.o)
 .rela.text.__lwp_threadqueue_enqueue
                0x0000000080004194        0x0 C:/devkitPro/libogc/lib/wii\libogc.a(newlibc.o)
 .rela.text.__lwp_threadqueue_extractfifo
                0x0000000080004194        0x0 C:/devkitPro/libogc/lib/wii\libogc.a(newlibc.o)
 .rela.text.__lwp_threadqueue_extractpriority
                0x0000000080004194        0x0 C:/devkitPro/libogc/lib/wii\libogc.a(newlibc.o)
 .rela.text.__lwp_thread_tickle_timeslice
                0x0000000080004194        0x0 C:/devkitPro/libogc/lib/wii\libogc.a(newlibc.o)
 .rela.text.__lwp_thread_setstate
                0x0000000080004194        0x0 C:/devkitPro/libogc/lib/wii\libogc.a(newlibc.o)
 .rela.text.__lwp_thread_changepriority
                0x0000000080004194        0x0 C:/devkitPro/libogc/lib/wii\libogc.a(newlibc.o)
 .rela.text.__lwp_thread_ready
                0x0000000080004194        0x0 C:/devkitPro/libogc/lib/wii\libogc.a(newlibc.o)
 .rela.text.__lwp_thread_init
                0x0000000080004194        0x0 C:/devkitPro/libogc/lib/wii\libogc.a(newlibc.o)
 .rela.text.__lwp_thread_close
                0x0000000080004194        0x0 C:/devkitPro/libogc/lib/wii\libogc.a(newlibc.o)
 .rela.text.__lwp_thread_closeall
                0x0000000080004194        0x0 C:/devkitPro/libogc/lib/wii\libogc.a(newlibc.o)
 .rela.text.__lwp_thread_startmultitasking
                0x0000000080004194        0x0 C:/devkitPro/libogc/lib/wii\libogc.a(newlibc.o)
 .rela.text.__lwp_thread_stopmultitasking
                0x0000000080004194        0x0 C:/devkitPro/libogc/lib/wii\libogc.a(newlibc.o)
 .rela.text.__lwp_thread_coreinit
                0x0000000080004194        0x0 C:/devkitPro/libogc/lib/wii\libogc.a(newlibc.o)
 .rela.text.__lwp_sysinit
                0x0000000080004194        0x0 C:/devkitPro/libogc/lib/wii\libogc.a(newlibc.o)
 .rela.text.LWP_InitQueue
                0x0000000080004194        0x0 C:/devkitPro/libogc/lib/wii\libogc.a(newlibc.o)
 .rela.text.LWP_CloseQueue
                0x0000000080004194        0x0 C:/devkitPro/libogc/lib/wii\libogc.a(newlibc.o)
 .rela.text.LWP_ThreadSleep
                0x0000000080004194        0x0 C:/devkitPro/libogc/lib/wii\libogc.a(newlibc.o)
 .rela.text.LWP_ThreadBroadcast
                0x0000000080004194        0x0 C:/devkitPro/libogc/lib/wii\libogc.a(newlibc.o)
 .rela.text.LWP_ThreadSignal
                0x0000000080004194        0x0 C:/devkitPro/libogc/lib/wii\libogc.a(newlibc.o)
 .rela.text.__lwp_stack_allocate
                0x0000000080004194        0x0 C:/devkitPro/libogc/lib/wii\libogc.a(newlibc.o)
 .rela.text.__lwp_stack_free
                0x0000000080004194        0x0 C:/devkitPro/libogc/lib/wii\libogc.a(newlibc.o)
 .rela.text.__lwp_watchdog_init
                0x0000000080004194        0x0 C:/devkitPro/libogc/lib/wii\libogc.a(newlibc.o)
 .rela.text.__lwp_wd_tickle
                0x0000000080004194        0x0 C:/devkitPro/libogc/lib/wii\libogc.a(newlibc.o)
 .rela.text.__lwp_wkspace_init
                0x0000000080004194        0x0 C:/devkitPro/libogc/lib/wii\libogc.a(newlibc.o)
 .rela.text.__lwp_objmgr_initinfo
                0x0000000080004194        0x0 C:/devkitPro/libogc/lib/wii\libogc.a(newlibc.o)
 .rela.text.__exception_init
                0x0000000080004194        0x0 C:/devkitPro/libogc/lib/wii\libogc.a(newlibc.o)
 .rela.text.__exception_close
                0x0000000080004194        0x0 C:/devkitPro/libogc/lib/wii\libogc.a(newlibc.o)
 .rela.text.__irq_init
                0x0000000080004194        0x0 C:/devkitPro/libogc/lib/wii\libogc.a(newlibc.o)
 .rela.text     0x0000000080004194        0x0 C:/devkitPro/libogc/lib/wii\libogc.a(newlibc.o)
 .rela.text.__lwp_sema_init
                0x0000000080004194        0x0 C:/devkitPro/libogc/lib/wii\libogc.a(newlibc.o)
 .rela.text.__lwp_mutex_locksupp.constprop.8
                0x0000000080004194        0x0 C:/devkitPro/libogc/lib/wii\libogc.a(newlibc.o)
 .rela.text.__lwp_mutex_init
                0x0000000080004194        0x0 C:/devkitPro/libogc/lib/wii\libogc.a(newlibc.o)
 .rela.text.LWP_MutexInit
                0x0000000080004194        0x0 C:/devkitPro/libogc/lib/wii\libogc.a(newlibc.o)
 .rela.text.LWP_MutexDestroy
                0x0000000080004194        0x0 C:/devkitPro/libogc/lib/wii\libogc.a(newlibc.o)
 .rela.text.LWP_MutexUnlock
                0x0000000080004194        0x0 C:/devkitPro/libogc/lib/wii\libogc.a(newlibc.o)
 .rela.text.__GX_InitRevBits
                0x0000000080004194        0x0 C:/devkitPro/libogc/lib/wii\libogc.a(newlibc.o)
 .rela.text.__GX_CleanGPFifo
                0x0000000080004194        0x0 C:/devkitPro/libogc/lib/wii\libogc.a(newlibc.o)
 .rela.text.__SetSURegs
                0x0000000080004194        0x0 C:/devkitPro/libogc/lib/wii\libogc.a(newlibc.o)
 .rela.text.__GX_Abort
                0x0000000080004194        0x0 C:/devkitPro/libogc/lib/wii\libogc.a(newlibc.o)
 .rela.text.__GX_SetDirtyState
                0x0000000080004194        0x0 C:/devkitPro/libogc/lib/wii\libogc.a(newlibc.o)
 .rela.text.GX_Flush
                0x0000000080004194        0x0 C:/devkitPro/libogc/lib/wii\libogc.a(newlibc.o)
 .rela.text.GX_AbortFrame
                0x0000000080004194        0x0 C:/devkitPro/libogc/lib/wii\libogc.a(newlibc.o)
 .rela.text.kprintf
                0x0000000080004194        0x0 C:/devkitPro/libogc/lib/wii\libogc.a(newlibc.o)

.rel.fini
 *(.rel.fini)

.rela.fini
 *(.rela.fini)

.rel.rodata
 *(.rel.rodata .rel.rodata.* .rel.gnu.linkonce.r.*)

.rela.rodata
 *(.rela.rodata .rela.rodata.* .rela.gnu.linkonce.r.*)

.rel.data
 *(.rel.data .rel.data.* .rel.gnu.linkonce.d.*)

.rela.data
 *(.rela.data .rela.data.* .rela.gnu.linkonce.d.*)

.rel.tdata
 *(.rel.tdata .rel.tdata.* .rel.gnu.linkonce.td.*)

.rela.tdata
 *(.rela.tdata .rela.tdata.* .rela.gnu.linkonce.td.*)

.rel.tbss
 *(.rel.tbss .rel.tbss.* .rel.gnu.linkonce.tb.*)

.rela.tbss
 *(.rela.tbss .rela.tbss.* .rela.gnu.linkonce.tb.*)

.rel.ctors
 *(.rel.ctors)

.rela.ctors
 *(.rela.ctors)

.rel.dtors
 *(.rel.dtors)

.rela.dtors
 *(.rela.dtors)

.rel.got
 *(.rel.got)

.rela.got
 *(.rela.got)

.rela.got1
 *(.rela.got1)

.rela.got2
 *(.rela.got2)

.rel.sdata
 *(.rel.sdata .rel.sdata.* .rel.gnu.linkonce.s.*)

.rela.sdata
 *(.rela.sdata .rela.sdata.* .rela.gnu.linkonce.s.*)

.rel.sbss
 *(.rel.sbss .rel.sbss.* .rel.gnu.linkonce.sb.*)

.rela.sbss
 *(.rela.sbss .rela.sbss.* .rel.gnu.linkonce.sb.*)

.rel.sdata2
 *(.rel.sdata2 .rel.sdata2.* .rel.gnu.linkonce.s2.*)

.rela.sdata2    0x0000000080004194        0x0
 *(.rela.sdata2 .rela.sdata2.* .rela.gnu.linkonce.s2.*)
 .rela.sdata2.__sys_inIPL
                0x0000000080004194        0x0 C:/devkitPro/libogc/lib/wii\libogc.a(newlibc.o)

.rel.sbss2
 *(.rel.sbss2 .rel.sbss2.* .rel.gnu.linkonce.sb2.*)

.rela.sbss2
 *(.rela.sbss2 .rela.sbss2.* .rela.gnu.linkonce.sb2.*)

.rel.bss
 *(.rel.bss .rel.bss.* .rel.gnu.linkonce.b.*)

.rela.bss
 *(.rela.bss .rela.bss.* .rela.gnu.linkonce.b.*)

.rel.plt
 *(.rel.plt)

.rela.plt
 *(.rela.plt)

.text           0x00000000800041a0    0x19c40
 *(.text)
 .text          0x00000000800041a0      0x44c C:/devkitPro/libogc/lib/wii\libogc.a(lwp_handler.o)
                0x00000000800041a0                _cpu_context_save_fp
                0x00000000800042e0                _cpu_context_restore_fp
                0x0000000080004420                _cpu_context_switch
                0x0000000080004500                _cpu_context_save
                0x0000000080004580                _cpu_context_restore
 .text          0x00000000800045ec      0x1ac C:/devkitPro/libogc/lib/wii\libogc.a(irq_handler.o)
                0x00000000800045ec                irq_exceptionhandler
 .text          0x0000000080004798      0x118 C:/devkitPro/libogc/lib/wii\libogc.a(video_asm.o)
                0x0000000080004798                __VIClearFramebuffer
 .text          0x00000000800048b0      0x4f4 C:/devkitPro/libogc/lib/wii\libogc.a(cache_asm.o)
                0x00000000800048b0                DCFlashInvalidate
                0x00000000800048c4                DCEnable
                0x00000000800048d8                DCDisable
                0x00000000800048ec                DCFreeze
                0x0000000080004900                DCUnfreeze
                0x0000000080004914                DCTouchLoad
                0x000000008000491c                DCBlockZero
                0x0000000080004924                DCBlockStore
                0x000000008000492c                DCBlockFlush
                0x0000000080004934                DCBlockInvalidate
                0x000000008000493c                DCInvalidateRange
                0x000000008000496c                DCFlushRange
                0x00000000800049a0                DCStoreRange
                0x00000000800049d4                DCFlushRangeNoSync
                0x0000000080004a04                DCStoreRangeNoSync
                0x0000000080004a34                DCZeroRange
                0x0000000080004a64                DCTouchRange
                0x0000000080004a94                ICInvalidateRange
                0x0000000080004acc                ICFlashInvalidate
                0x0000000080004ae0                ICEnable
                0x0000000080004af4                ICDisable
                0x0000000080004b08                ICFreeze
                0x0000000080004b1c                ICUnfreeze
                0x0000000080004b30                ICBlockInvalidate
                0x0000000080004b38                ICSync
                0x0000000080004b40                L2Init
                0x0000000080004b88                L2Enable
                0x0000000080004ba4                L2Disable
                0x0000000080004bbc                L2GlobalInvalidate
                0x0000000080004c14                __LCEnable
                0x0000000080004ce0                LCDisable
                0x0000000080004d08                LCAllocOneTag
                0x0000000080004d1c                LCAllocTags
                0x0000000080004d5c                LCLoadBlocks
                0x0000000080004d80                LCStoreBlocks
 .text          0x0000000080004da4      0x4a0 C:/devkitPro/libogc/lib/wii\libogc.a(system_asm.o)
                0x0000000080004da4                __realmode
                0x0000000080004dbc                __configBATS
                0x0000000080004eec                __InitFPRS
                0x0000000080005018                __InitPS
                0x0000000080005074                __InitCache
                0x00000000800050cc                __InitSystem
                0x0000000080005154                __flush_cache
                0x0000000080005188                __reset
                0x00000000800051f8                __InitBATS
                0x0000000080005214                SYS_SwitchFiber
 .text          0x0000000080005244      0x1ac C:/devkitPro/libogc/lib/wii\libogc.a(decrementer_handler.o)
                0x0000000080005244                dec_exceptionhandler
 .text          0x00000000800053f0      0x35c C:/devkitPro/libogc/lib/wii\libogc.a(exception_handler.o)
                0x00000000800053f0                exceptionhandler_start
                0x000000008000546c                exceptionhandler_patch
                0x00000000800054a0                exceptionhandler_end
                0x00000000800054a4                default_exceptionhandler
                0x00000000800055d4                fpu_exceptionhandler
                0x000000008000571c                systemcallhandler_start
                0x0000000080005748                systemcallhandler_end
 .text          0x000000008000574c       0x48 c:/devkitpro/devkitppc/bin/../lib/gcc/powerpc-eabi/8.2.0\libgcc.a(eabi.o)
                0x000000008000574c                __eabi
 *(.text.*)
 .text.deregister_tm_clones
                0x0000000080005794       0x30 c:/devkitpro/devkitppc/bin/../lib/gcc/powerpc-eabi/8.2.0/crtbegin.o
 .text.register_tm_clones
                0x00000000800057c4       0x3c c:/devkitpro/devkitppc/bin/../lib/gcc/powerpc-eabi/8.2.0/crtbegin.o
 .text.__do_global_dtors_aux
                0x0000000080005800       0xd0 c:/devkitpro/devkitppc/bin/../lib/gcc/powerpc-eabi/8.2.0/crtbegin.o
 .text.frame_dummy
                0x00000000800058d0       0x44 c:/devkitpro/devkitppc/bin/../lib/gcc/powerpc-eabi/8.2.0/crtbegin.o
 .text.__crtmain
                0x0000000080005914       0x44 c:/devkitpro/devkitppc/bin/../lib/gcc/powerpc-eabi/8.2.0/../../../../powerpc-eabi/lib/crtmain.o
                0x0000000080005918                __crtmain
 .text.Init     0x0000000080005958       0xbc main.o
                0x0000000080005958                Init
 .text.DrawBox  0x0000000080005a14      0x104 main.o
                0x0000000080005a14                DrawBox
 .text.startup.main
                0x0000000080005b18      0x110 main.o
                0x0000000080005b18                main
 .text.__console_clear_line
                0x0000000080005c28       0x84 C:/devkitPro/libogc/lib/wii\libogc.a(console.o)
 .text.__console_clear
                0x0000000080005cac       0x54 C:/devkitPro/libogc/lib/wii\libogc.a(console.o)
 .text.__console_write
                0x0000000080005d00      0x708 C:/devkitPro/libogc/lib/wii\libogc.a(console.o)
                0x0000000080005d00                __console_write
 .text.__console_init
                0x0000000080006408      0x108 C:/devkitPro/libogc/lib/wii\libogc.a(console.o)
                0x0000000080006408                __console_init
 .text.CON_Init
                0x0000000080006510        0x4 C:/devkitPro/libogc/lib/wii\libogc.a(console.o)
                0x0000000080006510                CON_Init
 .text.CON_EnableGecko
                0x0000000080006514      0x100 C:/devkitPro/libogc/lib/wii\libogc.a(console.o)
                0x0000000080006514                CON_EnableGecko
 .text.__VISendI2CData.constprop.2
                0x0000000080006614      0x420 C:/devkitPro/libogc/lib/wii\libogc.a(video.o)
 .text.__VIWriteI2CRegister16
                0x0000000080006a34       0x38 C:/devkitPro/libogc/lib/wii\libogc.a(video.o)
 .text.__VIWriteI2CRegister8
                0x0000000080006a6c       0x38 C:/devkitPro/libogc/lib/wii\libogc.a(video.o)
 .text.__VISetYUVSEL
                0x0000000080006aa4       0x68 C:/devkitPro/libogc/lib/wii\libogc.a(video.o)
 .text.VIDEO_Configure
                0x0000000080006b0c      0x7c8 C:/devkitPro/libogc/lib/wii\libogc.a(video.o)
                0x0000000080006b0c                VIDEO_Configure
 .text.VIDEO_WaitVSync
                0x00000000800072d4       0x74 C:/devkitPro/libogc/lib/wii\libogc.a(video.o)
                0x00000000800072d4                VIDEO_WaitVSync
 .text.VIDEO_SetFramebuffer
                0x0000000080007348      0x23c C:/devkitPro/libogc/lib/wii\libogc.a(video.o)
                0x0000000080007348                VIDEO_SetFramebuffer
 .text.VIDEO_SetNextFramebuffer
                0x0000000080007584      0x1b4 C:/devkitPro/libogc/lib/wii\libogc.a(video.o)
                0x0000000080007584                VIDEO_SetNextFramebuffer
 .text.VIDEO_Flush
                0x0000000080007738      0x134 C:/devkitPro/libogc/lib/wii\libogc.a(video.o)
                0x0000000080007738                VIDEO_Flush
 .text.VIDEO_SetBlack
                0x000000008000786c      0x144 C:/devkitPro/libogc/lib/wii\libogc.a(video.o)
                0x000000008000786c                VIDEO_SetBlack
 .text.VIDEO_GetCurrentTvMode
                0x00000000800079b0       0x78 C:/devkitPro/libogc/lib/wii\libogc.a(video.o)
                0x00000000800079b0                VIDEO_GetCurrentTvMode
 .text.__VIRetraceHandler
                0x0000000080007a28      0x294 C:/devkitPro/libogc/lib/wii\libogc.a(video.o)
 .text.__VISetupEncoder
                0x0000000080007cbc      0x1fc C:/devkitPro/libogc/lib/wii\libogc.a(video.o)
 .text.VIDEO_Init
                0x0000000080007eb8      0x4e0 C:/devkitPro/libogc/lib/wii\libogc.a(video.o)
                0x0000000080007eb8                VIDEO_Init
 .text.VIDEO_GetPreferredMode
                0x0000000080008398      0x100 C:/devkitPro/libogc/lib/wii\libogc.a(video.o)
                0x0000000080008398                VIDEO_GetPreferredMode
 .text.VIDEO_GetCurrentLine
                0x0000000080008498       0x9c C:/devkitPro/libogc/lib/wii\libogc.a(video.o)
                0x0000000080008498                VIDEO_GetCurrentLine
 .text.VIDEO_GetFrameBufferSize
                0x0000000080008534       0x30 C:/devkitPro/libogc/lib/wii\libogc.a(video.o)
                0x0000000080008534                VIDEO_GetFrameBufferSize
 .text.VIDEO_ClearFrameBuffer
                0x0000000080008564       0x34 C:/devkitPro/libogc/lib/wii\libogc.a(video.o)
                0x0000000080008564                VIDEO_ClearFrameBuffer
 .text.SPEC0_MakeStatus
                0x0000000080008598      0x104 C:/devkitPro/libogc/lib/wii\libogc.a(pad.o)
 .text.SPEC1_MakeStatus
                0x000000008000869c      0x104 C:/devkitPro/libogc/lib/wii\libogc.a(pad.o)
 .text.SPEC2_MakeStatus
                0x00000000800087a0      0x254 C:/devkitPro/libogc/lib/wii\libogc.a(pad.o)
 .text.__pad_samplinghandler
                0x00000000800089f4        0x4 C:/devkitPro/libogc/lib/wii\libogc.a(pad.o)
 .text.__pad_doreset
                0x00000000800089f8       0x50 C:/devkitPro/libogc/lib/wii\libogc.a(pad.o)
 .text.__pad_updateorigin
                0x0000000080008a48       0xa0 C:/devkitPro/libogc/lib/wii\libogc.a(pad.o)
 .text.__pad_disable
                0x0000000080008ae8       0xc0 C:/devkitPro/libogc/lib/wii\libogc.a(pad.o)
 .text.__pad_enable
                0x0000000080008ba8       0x5c C:/devkitPro/libogc/lib/wii\libogc.a(pad.o)
 .text.__pad_typeandstatuscallback
                0x0000000080008c04      0x164 C:/devkitPro/libogc/lib/wii\libogc.a(pad.o)
 .text.__pad_probecallback
                0x0000000080008d68       0x48 C:/devkitPro/libogc/lib/wii\libogc.a(pad.o)
 .text.__pad_origincallback
                0x0000000080008db0       0x38 C:/devkitPro/libogc/lib/wii\libogc.a(pad.o)
 .text.__pad_originupdatecallback
                0x0000000080008de8       0x78 C:/devkitPro/libogc/lib/wii\libogc.a(pad.o)
 .text.__pad_receivecheckcallback
                0x0000000080008e60       0x88 C:/devkitPro/libogc/lib/wii\libogc.a(pad.o)
 .text.PAD_SetSpec.part.3
                0x0000000080008ee8       0x54 C:/devkitPro/libogc/lib/wii\libogc.a(pad.o)
 .text.__pad_onreset
                0x0000000080008f3c      0x108 C:/devkitPro/libogc/lib/wii\libogc.a(pad.o)
 .text.__PADDisableRecalibration
                0x0000000080009044       0x58 C:/devkitPro/libogc/lib/wii\libogc.a(pad.o)
                0x0000000080009044                __PADDisableRecalibration
 .text.PAD_Reset
                0x000000008000909c       0xf0 C:/devkitPro/libogc/lib/wii\libogc.a(pad.o)
                0x000000008000909c                PAD_Reset
 .text.PAD_Read
                0x000000008000918c      0x2fc C:/devkitPro/libogc/lib/wii\libogc.a(pad.o)
                0x000000008000918c                PAD_Read
 .text.PAD_Init
                0x0000000080009488       0xd0 C:/devkitPro/libogc/lib/wii\libogc.a(pad.o)
                0x0000000080009488                PAD_Init
 .text.PAD_ScanPads
                0x0000000080009558      0x154 C:/devkitPro/libogc/lib/wii\libogc.a(pad.o)
                0x0000000080009558                PAD_ScanPads
 .text.PAD_ButtonsUp
                0x00000000800096ac       0x38 C:/devkitPro/libogc/lib/wii\libogc.a(pad.o)
                0x00000000800096ac                PAD_ButtonsUp
 .text.PAD_ButtonsDown
                0x00000000800096e4       0x38 C:/devkitPro/libogc/lib/wii\libogc.a(pad.o)
                0x00000000800096e4                PAD_ButtonsDown
 .text.PAD_ButtonsHeld
                0x000000008000971c       0x38 C:/devkitPro/libogc/lib/wii\libogc.a(pad.o)
                0x000000008000971c                PAD_ButtonsHeld
 .text.PAD_StickX
                0x0000000080009754       0x3c C:/devkitPro/libogc/lib/wii\libogc.a(pad.o)
                0x0000000080009754                PAD_StickX
 .text.PAD_StickY
                0x0000000080009790       0x3c C:/devkitPro/libogc/lib/wii\libogc.a(pad.o)
                0x0000000080009790                PAD_StickY
 .text.__call_resetfuncs
                0x00000000800097cc       0xbc C:/devkitPro/libogc/lib/wii\libogc.a(system.o)
 .text.__MEMInterruptHandler
                0x0000000080009888       0x14 C:/devkitPro/libogc/lib/wii\libogc.a(system.o)
 .text.__RSWDefaultHandler
                0x000000008000989c        0x4 C:/devkitPro/libogc/lib/wii\libogc.a(system.o)
 .text.__POWDefaultHandler
                0x00000000800098a0        0x4 C:/devkitPro/libogc/lib/wii\libogc.a(system.o)
 .text.__getrtc
                0x00000000800098a4      0x164 C:/devkitPro/libogc/lib/wii\libogc.a(system.o)
 .text.__sram_write
                0x0000000080009a08      0x128 C:/devkitPro/libogc/lib/wii\libogc.a(system.o)
 .text.__unlocksram
                0x0000000080009b30      0x17c C:/devkitPro/libogc/lib/wii\libogc.a(system.o)
 .text.__sram_writecallback
                0x0000000080009cac       0x54 C:/devkitPro/libogc/lib/wii\libogc.a(system.o)
 .text.__mem_onreset
                0x0000000080009d00       0x48 C:/devkitPro/libogc/lib/wii\libogc.a(system.o)
 .text.__sys_alarmhandler
                0x0000000080009d48       0xf0 C:/devkitPro/libogc/lib/wii\libogc.a(system.o)
 .text.__STMEventHandler
                0x0000000080009e38      0x104 C:/devkitPro/libogc/lib/wii\libogc.a(system.o)
 .text.__sram_read.constprop.11
                0x0000000080009f3c      0x140 C:/devkitPro/libogc/lib/wii\libogc.a(system.o)
 .text.__SYS_GetRTC
                0x000000008000a07c       0xd0 C:/devkitPro/libogc/lib/wii\libogc.a(system.o)
                0x000000008000a07c                __SYS_GetRTC
 .text.__SYS_GetIPCBufferLo
                0x000000008000a14c        0x8 C:/devkitPro/libogc/lib/wii\libogc.a(system.o)
                0x000000008000a14c                __SYS_GetIPCBufferLo
 .text.__SYS_GetIPCBufferHi
                0x000000008000a154        0x8 C:/devkitPro/libogc/lib/wii\libogc.a(system.o)
                0x000000008000a154                __SYS_GetIPCBufferHi
 .text.__SYS_PreInit
                0x000000008000a15c        0x4 C:/devkitPro/libogc/lib/wii\libogc.a(system.o)
                0x000000008000a15c                __SYS_PreInit
 .text.SYS_ResetButtonDown
                0x000000008000a160       0x18 C:/devkitPro/libogc/lib/wii\libogc.a(system.o)
                0x000000008000a160                SYS_ResetButtonDown
 .text.SYS_ResetSystem
                0x000000008000a178      0x214 C:/devkitPro/libogc/lib/wii\libogc.a(system.o)
                0x000000008000a178                SYS_ResetSystem
 .text.__reload
                0x000000008000a38c       0x80 C:/devkitPro/libogc/lib/wii\libogc.a(system.o)
                0x000000008000a38c                __reload
 .text.__libogc_exit
                0x000000008000a40c       0x88 C:/devkitPro/libogc/lib/wii\libogc.a(system.o)
                0x000000008000a40c                __libogc_exit
 .text.SYS_RegisterResetFunc
                0x000000008000a494       0x78 C:/devkitPro/libogc/lib/wii\libogc.a(system.o)
                0x000000008000a494                SYS_RegisterResetFunc
 .text.SYS_Init
                0x000000008000a50c      0x69c C:/devkitPro/libogc/lib/wii\libogc.a(system.o)
                0x000000008000a50c                SYS_Init
 .text.SYS_SetArena1Lo
                0x000000008000aba8       0x38 C:/devkitPro/libogc/lib/wii\libogc.a(system.o)
                0x000000008000aba8                SYS_SetArena1Lo
 .text.SYS_GetArena1Lo
                0x000000008000abe0       0x38 C:/devkitPro/libogc/lib/wii\libogc.a(system.o)
                0x000000008000abe0                SYS_GetArena1Lo
 .text.SYS_GetArena1Hi
                0x000000008000ac18       0x38 C:/devkitPro/libogc/lib/wii\libogc.a(system.o)
                0x000000008000ac18                SYS_GetArena1Hi
 .text.SYS_SetArena2Lo
                0x000000008000ac50       0x38 C:/devkitPro/libogc/lib/wii\libogc.a(system.o)
                0x000000008000ac50                SYS_SetArena2Lo
 .text.SYS_GetArena2Lo
                0x000000008000ac88       0x38 C:/devkitPro/libogc/lib/wii\libogc.a(system.o)
                0x000000008000ac88                SYS_GetArena2Lo
 .text.SYS_GetArena2Hi
                0x000000008000acc0       0x38 C:/devkitPro/libogc/lib/wii\libogc.a(system.o)
                0x000000008000acc0                SYS_GetArena2Hi
 .text.SYS_AllocateFramebuffer
                0x000000008000acf8       0x28 C:/devkitPro/libogc/lib/wii\libogc.a(system.o)
                0x000000008000acf8                SYS_AllocateFramebuffer
 .text.SYS_CreateAlarm
                0x000000008000ad20      0x120 C:/devkitPro/libogc/lib/wii\libogc.a(system.o)
                0x000000008000ad20                SYS_CreateAlarm
 .text.SYS_SetAlarm
                0x000000008000ae40      0x1d0 C:/devkitPro/libogc/lib/wii\libogc.a(system.o)
                0x000000008000ae40                SYS_SetAlarm
 .text.SYS_CancelAlarm
                0x000000008000b010       0xd0 C:/devkitPro/libogc/lib/wii\libogc.a(system.o)
                0x000000008000b010                SYS_CancelAlarm
 .text.SYS_SetWirelessID
                0x000000008000b0e0       0x94 C:/devkitPro/libogc/lib/wii\libogc.a(system.o)
                0x000000008000b0e0                SYS_SetWirelessID
 .text.SYS_GetWirelessID
                0x000000008000b174       0xa0 C:/devkitPro/libogc/lib/wii\libogc.a(system.o)
                0x000000008000b174                SYS_GetWirelessID
 .text.SYS_GetHollywoodRevision
                0x000000008000b214       0x3c C:/devkitPro/libogc/lib/wii\libogc.a(system.o)
                0x000000008000b214                SYS_GetHollywoodRevision
 .text.SYS_Time
                0x000000008000b250       0x78 C:/devkitPro/libogc/lib/wii\libogc.a(system.o)
                0x000000008000b250                SYS_Time
 .text.__SYS_SetBootTime
                0x000000008000b2c8       0x20 C:/devkitPro/libogc/lib/wii\libogc.a(system.o)
                0x000000008000b2c8                __SYS_SetBootTime
 .text.SYS_PreMain
                0x000000008000b2e8       0x58 C:/devkitPro/libogc/lib/wii\libogc.a(system.o)
                0x000000008000b2e8                SYS_PreMain
 .text.__lwp_cond_init
                0x000000008000b340       0x14 C:/devkitPro/libogc/lib/wii\libogc.a(cond.o)
                0x000000008000b340                __lwp_cond_init
 .text.__decrementer_init
                0x000000008000b354        0x4 C:/devkitPro/libogc/lib/wii\libogc.a(decrementer.o)
                0x000000008000b354                __decrementer_init
 .text.c_decrementer_handler
                0x000000008000b358        0xc C:/devkitPro/libogc/lib/wii\libogc.a(decrementer.o)
                0x000000008000b358                c_decrementer_handler
 .text.__lwp_mqbox_init
                0x000000008000b364       0x14 C:/devkitPro/libogc/lib/wii\libogc.a(message.o)
                0x000000008000b364                __lwp_mqbox_init
 .text.__si_transfer
                0x000000008000b378      0x160 C:/devkitPro/libogc/lib/wii\libogc.a(si.o)
 .text.__si_alarmhandler
                0x000000008000b4d8       0xe0 C:/devkitPro/libogc/lib/wii\libogc.a(si.o)
 .text.__si_completetransfer
                0x000000008000b5b8      0x1d4 C:/devkitPro/libogc/lib/wii\libogc.a(si.o)
 .text.__si_transfernext
                0x000000008000b78c       0xe8 C:/devkitPro/libogc/lib/wii\libogc.a(si.o)
 .text.SI_Busy  0x000000008000b874       0x18 C:/devkitPro/libogc/lib/wii\libogc.a(si.o)
                0x000000008000b874                SI_Busy
 .text.SI_IsChanBusy
                0x000000008000b88c       0x38 C:/devkitPro/libogc/lib/wii\libogc.a(si.o)
                0x000000008000b88c                SI_IsChanBusy
 .text.SI_SetXY
                0x000000008000b8c4       0x64 C:/devkitPro/libogc/lib/wii\libogc.a(si.o)
                0x000000008000b8c4                SI_SetXY
 .text.SI_EnablePolling
                0x000000008000b928       0x84 C:/devkitPro/libogc/lib/wii\libogc.a(si.o)
                0x000000008000b928                SI_EnablePolling
 .text.SI_DisablePolling
                0x000000008000b9ac       0x58 C:/devkitPro/libogc/lib/wii\libogc.a(si.o)
                0x000000008000b9ac                SI_DisablePolling
 .text.SI_SetSamplingRate
                0x000000008000ba04       0xe4 C:/devkitPro/libogc/lib/wii\libogc.a(si.o)
                0x000000008000ba04                SI_SetSamplingRate
 .text.SI_RefreshSamplingRate
                0x000000008000bae8        0x8 C:/devkitPro/libogc/lib/wii\libogc.a(si.o)
                0x000000008000bae8                SI_RefreshSamplingRate
 .text.SI_GetStatus
                0x000000008000baf0       0x78 C:/devkitPro/libogc/lib/wii\libogc.a(si.o)
                0x000000008000baf0                SI_GetStatus
 .text.SI_GetResponseRaw
                0x000000008000bb68       0x80 C:/devkitPro/libogc/lib/wii\libogc.a(si.o)
                0x000000008000bb68                SI_GetResponseRaw
 .text.SI_GetResponse
                0x000000008000bbe8       0xb8 C:/devkitPro/libogc/lib/wii\libogc.a(si.o)
                0x000000008000bbe8                SI_GetResponse
 .text.SI_SetCommand
                0x000000008000bca0       0x10 C:/devkitPro/libogc/lib/wii\libogc.a(si.o)
                0x000000008000bca0                SI_SetCommand
 .text.SI_Transfer
                0x000000008000bcb0      0x270 C:/devkitPro/libogc/lib/wii\libogc.a(si.o)
                0x000000008000bcb0                SI_Transfer
 .text.__si_gettypecallback
                0x000000008000bf20      0x2d4 C:/devkitPro/libogc/lib/wii\libogc.a(si.o)
 .text.__si_interrupthandler
                0x000000008000c1f4      0x270 C:/devkitPro/libogc/lib/wii\libogc.a(si.o)
 .text.SI_GetType
                0x000000008000c464      0x1d8 C:/devkitPro/libogc/lib/wii\libogc.a(si.o)
                0x000000008000c464                SI_GetType
 .text.SI_GetTypeAsync
                0x000000008000c63c      0x138 C:/devkitPro/libogc/lib/wii\libogc.a(si.o)
                0x000000008000c63c                SI_GetTypeAsync
 .text.SI_EnablePollingInterrupt
                0x000000008000c774       0xac C:/devkitPro/libogc/lib/wii\libogc.a(si.o)
                0x000000008000c774                SI_EnablePollingInterrupt
 .text.SI_UnregisterPollingHandler
                0x000000008000c820       0xdc C:/devkitPro/libogc/lib/wii\libogc.a(si.o)
                0x000000008000c820                SI_UnregisterPollingHandler
 .text.__si_init
                0x000000008000c8fc       0xf8 C:/devkitPro/libogc/lib/wii\libogc.a(si.o)
                0x000000008000c8fc                __si_init
 .text.__ios_ioctlvformat_parse
                0x000000008000c9f4      0x80c C:/devkitPro/libogc/lib/wii\libogc.a(ipc.o)
 .text.__ioctlvfmtCB
                0x000000008000d200      0x15c C:/devkitPro/libogc/lib/wii\libogc.a(ipc.o)
 .text.__ipc_sendrequest.part.0
                0x000000008000d35c       0xe4 C:/devkitPro/libogc/lib/wii\libogc.a(ipc.o)
 .text.__ipc_interrupthandler
                0x000000008000d440      0x354 C:/devkitPro/libogc/lib/wii\libogc.a(ipc.o)
 .text.__ipc_syncrequest
                0x000000008000d794       0xe8 C:/devkitPro/libogc/lib/wii\libogc.a(ipc.o)
 .text.__ipc_asyncrequest
                0x000000008000d87c      0x14c C:/devkitPro/libogc/lib/wii\libogc.a(ipc.o)
 .text.__IPC_Init.part.2
                0x000000008000d9c8       0x3c C:/devkitPro/libogc/lib/wii\libogc.a(ipc.o)
 .text.iosCreateHeap
                0x000000008000da04      0x130 C:/devkitPro/libogc/lib/wii\libogc.a(ipc.o)
                0x000000008000da04                iosCreateHeap
 .text.__IPC_ClntInit
                0x000000008000db34       0xa4 C:/devkitPro/libogc/lib/wii\libogc.a(ipc.o)
                0x000000008000db34                __IPC_ClntInit
 .text.IOS_Open
                0x000000008000dbd8      0x110 C:/devkitPro/libogc/lib/wii\libogc.a(ipc.o)
                0x000000008000dbd8                IOS_Open
 .text.IOS_Close
                0x000000008000dce8       0xf0 C:/devkitPro/libogc/lib/wii\libogc.a(ipc.o)
                0x000000008000dce8                IOS_Close
 .text.IOS_Read
                0x000000008000ddd8      0x10c C:/devkitPro/libogc/lib/wii\libogc.a(ipc.o)
                0x000000008000ddd8                IOS_Read
 .text.IOS_Write
                0x000000008000dee4      0x10c C:/devkitPro/libogc/lib/wii\libogc.a(ipc.o)
                0x000000008000dee4                IOS_Write
 .text.IOS_Ioctl
                0x000000008000dff0      0x158 C:/devkitPro/libogc/lib/wii\libogc.a(ipc.o)
                0x000000008000dff0                IOS_Ioctl
 .text.IOS_IoctlAsync
                0x000000008000e148      0x148 C:/devkitPro/libogc/lib/wii\libogc.a(ipc.o)
                0x000000008000e148                IOS_IoctlAsync
 .text.IOS_Ioctlv
                0x000000008000e290      0x1ec C:/devkitPro/libogc/lib/wii\libogc.a(ipc.o)
                0x000000008000e290                IOS_Ioctlv
 .text.IOS_IoctlvFormat
                0x000000008000e47c      0x170 C:/devkitPro/libogc/lib/wii\libogc.a(ipc.o)
                0x000000008000e47c                IOS_IoctlvFormat
 .text.IOS_IoctlvReboot
                0x000000008000e5ec      0x1f0 C:/devkitPro/libogc/lib/wii\libogc.a(ipc.o)
                0x000000008000e5ec                IOS_IoctlvReboot
 .text.gettick  0x000000008000e7dc        0x8 C:/devkitPro/libogc/lib/wii\libogc.a(timesupp.o)
                0x000000008000e7dc                gettick
 .text.gettime  0x000000008000e7e4       0x18 C:/devkitPro/libogc/lib/wii\libogc.a(timesupp.o)
                0x000000008000e7e4                gettime
 .text.settime  0x000000008000e7fc       0x14 C:/devkitPro/libogc/lib/wii\libogc.a(timesupp.o)
                0x000000008000e7fc                settime
 .text.diff_usec
                0x000000008000e810       0x88 C:/devkitPro/libogc/lib/wii\libogc.a(timesupp.o)
                0x000000008000e810                diff_usec
 .text.__timesystem_init
                0x000000008000e898       0x1c C:/devkitPro/libogc/lib/wii\libogc.a(timesupp.o)
                0x000000008000e898                __timesystem_init
 .text.udelay   0x000000008000e8b4       0xac C:/devkitPro/libogc/lib/wii\libogc.a(timesupp.o)
                0x000000008000e8b4                udelay
 .text.__libogc_nanosleep
                0x000000008000e960      0x144 C:/devkitPro/libogc/lib/wii\libogc.a(timesupp.o)
                0x000000008000e960                __libogc_nanosleep
 .text.__libogc_gettod_r
                0x000000008000eaa4       0xd4 C:/devkitPro/libogc/lib/wii\libogc.a(timesupp.o)
                0x000000008000eaa4                __libogc_gettod_r
 .text.__libogc_lock_init
                0x000000008000eb78       0x78 C:/devkitPro/libogc/lib/wii\libogc.a(lock_supp.o)
                0x000000008000eb78                __libogc_lock_init
 .text.__libogc_lock_close
                0x000000008000ebf0       0x64 C:/devkitPro/libogc/lib/wii\libogc.a(lock_supp.o)
                0x000000008000ebf0                __libogc_lock_close
 .text.__libogc_lock_acquire
                0x000000008000ec54       0x20 C:/devkitPro/libogc/lib/wii\libogc.a(lock_supp.o)
                0x000000008000ec54                __libogc_lock_acquire
 .text.__libogc_lock_release
                0x000000008000ec74       0x20 C:/devkitPro/libogc/lib/wii\libogc.a(lock_supp.o)
                0x000000008000ec74                __libogc_lock_release
 .text.__libc_create_hook
                0x000000008000ec94       0x10 C:/devkitPro/libogc/lib/wii\libogc.a(newlibc.o)
                0x000000008000ec94                __libc_create_hook
 .text.__libc_start_hook
                0x000000008000eca4       0x9c C:/devkitPro/libogc/lib/wii\libogc.a(newlibc.o)
                0x000000008000eca4                __libc_start_hook
 .text.__libc_delete_hook
                0x000000008000ed40       0xfc C:/devkitPro/libogc/lib/wii\libogc.a(newlibc.o)
                0x000000008000ed40                __libc_delete_hook
 .text.__libc_init
                0x000000008000ee3c       0xb0 C:/devkitPro/libogc/lib/wii\libogc.a(newlibc.o)
                0x000000008000ee3c                __libc_init
 .text.__usbgecko_exi_unlock
                0x000000008000eeec       0x30 C:/devkitPro/libogc/lib/wii\libogc.a(usbgecko.o)
 .text.__usb_sendbyte
                0x000000008000ef1c       0xc8 C:/devkitPro/libogc/lib/wii\libogc.a(usbgecko.o)
 .text.__usb_checksend
                0x000000008000efe4       0xc0 C:/devkitPro/libogc/lib/wii\libogc.a(usbgecko.o)
                0x000000008000efe4                __usb_checksend
 .text.usb_isgeckoalive
                0x000000008000f0a4      0x1b8 C:/devkitPro/libogc/lib/wii\libogc.a(usbgecko.o)
                0x000000008000f0a4                usb_isgeckoalive
 .text.usb_sendbuffer_ex
                0x000000008000f25c      0x190 C:/devkitPro/libogc/lib/wii\libogc.a(usbgecko.o)
                0x000000008000f25c                usb_sendbuffer_ex
 .text.usb_sendbuffer
                0x000000008000f3ec        0x8 C:/devkitPro/libogc/lib/wii\libogc.a(usbgecko.o)
                0x000000008000f3ec                usb_sendbuffer
 .text.usb_sendbuffer_safe_ex
                0x000000008000f3f4      0x1a0 C:/devkitPro/libogc/lib/wii\libogc.a(usbgecko.o)
                0x000000008000f3f4                usb_sendbuffer_safe_ex
 .text.usb_sendbuffer_safe
                0x000000008000f594        0x8 C:/devkitPro/libogc/lib/wii\libogc.a(usbgecko.o)
                0x000000008000f594                usb_sendbuffer_safe
 .text.__libogc_sbrk_r
                0x000000008000f59c      0x29c C:/devkitPro/libogc/lib/wii\libogc.a(sbrk.o)
                0x000000008000f59c                __libogc_sbrk_r
 .text.__memlock_init
                0x000000008000f838       0x7c C:/devkitPro/libogc/lib/wii\libogc.a(malloc_lock.o)
                0x000000008000f838                __memlock_init
 .text.__libogc_malloc_lock
                0x000000008000f8b4      0x1f8 C:/devkitPro/libogc/lib/wii\libogc.a(malloc_lock.o)
                0x000000008000f8b4                __libogc_malloc_lock
 .text.__libogc_malloc_unlock
                0x000000008000faac       0x64 C:/devkitPro/libogc/lib/wii\libogc.a(malloc_lock.o)
                0x000000008000faac                __libogc_malloc_unlock
 .text.__STM_SetEventHook
                0x000000008000fb10       0xb0 C:/devkitPro/libogc/lib/wii\libogc.a(stm.o)
                0x000000008000fb10                __STM_SetEventHook
 .text.__STM_Init
                0x000000008000fbc0       0x94 C:/devkitPro/libogc/lib/wii\libogc.a(stm.o)
                0x000000008000fbc0                __STM_Init
 .text.__STMEventHandler
                0x000000008000fc54       0x60 C:/devkitPro/libogc/lib/wii\libogc.a(stm.o)
 .text.__STM_ReleaseEventHook
                0x000000008000fcb4       0x80 C:/devkitPro/libogc/lib/wii\libogc.a(stm.o)
                0x000000008000fcb4                __STM_ReleaseEventHook
 .text.__STM_Close
                0x000000008000fd34       0xac C:/devkitPro/libogc/lib/wii\libogc.a(stm.o)
                0x000000008000fd34                __STM_Close
 .text.STM_RegisterEventHandler
                0x000000008000fde0       0x10 C:/devkitPro/libogc/lib/wii\libogc.a(stm.o)
                0x000000008000fde0                STM_RegisterEventHandler
 .text.STM_ShutdownToStandby
                0x000000008000fdf0       0x50 C:/devkitPro/libogc/lib/wii\libogc.a(stm.o)
                0x000000008000fdf0                STM_ShutdownToStandby
 .text.STM_ShutdownToIdle
                0x000000008000fe40       0x70 C:/devkitPro/libogc/lib/wii\libogc.a(stm.o)
                0x000000008000fe40                STM_ShutdownToIdle
 .text.STM_SetLedMode
                0x000000008000feb0       0x40 C:/devkitPro/libogc/lib/wii\libogc.a(stm.o)
                0x000000008000feb0                STM_SetLedMode
 .text.STM_RebootSystem
                0x000000008000fef0       0x50 C:/devkitPro/libogc/lib/wii\libogc.a(stm.o)
                0x000000008000fef0                STM_RebootSystem
 .text.__IOS_InitializeSubsystems
                0x000000008000ff40       0x48 C:/devkitPro/libogc/lib/wii\libogc.a(ios.o)
                0x000000008000ff40                __IOS_InitializeSubsystems
 .text.__IOS_ShutdownSubsystems
                0x000000008000ff88       0x48 C:/devkitPro/libogc/lib/wii\libogc.a(ios.o)
                0x000000008000ff88                __IOS_ShutdownSubsystems
 .text.__IOS_LoadStartupIOS
                0x000000008000ffd0        0x8 C:/devkitPro/libogc/lib/wii\libogc.a(ios.o)
                0x000000008000ffd0                __IOS_LoadStartupIOS
 .text._ES_fillstat
                0x000000008000ffd8       0xe8 C:/devkitPro/libogc/lib/wii\libogc.a(es.o)
 .text._ES_fstat_r
                0x00000000800100c0       0x8c C:/devkitPro/libogc/lib/wii\libogc.a(es.o)
 .text.__ES_Close.part.0
                0x000000008001014c       0x44 C:/devkitPro/libogc/lib/wii\libogc.a(es.o)
 .text.__ES_Init
                0x0000000080010190       0x78 C:/devkitPro/libogc/lib/wii\libogc.a(es.o)
                0x0000000080010190                __ES_Init
 .text.__ES_Close
                0x0000000080010208       0x18 C:/devkitPro/libogc/lib/wii\libogc.a(es.o)
                0x0000000080010208                __ES_Close
 .text.ES_GetTitleID
                0x0000000080010220       0x80 C:/devkitPro/libogc/lib/wii\libogc.a(es.o)
                0x0000000080010220                ES_GetTitleID
 .text.ES_LaunchTitle
                0x00000000800102a0       0xb4 C:/devkitPro/libogc/lib/wii\libogc.a(es.o)
                0x00000000800102a0                ES_LaunchTitle
 .text.ES_GetNumTicketViews
                0x0000000080010354       0x84 C:/devkitPro/libogc/lib/wii\libogc.a(es.o)
                0x0000000080010354                ES_GetNumTicketViews
 .text.ES_GetTicketViews
                0x00000000800103d8       0x8c C:/devkitPro/libogc/lib/wii\libogc.a(es.o)
                0x00000000800103d8                ES_GetTicketViews
 .text.ES_GetStoredTMDSize
                0x0000000080010464       0x84 C:/devkitPro/libogc/lib/wii\libogc.a(es.o)
                0x0000000080010464                ES_GetStoredTMDSize
 .text.ES_GetStoredTMD
                0x00000000800104e8       0x90 C:/devkitPro/libogc/lib/wii\libogc.a(es.o)
                0x00000000800104e8                ES_GetStoredTMD
 .text._ES_decodepath
                0x0000000080010578      0x394 C:/devkitPro/libogc/lib/wii\libogc.a(es.o)
 .text._ES_stat_r
                0x000000008001090c       0x5c C:/devkitPro/libogc/lib/wii\libogc.a(es.o)
 .text.ES_OpenContent
                0x0000000080010968       0x30 C:/devkitPro/libogc/lib/wii\libogc.a(es.o)
                0x0000000080010968                ES_OpenContent
 .text.ES_OpenTitleContent
                0x0000000080010998       0x70 C:/devkitPro/libogc/lib/wii\libogc.a(es.o)
                0x0000000080010998                ES_OpenTitleContent
 .text._ES_open_r
                0x0000000080010a08      0x13c C:/devkitPro/libogc/lib/wii\libogc.a(es.o)
 .text.ES_ReadContent
                0x0000000080010b44       0x6c C:/devkitPro/libogc/lib/wii\libogc.a(es.o)
                0x0000000080010b44                ES_ReadContent
 .text._ES_read_r
                0x0000000080010bb0      0x1c8 C:/devkitPro/libogc/lib/wii\libogc.a(es.o)
 .text.ES_SeekContent
                0x0000000080010d78       0x4c C:/devkitPro/libogc/lib/wii\libogc.a(es.o)
                0x0000000080010d78                ES_SeekContent
 .text._ES_seek_r
                0x0000000080010dc4       0xb8 C:/devkitPro/libogc/lib/wii\libogc.a(es.o)
 .text.ES_CloseContent
                0x0000000080010e7c       0x40 C:/devkitPro/libogc/lib/wii\libogc.a(es.o)
                0x0000000080010e7c                ES_CloseContent
 .text._ES_close_r
                0x0000000080010ebc       0x8c C:/devkitPro/libogc/lib/wii\libogc.a(es.o)
 .text.__CheckARGV
                0x0000000080010f48       0x80 C:/devkitPro/libogc/lib/wii\libogc.a(argv.o)
                0x0000000080010f48                __CheckARGV
 .text.CONF_Init
                0x0000000080010fc8      0x150 C:/devkitPro/libogc/lib/wii\libogc.a(conf.o)
                0x0000000080010fc8                CONF_Init
 .text.__CONF_GetTxt
                0x0000000080011118      0x1a0 C:/devkitPro/libogc/lib/wii\libogc.a(conf.o)
                0x0000000080011118                __CONF_GetTxt
 .text.__CONF_Find
                0x00000000800112b8       0xfc C:/devkitPro/libogc/lib/wii\libogc.a(conf.o)
                0x00000000800112b8                __CONF_Find
 .text.CONF_GetLength
                0x00000000800113b4      0x12c C:/devkitPro/libogc/lib/wii\libogc.a(conf.o)
                0x00000000800113b4                CONF_GetLength
 .text.CONF_Get
                0x00000000800114e0      0x134 C:/devkitPro/libogc/lib/wii\libogc.a(conf.o)
                0x00000000800114e0                CONF_Get
 .text.CONF_GetShutdownMode
                0x0000000080011614       0x54 C:/devkitPro/libogc/lib/wii\libogc.a(conf.o)
                0x0000000080011614                CONF_GetShutdownMode
 .text.CONF_GetIdleLedMode
                0x0000000080011668       0x54 C:/devkitPro/libogc/lib/wii\libogc.a(conf.o)
                0x0000000080011668                CONF_GetIdleLedMode
 .text.CONF_GetProgressiveScan
                0x00000000800116bc       0x54 C:/devkitPro/libogc/lib/wii\libogc.a(conf.o)
                0x00000000800116bc                CONF_GetProgressiveScan
 .text.CONF_GetEuRGB60
                0x0000000080011710       0x54 C:/devkitPro/libogc/lib/wii\libogc.a(conf.o)
                0x0000000080011710                CONF_GetEuRGB60
 .text.CONF_GetCounterBias
                0x0000000080011764       0x4c C:/devkitPro/libogc/lib/wii\libogc.a(conf.o)
                0x0000000080011764                CONF_GetCounterBias
 .text.CONF_GetDisplayOffsetH
                0x00000000800117b0       0x4c C:/devkitPro/libogc/lib/wii\libogc.a(conf.o)
                0x00000000800117b0                CONF_GetDisplayOffsetH
 .text.CONF_GetVideo
                0x00000000800117fc       0x98 C:/devkitPro/libogc/lib/wii\libogc.a(conf.o)
                0x00000000800117fc                CONF_GetVideo
 .text.__WII_WriteNANDBootInfo
                0x0000000080011894       0x9c C:/devkitPro/libogc/lib/wii\libogc.a(wiilaunch.o)
 .text.__WII_WriteStateFlags
                0x0000000080011930       0xb4 C:/devkitPro/libogc/lib/wii\libogc.a(wiilaunch.o)
 .text.WII_Initialize
                0x00000000800119e4      0x178 C:/devkitPro/libogc/lib/wii\libogc.a(wiilaunch.o)
                0x00000000800119e4                WII_Initialize
 .text.WII_LaunchTitle
                0x0000000080011b5c      0x184 C:/devkitPro/libogc/lib/wii\libogc.a(wiilaunch.o)
                0x0000000080011b5c                WII_LaunchTitle
 .text.WII_ReturnToMenu
                0x0000000080011ce0       0x58 C:/devkitPro/libogc/lib/wii\libogc.a(wiilaunch.o)
                0x0000000080011ce0                WII_ReturnToMenu
 .text.__lwp_priority_init
                0x0000000080011d38       0x24 C:/devkitPro/libogc/lib/wii\libogc.a(lwp_priority.o)
                0x0000000080011d38                __lwp_priority_init
 .text.__lwp_threadqueue_enqueuefifo
                0x0000000080011d5c      0x144 C:/devkitPro/libogc/lib/wii\libogc.a(lwp_threadq.o)
                0x0000000080011d5c                __lwp_threadqueue_enqueuefifo
 .text.__lwp_threadqueue_dequeuefifo
                0x0000000080011ea0      0x14c C:/devkitPro/libogc/lib/wii\libogc.a(lwp_threadq.o)
                0x0000000080011ea0                __lwp_threadqueue_dequeuefifo
 .text.__lwp_threadqueue_enqueuepriority
                0x0000000080011fec      0x3e0 C:/devkitPro/libogc/lib/wii\libogc.a(lwp_threadq.o)
                0x0000000080011fec                __lwp_threadqueue_enqueuepriority
 .text.__lwp_threadqueue_dequeuepriority
                0x00000000800123cc      0x1d8 C:/devkitPro/libogc/lib/wii\libogc.a(lwp_threadq.o)
                0x00000000800123cc                __lwp_threadqueue_dequeuepriority
 .text.__lwp_threadqueue_init
                0x00000000800125a4       0x64 C:/devkitPro/libogc/lib/wii\libogc.a(lwp_threadq.o)
                0x00000000800125a4                __lwp_threadqueue_init
 .text.__lwp_threadqueue_enqueue
                0x0000000080012608      0x138 C:/devkitPro/libogc/lib/wii\libogc.a(lwp_threadq.o)
                0x0000000080012608                __lwp_threadqueue_enqueue
 .text.__lwp_threadqueue_dequeue
                0x0000000080012740       0x24 C:/devkitPro/libogc/lib/wii\libogc.a(lwp_threadq.o)
                0x0000000080012740                __lwp_threadqueue_dequeue
 .text.__lwp_threadqueue_flush
                0x0000000080012764       0x4c C:/devkitPro/libogc/lib/wii\libogc.a(lwp_threadq.o)
                0x0000000080012764                __lwp_threadqueue_flush
 .text.__lwp_threadqueue_extractfifo
                0x00000000800127b0       0xe8 C:/devkitPro/libogc/lib/wii\libogc.a(lwp_threadq.o)
                0x00000000800127b0                __lwp_threadqueue_extractfifo
 .text.__lwp_threadqueue_extractpriority
                0x0000000080012898      0x140 C:/devkitPro/libogc/lib/wii\libogc.a(lwp_threadq.o)
                0x0000000080012898                __lwp_threadqueue_extractpriority
 .text.__lwp_threadqueue_extract
                0x00000000800129d8       0x1c C:/devkitPro/libogc/lib/wii\libogc.a(lwp_threadq.o)
                0x00000000800129d8                __lwp_threadqueue_extract
 .text.__lwp_threadqueue_timeout
                0x00000000800129f4       0x88 C:/devkitPro/libogc/lib/wii\libogc.a(lwp_threadq.o)
 .text.__lwp_threadqueue_extractproxy
                0x0000000080012a7c       0x44 C:/devkitPro/libogc/lib/wii\libogc.a(lwp_threadq.o)
                0x0000000080012a7c                __lwp_threadqueue_extractproxy
 .text.__lwp_isr_in_progress
                0x0000000080012ac0        0x8 C:/devkitPro/libogc/lib/wii\libogc.a(lwp_threads.o)
                0x0000000080012ac0                __lwp_isr_in_progress
 .text.__thread_dispatch_fp
                0x0000000080012ac8       0x88 C:/devkitPro/libogc/lib/wii\libogc.a(lwp_threads.o)
                0x0000000080012ac8                __thread_dispatch_fp
 .text.__thread_dispatch
                0x0000000080012b50      0x110 C:/devkitPro/libogc/lib/wii\libogc.a(lwp_threads.o)
                0x0000000080012b50                __thread_dispatch
 .text.__lwp_thread_resettimeslice
                0x0000000080012c60       0xec C:/devkitPro/libogc/lib/wii\libogc.a(lwp_threads.o)
                0x0000000080012c60                __lwp_thread_resettimeslice
 .text.__lwp_thread_tickle_timeslice
                0x0000000080012d4c       0xcc C:/devkitPro/libogc/lib/wii\libogc.a(lwp_threads.o)
                0x0000000080012d4c                __lwp_thread_tickle_timeslice
 .text.__lwp_thread_setstate
                0x0000000080012e18      0x178 C:/devkitPro/libogc/lib/wii\libogc.a(lwp_threads.o)
                0x0000000080012e18                __lwp_thread_setstate
 .text.__lwp_thread_clearstate
                0x0000000080012f90       0xe4 C:/devkitPro/libogc/lib/wii\libogc.a(lwp_threads.o)
                0x0000000080012f90                __lwp_thread_clearstate
 .text.__lwp_thread_delayended
                0x0000000080013074       0x48 C:/devkitPro/libogc/lib/wii\libogc.a(lwp_threads.o)
                0x0000000080013074                __lwp_thread_delayended
 .text.__lwp_thread_settransient
                0x00000000800130bc       0xb4 C:/devkitPro/libogc/lib/wii\libogc.a(lwp_threads.o)
                0x00000000800130bc                __lwp_thread_settransient
 .text.__lwp_thread_changepriority
                0x0000000080013170      0x1f8 C:/devkitPro/libogc/lib/wii\libogc.a(lwp_threads.o)
                0x0000000080013170                __lwp_thread_changepriority
 .text.__lwp_thread_ready
                0x0000000080013368       0xf4 C:/devkitPro/libogc/lib/wii\libogc.a(lwp_threads.o)
                0x0000000080013368                __lwp_thread_ready
 .text.__lwp_thread_init
                0x000000008001345c      0x180 C:/devkitPro/libogc/lib/wii\libogc.a(lwp_threads.o)
                0x000000008001345c                __lwp_thread_init
 .text.__lwp_thread_close
                0x00000000800135dc      0x130 C:/devkitPro/libogc/lib/wii\libogc.a(lwp_threads.o)
                0x00000000800135dc                __lwp_thread_close
 .text.__lwp_thread_closeall
                0x000000008001370c       0xb8 C:/devkitPro/libogc/lib/wii\libogc.a(lwp_threads.o)
                0x000000008001370c                __lwp_thread_closeall
 .text.__lwp_thread_exit
                0x00000000800137c4       0x5c C:/devkitPro/libogc/lib/wii\libogc.a(lwp_threads.o)
                0x00000000800137c4                __lwp_thread_exit
 .text.__lwp_thread_handler
                0x0000000080013820       0xb4 C:/devkitPro/libogc/lib/wii\libogc.a(lwp_threads.o)
 .text.__lwp_thread_start
                0x00000000800138d4       0xd4 C:/devkitPro/libogc/lib/wii\libogc.a(lwp_threads.o)
                0x00000000800138d4                __lwp_thread_start
 .text.__lwp_thread_startmultitasking
                0x00000000800139a8       0xb0 C:/devkitPro/libogc/lib/wii\libogc.a(lwp_threads.o)
                0x00000000800139a8                __lwp_thread_startmultitasking
 .text.__lwp_thread_stopmultitasking
                0x0000000080013a58       0x58 C:/devkitPro/libogc/lib/wii\libogc.a(lwp_threads.o)
                0x0000000080013a58                __lwp_thread_stopmultitasking
 .text.__lwp_thread_coreinit
                0x0000000080013ab0       0xb0 C:/devkitPro/libogc/lib/wii\libogc.a(lwp_threads.o)
                0x0000000080013ab0                __lwp_thread_coreinit
 .text.idle_func
                0x0000000080013b60        0x4 C:/devkitPro/libogc/lib/wii\libogc.a(lwp.o)
 .text.__lwp_sysinit
                0x0000000080013b64      0x118 C:/devkitPro/libogc/lib/wii\libogc.a(lwp.o)
                0x0000000080013b64                __lwp_sysinit
 .text.LWP_InitQueue
                0x0000000080013c7c      0x150 C:/devkitPro/libogc/lib/wii\libogc.a(lwp.o)
                0x0000000080013c7c                LWP_InitQueue
 .text.LWP_CloseQueue
                0x0000000080013dcc       0xd4 C:/devkitPro/libogc/lib/wii\libogc.a(lwp.o)
                0x0000000080013dcc                LWP_CloseQueue
 .text.LWP_ThreadSleep
                0x0000000080013ea0      0x110 C:/devkitPro/libogc/lib/wii\libogc.a(lwp.o)
                0x0000000080013ea0                LWP_ThreadSleep
 .text.LWP_ThreadBroadcast
                0x0000000080013fb0       0x88 C:/devkitPro/libogc/lib/wii\libogc.a(lwp.o)
                0x0000000080013fb0                LWP_ThreadBroadcast
 .text.LWP_ThreadSignal
                0x0000000080014038       0x74 C:/devkitPro/libogc/lib/wii\libogc.a(lwp.o)
                0x0000000080014038                LWP_ThreadSignal
 .text.__lwp_stack_allocate
                0x00000000800140ac       0x60 C:/devkitPro/libogc/lib/wii\libogc.a(lwp_stack.o)
                0x00000000800140ac                __lwp_stack_allocate
 .text.__lwp_stack_free
                0x000000008001410c       0x1c C:/devkitPro/libogc/lib/wii\libogc.a(lwp_stack.o)
                0x000000008001410c                __lwp_stack_free
 .text.__lwp_mutex_initialize
                0x0000000080014128       0xa4 C:/devkitPro/libogc/lib/wii\libogc.a(lwp_mutex.o)
                0x0000000080014128                __lwp_mutex_initialize
 .text.__lwp_mutex_surrender
                0x00000000800141cc      0x174 C:/devkitPro/libogc/lib/wii\libogc.a(lwp_mutex.o)
                0x00000000800141cc                __lwp_mutex_surrender
 .text.__lwp_mutex_seize_irq_blocking
                0x0000000080014340      0x104 C:/devkitPro/libogc/lib/wii\libogc.a(lwp_mutex.o)
                0x0000000080014340                __lwp_mutex_seize_irq_blocking
 .text.__lwp_mutex_flush
                0x0000000080014444        0x4 C:/devkitPro/libogc/lib/wii\libogc.a(lwp_mutex.o)
                0x0000000080014444                __lwp_mutex_flush
 .text.__lwp_wd_settimer.isra.4
                0x0000000080014448       0xd8 C:/devkitPro/libogc/lib/wii\libogc.a(lwp_watchdog.o)
 .text.__lwp_watchdog_init
                0x0000000080014520       0x2c C:/devkitPro/libogc/lib/wii\libogc.a(lwp_watchdog.o)
                0x0000000080014520                __lwp_watchdog_init
 .text.__lwp_wd_insert
                0x000000008001454c      0x1e4 C:/devkitPro/libogc/lib/wii\libogc.a(lwp_watchdog.o)
                0x000000008001454c                __lwp_wd_insert
 .text.__lwp_wd_remove
                0x0000000080014730      0x144 C:/devkitPro/libogc/lib/wii\libogc.a(lwp_watchdog.o)
                0x0000000080014730                __lwp_wd_remove
 .text.__lwp_wd_tickle
                0x0000000080014874      0x120 C:/devkitPro/libogc/lib/wii\libogc.a(lwp_watchdog.o)
                0x0000000080014874                __lwp_wd_tickle
 .text.__lwp_wkspace_init
                0x0000000080014994       0xc4 C:/devkitPro/libogc/lib/wii\libogc.a(lwp_wkspace.o)
                0x0000000080014994                __lwp_wkspace_init
 .text.__lwp_objmgr_initinfo
                0x0000000080014a58      0x1a4 C:/devkitPro/libogc/lib/wii\libogc.a(lwp_objmgr.o)
                0x0000000080014a58                __lwp_objmgr_initinfo
 .text.__lwp_objmgr_getisrdisable
                0x0000000080014bfc       0x60 C:/devkitPro/libogc/lib/wii\libogc.a(lwp_objmgr.o)
                0x0000000080014bfc                __lwp_objmgr_getisrdisable
 .text.__lwp_objmgr_getnoprotection
                0x0000000080014c5c       0x24 C:/devkitPro/libogc/lib/wii\libogc.a(lwp_objmgr.o)
                0x0000000080014c5c                __lwp_objmgr_getnoprotection
 .text.__lwp_objmgr_get
                0x0000000080014c80       0x70 C:/devkitPro/libogc/lib/wii\libogc.a(lwp_objmgr.o)
                0x0000000080014c80                __lwp_objmgr_get
 .text.__lwp_objmgr_allocate
                0x0000000080014cf0       0x88 C:/devkitPro/libogc/lib/wii\libogc.a(lwp_objmgr.o)
                0x0000000080014cf0                __lwp_objmgr_allocate
 .text.__lwp_objmgr_free
                0x0000000080014d78       0x60 C:/devkitPro/libogc/lib/wii\libogc.a(lwp_objmgr.o)
                0x0000000080014d78                __lwp_objmgr_free
 .text.__lwp_heap_init
                0x0000000080014dd8       0xa4 C:/devkitPro/libogc/lib/wii\libogc.a(lwp_heap.o)
                0x0000000080014dd8                __lwp_heap_init
 .text.__lwp_heap_allocate
                0x0000000080014e7c      0x16c C:/devkitPro/libogc/lib/wii\libogc.a(lwp_heap.o)
                0x0000000080014e7c                __lwp_heap_allocate
 .text.__lwp_heap_free
                0x0000000080014fe8      0x188 C:/devkitPro/libogc/lib/wii\libogc.a(lwp_heap.o)
                0x0000000080014fe8                __lwp_heap_free
 .text.__exception_load
                0x0000000080015170       0xa4 C:/devkitPro/libogc/lib/wii\libogc.a(exception.o)
                0x0000000080015170                __exception_load
 .text.__systemcall_init
                0x0000000080015214       0x20 C:/devkitPro/libogc/lib/wii\libogc.a(exception.o)
                0x0000000080015214                __systemcall_init
 .text.__exception_init
                0x0000000080015234       0xd8 C:/devkitPro/libogc/lib/wii\libogc.a(exception.o)
                0x0000000080015234                __exception_init
 .text.__exception_close
                0x000000008001530c       0xac C:/devkitPro/libogc/lib/wii\libogc.a(exception.o)
                0x000000008001530c                __exception_close
 .text.__exception_closeall
                0x00000000800153b8       0x54 C:/devkitPro/libogc/lib/wii\libogc.a(exception.o)
                0x00000000800153b8                __exception_closeall
 .text.c_default_exceptionhandler
                0x000000008001540c      0x448 C:/devkitPro/libogc/lib/wii\libogc.a(exception.o)
                0x000000008001540c                c_default_exceptionhandler
 .text.__SetInterrupts
                0x0000000080015854      0x298 C:/devkitPro/libogc/lib/wii\libogc.a(irq.o)
 .text.c_irqdispatcher
                0x0000000080015aec      0x27c C:/devkitPro/libogc/lib/wii\libogc.a(irq.o)
                0x0000000080015aec                c_irqdispatcher
 .text.__UnmaskIrq
                0x0000000080015d68       0x84 C:/devkitPro/libogc/lib/wii\libogc.a(irq.o)
                0x0000000080015d68                __UnmaskIrq
 .text.__MaskIrq
                0x0000000080015dec       0x84 C:/devkitPro/libogc/lib/wii\libogc.a(irq.o)
                0x0000000080015dec                __MaskIrq
 .text.__irq_init
                0x0000000080015e70       0x9c C:/devkitPro/libogc/lib/wii\libogc.a(irq.o)
                0x0000000080015e70                __irq_init
 .text.IRQ_Request
                0x0000000080015f0c       0x50 C:/devkitPro/libogc/lib/wii\libogc.a(irq.o)
                0x0000000080015f0c                IRQ_Request
 .text.IRQ_GetHandler
                0x0000000080015f5c       0x44 C:/devkitPro/libogc/lib/wii\libogc.a(irq.o)
                0x0000000080015f5c                IRQ_GetHandler
 .text.__lwp_sema_init
                0x0000000080015fa0       0x14 C:/devkitPro/libogc/lib/wii\libogc.a(semaphore.o)
                0x0000000080015fa0                __lwp_sema_init
 .text.__exi_irq_handler
                0x0000000080015fb4       0x58 C:/devkitPro/libogc/lib/wii\libogc.a(exi.o)
 .text.__ext_irq_handler
                0x000000008001600c       0xc8 C:/devkitPro/libogc/lib/wii\libogc.a(exi.o)
 .text.__tc_irq_handler
                0x00000000800160d4      0x140 C:/devkitPro/libogc/lib/wii\libogc.a(exi.o)
 .text.__exi_probe
                0x0000000080016214      0x1fc C:/devkitPro/libogc/lib/wii\libogc.a(exi.o)
 .text.__exi_attach
                0x0000000080016410       0xf8 C:/devkitPro/libogc/lib/wii\libogc.a(exi.o)
 .text.EXI_Lock
                0x0000000080016508      0x218 C:/devkitPro/libogc/lib/wii\libogc.a(exi.o)
                0x0000000080016508                EXI_Lock
 .text.EXI_Unlock
                0x0000000080016720      0x228 C:/devkitPro/libogc/lib/wii\libogc.a(exi.o)
                0x0000000080016720                EXI_Unlock
 .text.EXI_Select
                0x0000000080016948      0x248 C:/devkitPro/libogc/lib/wii\libogc.a(exi.o)
                0x0000000080016948                EXI_Select
 .text.EXI_Deselect
                0x0000000080016b90      0x174 C:/devkitPro/libogc/lib/wii\libogc.a(exi.o)
                0x0000000080016b90                EXI_Deselect
 .text.EXI_Sync
                0x0000000080016d04       0xd8 C:/devkitPro/libogc/lib/wii\libogc.a(exi.o)
                0x0000000080016d04                EXI_Sync
 .text.EXI_Imm  0x0000000080016ddc      0x1c4 C:/devkitPro/libogc/lib/wii\libogc.a(exi.o)
                0x0000000080016ddc                EXI_Imm
 .text.EXI_ImmEx
                0x0000000080016fa0       0xd4 C:/devkitPro/libogc/lib/wii\libogc.a(exi.o)
                0x0000000080016fa0                EXI_ImmEx
 .text.EXI_Dma  0x0000000080017074      0x16c C:/devkitPro/libogc/lib/wii\libogc.a(exi.o)
                0x0000000080017074                EXI_Dma
 .text.EXI_Detach
                0x00000000800171e0       0xd8 C:/devkitPro/libogc/lib/wii\libogc.a(exi.o)
                0x00000000800171e0                EXI_Detach
 .text.EXI_GetID
                0x00000000800172b8      0x338 C:/devkitPro/libogc/lib/wii\libogc.a(exi.o)
                0x00000000800172b8                EXI_GetID
 .text.__unlocked_handler
                0x00000000800175f0       0x28 C:/devkitPro/libogc/lib/wii\libogc.a(exi.o)
 .text.EXI_ProbeReset
                0x0000000080017618       0x70 C:/devkitPro/libogc/lib/wii\libogc.a(exi.o)
                0x0000000080017618                EXI_ProbeReset
 .text.__exi_init
                0x0000000080017688      0x18c C:/devkitPro/libogc/lib/wii\libogc.a(exi.o)
                0x0000000080017688                __exi_init
 .text.__lwp_mutex_locksupp.constprop.8
                0x0000000080017814      0x294 C:/devkitPro/libogc/lib/wii\libogc.a(mutex.o)
 .text.__lwp_mutex_init
                0x0000000080017aa8       0x14 C:/devkitPro/libogc/lib/wii\libogc.a(mutex.o)
                0x0000000080017aa8                __lwp_mutex_init
 .text.LWP_MutexInit
                0x0000000080017abc       0xe4 C:/devkitPro/libogc/lib/wii\libogc.a(mutex.o)
                0x0000000080017abc                LWP_MutexInit
 .text.LWP_MutexDestroy
                0x0000000080017ba0       0xf0 C:/devkitPro/libogc/lib/wii\libogc.a(mutex.o)
                0x0000000080017ba0                LWP_MutexDestroy
 .text.LWP_MutexLock
                0x0000000080017c90        0x8 C:/devkitPro/libogc/lib/wii\libogc.a(mutex.o)
                0x0000000080017c90                LWP_MutexLock
 .text.LWP_MutexUnlock
                0x0000000080017c98       0x9c C:/devkitPro/libogc/lib/wii\libogc.a(mutex.o)
                0x0000000080017c98                LWP_MutexUnlock
 .text.__GX_InitRevBits
                0x0000000080017d34       0x9c C:/devkitPro/libogc/lib/wii\libogc.a(gx.o)
 .text.__GX_CleanGPFifo
                0x0000000080017dd0      0x19c C:/devkitPro/libogc/lib/wii\libogc.a(gx.o)
 .text.__SetSURegs
                0x0000000080017f6c       0x90 C:/devkitPro/libogc/lib/wii\libogc.a(gx.o)
 .text.__GX_WaitAbort
                0x0000000080017ffc       0xa0 C:/devkitPro/libogc/lib/wii\libogc.a(gx.o)
 .text.__GX_Abort
                0x000000008001809c      0x12c C:/devkitPro/libogc/lib/wii\libogc.a(gx.o)
 .text.__GX_SetDirtyState
                0x00000000800181c8      0x5fc C:/devkitPro/libogc/lib/wii\libogc.a(gx.o)
 .text.GX_Flush
                0x00000000800187c4       0x94 C:/devkitPro/libogc/lib/wii\libogc.a(gx.o)
                0x00000000800187c4                GX_Flush
 .text.GX_AbortFrame
                0x0000000080018858       0x54 C:/devkitPro/libogc/lib/wii\libogc.a(gx.o)
                0x0000000080018858                GX_AbortFrame
 .text.number   0x00000000800188ac      0x33c C:/devkitPro/libogc/lib/wii\libogc.a(kprintf.o)
 .text.kvsprintf
                0x0000000080018be8      0x760 C:/devkitPro/libogc/lib/wii\libogc.a(kprintf.o)
                0x0000000080018be8                kvsprintf
 .text.kprintf  0x0000000080019348       0xac C:/devkitPro/libogc/lib/wii\libogc.a(kprintf.o)
                0x0000000080019348                kprintf
 .text.net_wc24cleanup
                0x00000000800193f4       0x64 C:/devkitPro/libogc/lib/wii\libogc.a(network_wii.o)
                0x00000000800193f4                net_wc24cleanup
 .text.__lwp_queue_initialize
                0x0000000080019458       0x60 C:/devkitPro/libogc/lib/wii\libogc.a(lwp_queue.o)
                0x0000000080019458                __lwp_queue_initialize
 .text.__lwp_queue_get
                0x00000000800194b8       0x74 C:/devkitPro/libogc/lib/wii\libogc.a(lwp_queue.o)
                0x00000000800194b8                __lwp_queue_get
 .text.__lwp_queue_append
                0x000000008001952c       0x4c C:/devkitPro/libogc/lib/wii\libogc.a(lwp_queue.o)
                0x000000008001952c                __lwp_queue_append
 .text.__udivdi3
                0x0000000080019578      0x3bc c:/devkitpro/devkitppc/bin/../lib/gcc/powerpc-eabi/8.2.0\libgcc.a(_udivdi3.o)
                0x0000000080019578                __udivdi3
 .text.__umoddi3
                0x0000000080019934      0x370 c:/devkitpro/devkitppc/bin/../lib/gcc/powerpc-eabi/8.2.0\libgcc.a(_umoddi3.o)
                0x0000000080019934                __umoddi3
 .text.unlikely.abort
                0x0000000080019ca4       0x28 c:/devkitpro/devkitppc/bin/../lib/gcc/powerpc-eabi/8.2.0/../../../../powerpc-eabi/lib\libsysbase.a(abort.o)
                0x0000000080019ca4                abort
 .text.null_write
                0x0000000080019ccc        0x8 c:/devkitpro/devkitppc/bin/../lib/gcc/powerpc-eabi/8.2.0/../../../../powerpc-eabi/lib\libsysbase.a(iosupport.o)
 .text.FindDevice
                0x0000000080019cd4      0x130 c:/devkitpro/devkitppc/bin/../lib/gcc/powerpc-eabi/8.2.0/../../../../powerpc-eabi/lib\libsysbase.a(iosupport.o)
                0x0000000080019cd4                FindDevice
 .text.RemoveDevice
                0x0000000080019e04       0x44 c:/devkitpro/devkitppc/bin/../lib/gcc/powerpc-eabi/8.2.0/../../../../powerpc-eabi/lib\libsysbase.a(iosupport.o)
                0x0000000080019e04                RemoveDevice
 .text.AddDevice
                0x0000000080019e48      0x118 c:/devkitpro/devkitppc/bin/../lib/gcc/powerpc-eabi/8.2.0/../../../../powerpc-eabi/lib\libsysbase.a(iosupport.o)
                0x0000000080019e48                AddDevice
 .text._exit    0x0000000080019f60       0x2c c:/devkitpro/devkitppc/bin/../lib/gcc/powerpc-eabi/8.2.0/../../../../powerpc-eabi/lib\libsysbase.a(_exit.o)
                0x0000000080019f60                _exit
 .text.build_argv
                0x0000000080019f8c       0xa4 c:/devkitpro/devkitppc/bin/../lib/gcc/powerpc-eabi/8.2.0/../../../../powerpc-eabi/lib\libsysbase.a(build_argv.o)
                0x0000000080019f8c                build_argv
 .text.__libc_lock_init
                0x000000008001a030       0x20 c:/devkitpro/devkitppc/bin/../lib/gcc/powerpc-eabi/8.2.0/../../../../powerpc-eabi/lib\libsysbase.a(syscall_support.o)
                0x000000008001a030                __libc_lock_init
 .text.__libc_lock_close
                0x000000008001a050       0x20 c:/devkitpro/devkitppc/bin/../lib/gcc/powerpc-eabi/8.2.0/../../../../powerpc-eabi/lib\libsysbase.a(syscall_support.o)
                0x000000008001a050                __libc_lock_close
 .text.__libc_lock_release
                0x000000008001a070       0x20 c:/devkitpro/devkitppc/bin/../lib/gcc/powerpc-eabi/8.2.0/../../../../powerpc-eabi/lib\libsysbase.a(syscall_support.o)
                0x000000008001a070                __libc_lock_release
 .text.__libc_lock_acquire
                0x000000008001a090       0x20 c:/devkitpro/devkitppc/bin/../lib/gcc/powerpc-eabi/8.2.0/../../../../powerpc-eabi/lib\libsysbase.a(syscall_support.o)
                0x000000008001a090                __libc_lock_acquire
 .text.__malloc_lock
                0x000000008001a0b0       0x18 c:/devkitpro/devkitppc/bin/../lib/gcc/powerpc-eabi/8.2.0/../../../../powerpc-eabi/lib\libsysbase.a(syscall_support.o)
                0x000000008001a0b0                __malloc_lock
 .text.__malloc_unlock
                0x000000008001a0c8       0x18 c:/devkitpro/devkitppc/bin/../lib/gcc/powerpc-eabi/8.2.0/../../../../powerpc-eabi/lib\libsysbase.a(syscall_support.o)
                0x000000008001a0c8                __malloc_unlock
 .text.calloc   0x000000008001a0e0       0x14 c:/devkitpro/devkitppc/bin/../lib/gcc/powerpc-eabi/8.2.0/../../../../powerpc-eabi/lib\libc.a(lib_a-calloc.o)
                0x000000008001a0e0                calloc
 .text._calloc_r
                0x000000008001a0f4       0xc4 c:/devkitpro/devkitppc/bin/../lib/gcc/powerpc-eabi/8.2.0/../../../../powerpc-eabi/lib\libc.a(lib_a-callocr.o)
                0x000000008001a0f4                _calloc_r
 .text.exit     0x000000008001a1b8       0x40 c:/devkitpro/devkitppc/bin/../lib/gcc/powerpc-eabi/8.2.0/../../../../powerpc-eabi/lib\libc.a(lib_a-exit.o)
                0x000000008001a1b8                exit
 .text._malloc_trim_r
                0x000000008001a1f8      0x138 c:/devkitpro/devkitppc/bin/../lib/gcc/powerpc-eabi/8.2.0/../../../../powerpc-eabi/lib\libc.a(lib_a-freer.o)
                0x000000008001a1f8                _malloc_trim_r
 .text._free_r  0x000000008001a330      0x32c c:/devkitpro/devkitppc/bin/../lib/gcc/powerpc-eabi/8.2.0/../../../../powerpc-eabi/lib\libc.a(lib_a-freer.o)
                0x000000008001a330                _free_r
 .text.__locale_ctype_ptr_l
                0x000000008001a65c        0x8 c:/devkitpro/devkitppc/bin/../lib/gcc/powerpc-eabi/8.2.0/../../../../powerpc-eabi/lib\libc.a(lib_a-locale.o)
                0x000000008001a65c                __locale_ctype_ptr_l
 .text.__locale_ctype_ptr
                0x000000008001a664       0x2c c:/devkitpro/devkitppc/bin/../lib/gcc/powerpc-eabi/8.2.0/../../../../powerpc-eabi/lib\libc.a(lib_a-locale.o)
                0x000000008001a664                __locale_ctype_ptr
 .text.memalign
                0x000000008001a690       0x14 c:/devkitpro/devkitppc/bin/../lib/gcc/powerpc-eabi/8.2.0/../../../../powerpc-eabi/lib\libc.a(lib_a-malign.o)
                0x000000008001a690                memalign
 .text._memalign_r
                0x000000008001a6a4      0x1b4 c:/devkitpro/devkitppc/bin/../lib/gcc/powerpc-eabi/8.2.0/../../../../powerpc-eabi/lib\libc.a(lib_a-malignr.o)
                0x000000008001a6a4                _memalign_r
 .text.malloc   0x000000008001a858       0x10 c:/devkitpro/devkitppc/bin/../lib/gcc/powerpc-eabi/8.2.0/../../../../powerpc-eabi/lib\libc.a(lib_a-malloc.o)
                0x000000008001a858                malloc
 .text.free     0x000000008001a868       0x10 c:/devkitpro/devkitppc/bin/../lib/gcc/powerpc-eabi/8.2.0/../../../../powerpc-eabi/lib\libc.a(lib_a-malloc.o)
                0x000000008001a868                free
 .text._malloc_r
                0x000000008001a878      0x8ac c:/devkitpro/devkitppc/bin/../lib/gcc/powerpc-eabi/8.2.0/../../../../powerpc-eabi/lib\libc.a(lib_a-mallocr.o)
                0x000000008001a878                _malloc_r
 .text.__utf8_mbtowc
                0x000000008001b124      0x5dc c:/devkitpro/devkitppc/bin/../lib/gcc/powerpc-eabi/8.2.0/../../../../powerpc-eabi/lib\libc.a(lib_a-mbtowc_r.o)
                0x000000008001b124                __utf8_mbtowc
 .text.memcmp   0x000000008001b700       0x94 c:/devkitpro/devkitppc/bin/../lib/gcc/powerpc-eabi/8.2.0/../../../../powerpc-eabi/lib\libc.a(lib_a-memcmp.o)
                0x000000008001b700                memcmp
 .text.memcpy   0x000000008001b794      0x100 c:/devkitpro/devkitppc/bin/../lib/gcc/powerpc-eabi/8.2.0/../../../../powerpc-eabi/lib\libc.a(lib_a-memcpy.o)
                0x000000008001b794                memcpy
 .text.memmove  0x000000008001b894      0x138 c:/devkitpro/devkitppc/bin/../lib/gcc/powerpc-eabi/8.2.0/../../../../powerpc-eabi/lib\libc.a(lib_a-memmove.o)
                0x000000008001b894                memmove
 .text.memset   0x000000008001b9cc      0x104 c:/devkitpro/devkitppc/bin/../lib/gcc/powerpc-eabi/8.2.0/../../../../powerpc-eabi/lib\libc.a(lib_a-memset.o)
                0x000000008001b9cc                memset
 .text.cleanup_glue
                0x000000008001bad0       0x4c c:/devkitpro/devkitppc/bin/../lib/gcc/powerpc-eabi/8.2.0/../../../../powerpc-eabi/lib\libc.a(lib_a-reent.o)
                0x000000008001bad0                cleanup_glue
 .text._reclaim_reent
                0x000000008001bb1c      0x138 c:/devkitpro/devkitppc/bin/../lib/gcc/powerpc-eabi/8.2.0/../../../../powerpc-eabi/lib\libc.a(lib_a-reent.o)
                0x000000008001bb1c                _reclaim_reent
 .text.setvbuf  0x000000008001bc54      0x2f8 c:/devkitpro/devkitppc/bin/../lib/gcc/powerpc-eabi/8.2.0/../../../../powerpc-eabi/lib\libc.a(lib_a-setvbuf.o)
                0x000000008001bc54                setvbuf
 .text.strchr   0x000000008001bf4c      0x160 c:/devkitpro/devkitppc/bin/../lib/gcc/powerpc-eabi/8.2.0/../../../../powerpc-eabi/lib\libc.a(lib_a-strchr.o)
                0x000000008001bf4c                strchr
 .text.strcmp   0x000000008001c0ac       0xa8 c:/devkitpro/devkitppc/bin/../lib/gcc/powerpc-eabi/8.2.0/../../../../powerpc-eabi/lib\libc.a(lib_a-strcmp.o)
                0x000000008001c0ac                strcmp
 .text.strlen   0x000000008001c154       0x8c c:/devkitpro/devkitppc/bin/../lib/gcc/powerpc-eabi/8.2.0/../../../../powerpc-eabi/lib\libc.a(lib_a-strlen.o)
                0x000000008001c154                strlen
 .text.strncmp  0x000000008001c1e0      0x10c c:/devkitpro/devkitppc/bin/../lib/gcc/powerpc-eabi/8.2.0/../../../../powerpc-eabi/lib\libc.a(lib_a-strncmp.o)
                0x000000008001c1e0                strncmp
 .text.strnlen  0x000000008001c2ec       0x50 c:/devkitpro/devkitppc/bin/../lib/gcc/powerpc-eabi/8.2.0/../../../../powerpc-eabi/lib\libc.a(lib_a-strnlen.o)
                0x000000008001c2ec                strnlen
 .text._strtoull_l.isra.0
                0x000000008001c33c      0x338 c:/devkitpro/devkitppc/bin/../lib/gcc/powerpc-eabi/8.2.0/../../../../powerpc-eabi/lib\libc.a(lib_a-strtoull.o)
 .text._strtoull_r
                0x000000008001c674       0x24 c:/devkitpro/devkitppc/bin/../lib/gcc/powerpc-eabi/8.2.0/../../../../powerpc-eabi/lib\libc.a(lib_a-strtoull.o)
                0x000000008001c674                _strtoull_r
 .text._strtoul_l.isra.0
                0x000000008001c698      0x268 c:/devkitpro/devkitppc/bin/../lib/gcc/powerpc-eabi/8.2.0/../../../../powerpc-eabi/lib\libc.a(lib_a-strtoul.o)
 .text._strtoul_r
                0x000000008001c900       0x24 c:/devkitpro/devkitppc/bin/../lib/gcc/powerpc-eabi/8.2.0/../../../../powerpc-eabi/lib\libc.a(lib_a-strtoul.o)
                0x000000008001c900                _strtoul_r
 .text.write    0x000000008001c924       0x18 c:/devkitpro/devkitppc/bin/../lib/gcc/powerpc-eabi/8.2.0/../../../../powerpc-eabi/lib\libc.a(lib_a-syswrite.o)
                0x000000008001c924                write
 .text.__utf8_wctomb
                0x000000008001c93c      0x118 c:/devkitpro/devkitppc/bin/../lib/gcc/powerpc-eabi/8.2.0/../../../../powerpc-eabi/lib\libc.a(lib_a-wctomb_r.o)
                0x000000008001c93c                __utf8_wctomb
 .text.__call_exitprocs
                0x000000008001ca54      0x1fc c:/devkitpro/devkitppc/bin/../lib/gcc/powerpc-eabi/8.2.0/../../../../powerpc-eabi/lib\libc.a(lib_a-__call_atexit.o)
                0x000000008001ca54                __call_exitprocs
 .text.__sflush_r
                0x000000008001cc50      0x344 c:/devkitpro/devkitppc/bin/../lib/gcc/powerpc-eabi/8.2.0/../../../../powerpc-eabi/lib\libc.a(lib_a-fflush.o)
                0x000000008001cc50                __sflush_r
 .text._fflush_r
                0x000000008001cf94      0x108 c:/devkitpro/devkitppc/bin/../lib/gcc/powerpc-eabi/8.2.0/../../../../powerpc-eabi/lib\libc.a(lib_a-fflush.o)
                0x000000008001cf94                _fflush_r
 .text.std      0x000000008001d09c       0x9c c:/devkitpro/devkitppc/bin/../lib/gcc/powerpc-eabi/8.2.0/../../../../powerpc-eabi/lib\libc.a(lib_a-findfp.o)
 .text._cleanup_r
                0x000000008001d138        0xc c:/devkitpro/devkitppc/bin/../lib/gcc/powerpc-eabi/8.2.0/../../../../powerpc-eabi/lib\libc.a(lib_a-findfp.o)
                0x000000008001d138                _cleanup_r
 .text.__sfp_lock_acquire
                0x000000008001d144       0x58 c:/devkitpro/devkitppc/bin/../lib/gcc/powerpc-eabi/8.2.0/../../../../powerpc-eabi/lib\libc.a(lib_a-findfp.o)
                0x000000008001d144                __sfp_lock_acquire
 .text.__sfp_lock_release
                0x000000008001d19c        0xc c:/devkitpro/devkitppc/bin/../lib/gcc/powerpc-eabi/8.2.0/../../../../powerpc-eabi/lib\libc.a(lib_a-findfp.o)
                0x000000008001d19c                __sfp_lock_release
 .text.__sinit_lock_acquire
                0x000000008001d1a8       0x58 c:/devkitpro/devkitppc/bin/../lib/gcc/powerpc-eabi/8.2.0/../../../../powerpc-eabi/lib\libc.a(lib_a-findfp.o)
                0x000000008001d1a8                __sinit_lock_acquire
 .text.__sinit  0x000000008001d200       0x98 c:/devkitpro/devkitppc/bin/../lib/gcc/powerpc-eabi/8.2.0/../../../../powerpc-eabi/lib\libc.a(lib_a-findfp.o)
                0x000000008001d200                __sinit
 .text._fwalk_reent
                0x000000008001d298       0xd4 c:/devkitpro/devkitppc/bin/../lib/gcc/powerpc-eabi/8.2.0/../../../../powerpc-eabi/lib\libc.a(lib_a-fwalk.o)
                0x000000008001d298                _fwalk_reent
 .text.__swhatbuf_r
                0x000000008001d36c       0xdc c:/devkitpro/devkitppc/bin/../lib/gcc/powerpc-eabi/8.2.0/../../../../powerpc-eabi/lib\libc.a(lib_a-makebuf.o)
                0x000000008001d36c                __swhatbuf_r
 .text.__sread  0x000000008001d448       0x74 c:/devkitpro/devkitppc/bin/../lib/gcc/powerpc-eabi/8.2.0/../../../../powerpc-eabi/lib\libc.a(lib_a-stdio.o)
                0x000000008001d448                __sread
 .text.__swrite
                0x000000008001d4bc       0xb8 c:/devkitpro/devkitppc/bin/../lib/gcc/powerpc-eabi/8.2.0/../../../../powerpc-eabi/lib\libc.a(lib_a-stdio.o)
                0x000000008001d4bc                __swrite
 .text.__sseek  0x000000008001d574       0x70 c:/devkitpro/devkitppc/bin/../lib/gcc/powerpc-eabi/8.2.0/../../../../powerpc-eabi/lib\libc.a(lib_a-stdio.o)
                0x000000008001d574                __sseek
 .text.__sclose
                0x000000008001d5e4        0x8 c:/devkitpro/devkitppc/bin/../lib/gcc/powerpc-eabi/8.2.0/../../../../powerpc-eabi/lib\libc.a(lib_a-stdio.o)
                0x000000008001d5e4                __sclose
 .text._fclose_r
                0x000000008001d5ec      0x1fc c:/devkitpro/devkitppc/bin/../lib/gcc/powerpc-eabi/8.2.0/../../../../powerpc-eabi/lib\libc.a(lib_a-fclose.o)
                0x000000008001d5ec                _fclose_r
 .text._close_r
                0x000000008001d7e8       0xec c:/devkitpro/devkitppc/bin/../lib/gcc/powerpc-eabi/8.2.0/../../../../powerpc-eabi/lib\libsysbase.a(close.o)
                0x000000008001d7e8                _close_r
 .text._fstat_r
                0x000000008001d8d4       0xb0 c:/devkitpro/devkitppc/bin/../lib/gcc/powerpc-eabi/8.2.0/../../../../powerpc-eabi/lib\libsysbase.a(fstat.o)
                0x000000008001d8d4                _fstat_r
 .text._lseek_r
                0x000000008001d984       0xe0 c:/devkitpro/devkitppc/bin/../lib/gcc/powerpc-eabi/8.2.0/../../../../powerpc-eabi/lib\libsysbase.a(lseek.o)
                0x000000008001d984                _lseek_r
 .text._read_r  0x000000008001da64       0xc4 c:/devkitpro/devkitppc/bin/../lib/gcc/powerpc-eabi/8.2.0/../../../../powerpc-eabi/lib\libsysbase.a(read.o)
                0x000000008001da64                _read_r
 .text._sbrk_r  0x000000008001db28       0x2c c:/devkitpro/devkitppc/bin/../lib/gcc/powerpc-eabi/8.2.0/../../../../powerpc-eabi/lib\libsysbase.a(sbrk.o)
                0x000000008001db28                _sbrk_r
 .text._write_r
                0x000000008001db54       0xc4 c:/devkitpro/devkitppc/bin/../lib/gcc/powerpc-eabi/8.2.0/../../../../powerpc-eabi/lib\libsysbase.a(write.o)
                0x000000008001db54                _write_r
 .text.__flockfile
                0x000000008001dc18       0x54 c:/devkitpro/devkitppc/bin/../lib/gcc/powerpc-eabi/8.2.0/../../../../powerpc-eabi/lib\libsysbase.a(flock.o)
                0x000000008001dc18                __flockfile
 .text.__funlockfile
                0x000000008001dc6c        0x8 c:/devkitpro/devkitppc/bin/../lib/gcc/powerpc-eabi/8.2.0/../../../../powerpc-eabi/lib\libsysbase.a(flock.o)
                0x000000008001dc6c                __funlockfile
 .text.__release_handle
                0x000000008001dc74       0xe4 c:/devkitpro/devkitppc/bin/../lib/gcc/powerpc-eabi/8.2.0/../../../../powerpc-eabi/lib\libsysbase.a(handle_manager.o)
                0x000000008001dc74                __release_handle
 .text.__get_handle
                0x000000008001dd58       0x24 c:/devkitpro/devkitppc/bin/../lib/gcc/powerpc-eabi/8.2.0/../../../../powerpc-eabi/lib\libsysbase.a(handle_manager.o)
                0x000000008001dd58                __get_handle
 .text.__do_global_ctors_aux
                0x000000008001dd7c       0x50 c:/devkitpro/devkitppc/bin/../lib/gcc/powerpc-eabi/8.2.0/crtend.o
 *(.gnu.warning)
 *(.gnu.linkonce.t.*)
                0x000000008001dde0                . = ALIGN (0x20)
 *fill*         0x000000008001ddcc       0x14 00000000

.glink          0x000000008001dde0        0x0
 .glink         0x000000008001dde0        0x0 C:/devkitPro/libogc/lib/wii\libogc.a(newlibc.o)

.fini           0x000000008001dde0       0x20
 *(.fini)
 .fini          0x000000008001dde0        0xc c:/devkitpro/devkitppc/bin/../lib/gcc/powerpc-eabi/8.2.0/ecrti.o
                0x000000008001dde0                __fini
 .fini          0x000000008001ddec        0x4 c:/devkitpro/devkitppc/bin/../lib/gcc/powerpc-eabi/8.2.0/crtbegin.o
 .fini          0x000000008001ddf0       0x10 c:/devkitpro/devkitppc/bin/../lib/gcc/powerpc-eabi/8.2.0/ecrtn.o
                0x000000008001de00                . = ALIGN (0x20)
                [!provide]                        PROVIDE (__etext = .)
                [!provide]                        PROVIDE (_etext = .)
                [!provide]                        PROVIDE (etext = .)

.rodata         0x000000008001de00      0xf25
 *(.rodata)
 .rodata        0x000000008001de00       0x21 C:/devkitPro/libogc/lib/wii\libogc.a(video.o)
 *(.rodata.*)
 *fill*         0x000000008001de21        0x3 
 .rodata.__console_write
                0x000000008001de24       0xec C:/devkitPro/libogc/lib/wii\libogc.a(console.o)
 .rodata.color_table
                0x000000008001df10       0x40 C:/devkitPro/libogc/lib/wii\libogc.a(console.o)
 .rodata.dotab_stdout
                0x000000008001df50       0x70 C:/devkitPro/libogc/lib/wii\libogc.a(console.o)
                0x000000008001df50                dotab_stdout
 .rodata.str1.4
                0x000000008001dfc0        0x7 C:/devkitPro/libogc/lib/wii\libogc.a(console.o)
 *fill*         0x000000008001dfc7        0x1 
 .rodata.CSWTCH.164
                0x000000008001dfc8       0x5c C:/devkitPro/libogc/lib/wii\libogc.a(video.o)
 .rodata.video_timing
                0x000000008001e024      0x110 C:/devkitPro/libogc/lib/wii\libogc.a(video.o)
 .rodata.SYS_ResetSystem
                0x000000008001e134       0x1c C:/devkitPro/libogc/lib/wii\libogc.a(system.o)
 .rodata._dsp_initcode
                0x000000008001e150       0x80 C:/devkitPro/libogc/lib/wii\libogc.a(system.o)
 .rodata.__ios_ioctlvformat_parse
                0x000000008001e1d0      0x128 C:/devkitPro/libogc/lib/wii\libogc.a(ipc.o)
 .rodata.ES_AddContentFinish.str1.4
                0x000000008001e2f8        0x3 C:/devkitPro/libogc/lib/wii\libogc.a(es.o)
 *fill*         0x000000008001e2fb        0x1 
 .rodata.ES_GetNumTicketViews.str1.4
                0x000000008001e2fc        0x4 C:/devkitPro/libogc/lib/wii\libogc.a(es.o)
 .rodata.ES_GetOwnedTitles.str1.4
                0x000000008001e300        0x4 C:/devkitPro/libogc/lib/wii\libogc.a(es.o)
 .rodata.ES_GetTicketViews.str1.4
                0x000000008001e304        0x5 C:/devkitPro/libogc/lib/wii\libogc.a(es.o)
 *fill*         0x000000008001e309        0x3 
 .rodata.ES_GetTitleID.str1.4
                0x000000008001e30c        0x3 C:/devkitPro/libogc/lib/wii\libogc.a(es.o)
 *fill*         0x000000008001e30f        0x1 
 .rodata.ES_OpenTitleContent.str1.4
                0x000000008001e310        0x5 C:/devkitPro/libogc/lib/wii\libogc.a(es.o)
 *fill*         0x000000008001e315        0x3 
 .rodata.ES_SeekContent.str1.4
                0x000000008001e318        0x5 C:/devkitPro/libogc/lib/wii\libogc.a(es.o)
 *fill*         0x000000008001e31d        0x3 
 .rodata._ES_decodepath.str1.4
                0x000000008001e320        0x3 C:/devkitPro/libogc/lib/wii\libogc.a(es.o)
 *fill*         0x000000008001e323        0x1 
 .rodata.__ES_Close.part.0.str1.4
                0x000000008001e324        0x4 C:/devkitPro/libogc/lib/wii\libogc.a(es.o)
 .rodata.dotab_es
                0x000000008001e328       0x70 C:/devkitPro/libogc/lib/wii\libogc.a(es.o)
 .rodata.str1.4
                0x000000008001e398        0x3 C:/devkitPro/libogc/lib/wii\libogc.a(es.o)
 *fill*         0x000000008001e39b        0x1 
 .rodata.CONF_GetLength
                0x000000008001e39c       0x20 C:/devkitPro/libogc/lib/wii\libogc.a(conf.o)
 .rodata.CONF_Get
                0x000000008001e3bc       0x20 C:/devkitPro/libogc/lib/wii\libogc.a(conf.o)
 .rodata.CONF_GetCounterBias.str1.4
                0x000000008001e3dc        0x7 C:/devkitPro/libogc/lib/wii\libogc.a(conf.o)
 *fill*         0x000000008001e3e3        0x1 
 .rodata.CONF_GetDisplayOffsetH.str1.4
                0x000000008001e3e4        0x7 C:/devkitPro/libogc/lib/wii\libogc.a(conf.o)
 *fill*         0x000000008001e3eb        0x1 
 .rodata.CONF_GetEuRGB60.str1.4
                0x000000008001e3ec        0x8 C:/devkitPro/libogc/lib/wii\libogc.a(conf.o)
 .rodata.CONF_GetProgressiveScan.str1.4
                0x000000008001e3f4        0x8 C:/devkitPro/libogc/lib/wii\libogc.a(conf.o)
 .rodata.CONF_GetShutdownMode.str1.4
                0x000000008001e3fc        0x8 C:/devkitPro/libogc/lib/wii\libogc.a(conf.o)
 .rodata.CONF_GetVideo.str1.4
                0x000000008001e404       0x19 C:/devkitPro/libogc/lib/wii\libogc.a(conf.o)
 *fill*         0x000000008001e41d        0x3 
 .rodata.__conf_file