Archive member included to satisfy reference by file (symbol)

C:/devkitPro/libogc/lib/wii\libogc.a(console.o)
                              main.o (CON_Init)
C:/devkitPro/libogc/lib/wii\libogc.a(video.o)
                              C:/devkitPro/libogc/lib/wii\libogc.a(console.o) (VIDEO_GetCurrentFramebuffer)
C:/devkitPro/libogc/lib/wii\libogc.a(pad.o)
                              main.o (PAD_Init)
C:/devkitPro/libogc/lib/wii\libogc.a(system.o)
                              C:/devkitPro/libogc/lib/wii\libogc.a(pad.o) (SYS_RegisterResetFunc)
C:/devkitPro/libogc/lib/wii\libogc.a(cond.o)
                              C:/devkitPro/libogc/lib/wii\libogc.a(system.o) (__lwp_cond_init)
C:/devkitPro/libogc/lib/wii\libogc.a(decrementer.o)
                              C:/devkitPro/libogc/lib/wii\libogc.a(system.o) (__decrementer_init)
C:/devkitPro/libogc/lib/wii\libogc.a(message.o)
                              C:/devkitPro/libogc/lib/wii\libogc.a(system.o) (__lwp_mqbox_init)
C:/devkitPro/libogc/lib/wii\libogc.a(si.o)
                              C:/devkitPro/libogc/lib/wii\libogc.a(pad.o) (SI_Busy)
C:/devkitPro/libogc/lib/wii\libogc.a(ipc.o)
                              C:/devkitPro/libogc/lib/wii\libogc.a(system.o) (__IPC_ClntInit)
C:/devkitPro/libogc/lib/wii\libogc.a(ogc_crt0.o)
                              (_start)
C:/devkitPro/libogc/lib/wii\libogc.a(console_font_8x16.o)
                              C:/devkitPro/libogc/lib/wii\libogc.a(console.o) (console_font_8x16)
C:/devkitPro/libogc/lib/wii\libogc.a(timesupp.o)
                              C:/devkitPro/libogc/lib/wii\libogc.a(system.o) (gettick)
C:/devkitPro/libogc/lib/wii\libogc.a(lock_supp.o)
                              C:/devkitPro/libogc/lib/wii\libogc.a(system.o) (__libogc_lock_init)
C:/devkitPro/libogc/lib/wii\libogc.a(newlibc.o)
                              C:/devkitPro/libogc/lib/wii\libogc.a(system.o) (__libc_init)
C:/devkitPro/libogc/lib/wii\libogc.a(usbgecko.o)
                              C:/devkitPro/libogc/lib/wii\libogc.a(console.o) (usb_isgeckoalive)
C:/devkitPro/libogc/lib/wii\libogc.a(sbrk.o)
                              C:/devkitPro/libogc/lib/wii\libogc.a(system.o) (__libogc_sbrk_r)
C:/devkitPro/libogc/lib/wii\libogc.a(malloc_lock.o)
                              C:/devkitPro/libogc/lib/wii\libogc.a(system.o) (__memlock_init)
C:/devkitPro/libogc/lib/wii\libogc.a(stm.o)
                              C:/devkitPro/libogc/lib/wii\libogc.a(system.o) (STM_RegisterEventHandler)
C:/devkitPro/libogc/lib/wii\libogc.a(ios.o)
                              C:/devkitPro/libogc/lib/wii\libogc.a(system.o) (__IOS_InitializeSubsystems)
C:/devkitPro/libogc/lib/wii\libogc.a(es.o)
                              C:/devkitPro/libogc/lib/wii\libogc.a(ios.o) (__ES_Init)
C:/devkitPro/libogc/lib/wii\libogc.a(argv.o)
                              C:/devkitPro/libogc/lib/wii\libogc.a(ogc_crt0.o) (__CheckARGV)
C:/devkitPro/libogc/lib/wii\libogc.a(conf.o)
                              C:/devkitPro/libogc/lib/wii\libogc.a(system.o) (CONF_Init)
C:/devkitPro/libogc/lib/wii\libogc.a(wiilaunch.o)
                              C:/devkitPro/libogc/lib/wii\libogc.a(system.o) (WII_Initialize)
C:/devkitPro/libogc/lib/wii\libogc.a(lwp_priority.o)
                              C:/devkitPro/libogc/lib/wii\libogc.a(system.o) (__lwp_priority_init)
C:/devkitPro/libogc/lib/wii\libogc.a(lwp_threadq.o)
                              C:/devkitPro/libogc/lib/wii\libogc.a(cond.o) (__lwp_threadqueue_init)
C:/devkitPro/libogc/lib/wii\libogc.a(lwp_threads.o)
                              C:/devkitPro/libogc/lib/wii\libogc.a(cond.o) (_thr_executing)
C:/devkitPro/libogc/lib/wii\libogc.a(lwp_messages.o)
                              C:/devkitPro/libogc/lib/wii\libogc.a(message.o) (__lwpmq_initialize)
C:/devkitPro/libogc/lib/wii\libogc.a(lwp.o)
                              C:/devkitPro/libogc/lib/wii\libogc.a(system.o) (__lwp_sysinit)
C:/devkitPro/libogc/lib/wii\libogc.a(lwp_handler.o)
                              C:/devkitPro/libogc/lib/wii\libogc.a(lwp_threads.o) (_cpu_context_save_fp)
C:/devkitPro/libogc/lib/wii\libogc.a(lwp_stack.o)
                              C:/devkitPro/libogc/lib/wii\libogc.a(lwp_threads.o) (__lwp_stack_allocate)
C:/devkitPro/libogc/lib/wii\libogc.a(lwp_mutex.o)
                              C:/devkitPro/libogc/lib/wii\libogc.a(malloc_lock.o) (__lwp_mutex_initialize)
C:/devkitPro/libogc/lib/wii\libogc.a(lwp_watchdog.o)
                              C:/devkitPro/libogc/lib/wii\libogc.a(system.o) (__lwp_watchdog_init)
C:/devkitPro/libogc/lib/wii\libogc.a(lwp_wkspace.o)
                              C:/devkitPro/libogc/lib/wii\libogc.a(ipc.o) (__wkspace_heap)
C:/devkitPro/libogc/lib/wii\libogc.a(lwp_objmgr.o)
                              C:/devkitPro/libogc/lib/wii\libogc.a(system.o) (__lwp_objmgr_initinfo)
C:/devkitPro/libogc/lib/wii\libogc.a(lwp_heap.o)
                              C:/devkitPro/libogc/lib/wii\libogc.a(ipc.o) (__lwp_heap_init)
[...]
Memory Configuration

Name             Origin             Length             Attributes
*default*        0x0000000000000000 0xffffffffffffffff

Linker script and memory map

                0x0000000000003400                . = 0x3400

.stub
 *(.stub)
                0x0000000080004000                . = 0x80004000

.init           0x0000000080004000      0x194
 *crt0.o(*.init)
 .init          0x0000000080004000      0x170 C:/devkitPro/libogc/lib/wii\libogc.a(ogc_crt0.o)
                0x0000000080004000                _start
                0x0000000080004140                _memset
 *(.init)
 .init          0x0000000080004170        0xc c:/devkitpro/devkitppc/bin/../lib/gcc/powerpc-eabi/8.2.0/ecrti.o
                0x0000000080004170                __init
 .init          0x000000008000417c        0x4 c:/devkitpro/devkitppc/bin/../lib/gcc/powerpc-eabi/8.2.0/crtbegin.o
 .init          0x0000000080004180        0x4 c:/devkitpro/devkitppc/bin/../lib/gcc/powerpc-eabi/8.2.0/crtend.o
 .init          0x0000000080004184       0x10 c:/devkitpro/devkitppc/bin/../lib/gcc/powerpc-eabi/8.2.0/ecrtn.o

.rela.dyn       0x0000000080004194        0x0
 .rela.iplt     0x0000000080004194        0x0 C:/devkitPro/libogc/lib/wii\libogc.a(newlibc.o)

.plt
 *(.plt)

.interp
 *(.interp)

.hash
 *(.hash)

.dynsym
 *(.dynsym)

.dynstr
 *(.dynstr)

.gnu.version
 *(.gnu.version)

.gnu.version_d
 *(.gnu.version_d)

.gnu.version_r
 *(.gnu.version_r)

.rel.init
 *(.rel.init)

.rela.init      0x0000000080004194        0x0
 *(.rela.init)
 .rela.init     0x0000000080004194        0x0 C:/devkitPro/libogc/lib/wii\libogc.a(newlibc.o)

.rel.text
 *(.rel.text .rel.text.* .rel.gnu.linkonce.t.*)

.rela.text      0x0000000080004194        0x0
 *(.rela.text .rela.text.* .rela.gnu.linkonce.t.*)
 .rela.text.deregister_tm_clones
                0x0000000080004194        0x0 C:/devkitPro/libogc/lib/wii\libogc.a(newlibc.o)
 .rela.text.register_tm_clones
                0x0000000080004194        0x0 C:/devkitPro/libogc/lib/wii\libogc.a(newlibc.o)
 .rela.text.__do_global_dtors_aux
                0x0000000080004194        0x0 C:/devkitPro/libogc/lib/wii\libogc.a(newlibc.o)
 .rela.text.frame_dummy
                0x0000000080004194        0x0 C:/devkitPro/libogc/lib/wii\libogc.a(newlibc.o)
 .rela.text.PictureInit
                0x0000000080004194        0x0 C:/devkitPro/libogc/lib/wii\libogc.a(newlibc.o)
 .rela.text.startup.main
                0x0000000080004194        0x0 C:/devkitPro/libogc/lib/wii\libogc.a(newlibc.o)
 .rela.text.__call_resetfuncs
                0x0000000080004194        0x0 C:/devkitPro/libogc/lib/wii\libogc.a(newlibc.o)
 .rela.text.__unlocksram
                0x0000000080004194        0x0 C:/devkitPro/libogc/lib/wii\libogc.a(newlibc.o)
 .rela.text.__sram_writecallback
                0x0000000080004194        0x0 C:/devkitPro/libogc/lib/wii\libogc.a(newlibc.o)
 .rela.text.__sys_alarmhandler
                0x0000000080004194        0x0 C:/devkitPro/libogc/lib/wii\libogc.a(newlibc.o)
 .rela.text.__sram_read.constprop.11
                0x0000000080004194        0x0 C:/devkitPro/libogc/lib/wii\libogc.a(newlibc.o)
 .rela.text.SYS_Init
                0x0000000080004194        0x0 C:/devkitPro/libogc/lib/wii\libogc.a(newlibc.o)
 .rela.text.SYS_SetAlarm
                0x0000000080004194        0x0 C:/devkitPro/libogc/lib/wii\libogc.a(newlibc.o)
 .rela.text.SYS_CancelAlarm
                0x0000000080004194        0x0 C:/devkitPro/libogc/lib/wii\libogc.a(newlibc.o)
 .rela.text.SYS_SetWirelessID
                0x0000000080004194        0x0 C:/devkitPro/libogc/lib/wii\libogc.a(newlibc.o)
 .rela.text.SYS_GetWirelessID
                0x0000000080004194        0x0 C:/devkitPro/libogc/lib/wii\libogc.a(newlibc.o)
 .rela.text.__lwp_cond_init
                0x0000000080004194        0x0 C:/devkitPro/libogc/lib/wii\libogc.a(newlibc.o)
 .rela.text.c_decrementer_handler
                0x0000000080004194        0x0 C:/devkitPro/libogc/lib/wii\libogc.a(newlibc.o)
 .rela.text.__lwp_mqbox_init
                0x0000000080004194        0x0 C:/devkitPro/libogc/lib/wii\libogc.a(newlibc.o)
 .rela.text.__ios_ioctlvformat_parse
                0x0000000080004194        0x0 C:/devkitPro/libogc/lib/wii\libogc.a(newlibc.o)
 .rela.text.__ioctlvfmtCB
                0x0000000080004194        0x0 C:/devkitPro/libogc/lib/wii\libogc.a(newlibc.o)
 .rela.text.IOS_IoctlvFormat
                0x0000000080004194        0x0 C:/devkitPro/libogc/lib/wii\libogc.a(newlibc.o)
 .rela.text.__libogc_nanosleep
                0x0000000080004194        0x0 C:/devkitPro/libogc/lib/wii\libogc.a(newlibc.o)
 .rela.text.__libc_delete_hook
                0x0000000080004194        0x0 C:/devkitPro/libogc/lib/wii\libogc.a(newlibc.o)
 .rela.text.__libc_init
                0x0000000080004194        0x0 C:/devkitPro/libogc/lib/wii\libogc.a(newlibc.o)
 .rela.text.__CheckARGV
                0x0000000080004194        0x0 C:/devkitPro/libogc/lib/wii\libogc.a(newlibc.o)
 .rela.text.__lwp_priority_init
                0x0000000080004194        0x0 C:/devkitPro/libogc/lib/wii\libogc.a(newlibc.o)
 .rela.text.__lwp_threadqueue_enqueuefifo
                0x0000000080004194        0x0 C:/devkitPro/libogc/lib/wii\libogc.a(newlibc.o)
 .rela.text.__lwp_threadqueue_dequeuefifo
                0x0000000080004194        0x0 C:/devkitPro/libogc/lib/wii\libogc.a(newlibc.o)
 .rela.text.__lwp_threadqueue_enqueuepriority
                0x0000000080004194        0x0 C:/devkitPro/libogc/lib/wii\libogc.a(newlibc.o)
 .rela.text.__lwp_threadqueue_dequeuepriority
                0x0000000080004194        0x0 C:/devkitPro/libogc/lib/wii\libogc.a(newlibc.o)
 .rela.text.__lwp_threadqueue_enqueue
                0x0000000080004194        0x0 C:/devkitPro/libogc/lib/wii\libogc.a(newlibc.o)
 .rela.text.__lwp_threadqueue_extractfifo
                0x0000000080004194        0x0 C:/devkitPro/libogc/lib/wii\libogc.a(newlibc.o)
 .rela.text.__lwp_threadqueue_extractpriority
                0x0000000080004194        0x0 C:/devkitPro/libogc/lib/wii\libogc.a(newlibc.o)
 .rela.text.__lwp_thread_tickle_timeslice
                0x0000000080004194        0x0 C:/devkitPro/libogc/lib/wii\libogc.a(newlibc.o)
 .rela.text.__lwp_thread_setstate
                0x0000000080004194        0x0 C:/devkitPro/libogc/lib/wii\libogc.a(newlibc.o)
 .rela.text.__lwp_thread_changepriority
                0x0000000080004194        0x0 C:/devkitPro/libogc/lib/wii\libogc.a(newlibc.o)
 .rela.text.__lwp_thread_ready
                0x0000000080004194        0x0 C:/devkitPro/libogc/lib/wii\libogc.a(newlibc.o)
 .rela.text.__lwp_thread_init
                0x0000000080004194        0x0 C:/devkitPro/libogc/lib/wii\libogc.a(newlibc.o)
 .rela.text.__lwp_thread_close
                0x0000000080004194        0x0 C:/devkitPro/libogc/lib/wii\libogc.a(newlibc.o)
 .rela.text.__lwp_thread_closeall
                0x0000000080004194        0x0 C:/devkitPro/libogc/lib/wii\libogc.a(newlibc.o)
 .rela.text.__lwp_thread_startmultitasking
                0x0000000080004194        0x0 C:/devkitPro/libogc/lib/wii\libogc.a(newlibc.o)
 .rela.text.__lwp_thread_stopmultitasking
                0x0000000080004194        0x0 C:/devkitPro/libogc/lib/wii\libogc.a(newlibc.o)
 .rela.text.__lwp_thread_coreinit
                0x0000000080004194        0x0 C:/devkitPro/libogc/lib/wii\libogc.a(newlibc.o)
 .rela.text.__lwp_sysinit
                0x0000000080004194        0x0 C:/devkitPro/libogc/lib/wii\libogc.a(newlibc.o)
 .rela.text.LWP_InitQueue
                0x0000000080004194        0x0 C:/devkitPro/libogc/lib/wii\libogc.a(newlibc.o)
 .rela.text.LWP_CloseQueue
                0x0000000080004194        0x0 C:/devkitPro/libogc/lib/wii\libogc.a(newlibc.o)
 .rela.text.LWP_ThreadSleep
                0x0000000080004194        0x0 C:/devkitPro/libogc/lib/wii\libogc.a(newlibc.o)
 .rela.text.LWP_ThreadBroadcast
                0x0000000080004194        0x0 C:/devkitPro/libogc/lib/wii\libogc.a(newlibc.o)
 .rela.text.LWP_ThreadSignal
                0x0000000080004194        0x0 C:/devkitPro/libogc/lib/wii\libogc.a(newlibc.o)
 .rela.text.__lwp_stack_allocate
                0x0000000080004194        0x0 C:/devkitPro/libogc/lib/wii\libogc.a(newlibc.o)
 .rela.text.__lwp_stack_free
                0x0000000080004194        0x0 C:/devkitPro/libogc/lib/wii\libogc.a(newlibc.o)
 .rela.text.__lwp_watchdog_init
                0x0000000080004194        0x0 C:/devkitPro/libogc/lib/wii\libogc.a(newlibc.o)
 .rela.text.__lwp_wd_tickle
                0x0000000080004194        0x0 C:/devkitPro/libogc/lib/wii\libogc.a(newlibc.o)
 .rela.text.__lwp_wkspace_init
                0x0000000080004194        0x0 C:/devkitPro/libogc/lib/wii\libogc.a(newlibc.o)
 .rela.text.__lwp_objmgr_initinfo
                0x0000000080004194        0x0 C:/devkitPro/libogc/lib/wii\libogc.a(newlibc.o)
 .rela.text.__exception_init
                0x0000000080004194        0x0 C:/devkitPro/libogc/lib/wii\libogc.a(newlibc.o)
 .rela.text.__exception_close
                0x0000000080004194        0x0 C:/devkitPro/libogc/lib/wii\libogc.a(newlibc.o)
 .rela.text.__irq_init
                0x0000000080004194        0x0 C:/devkitPro/libogc/lib/wii\libogc.a(newlibc.o)
 .rela.text     0x0000000080004194        0x0 C:/devkitPro/libogc/lib/wii\libogc.a(newlibc.o)
 .rela.text.__lwp_sema_init
                0x0000000080004194        0x0 C:/devkitPro/libogc/lib/wii\libogc.a(newlibc.o)
 .rela.text.__lwp_mutex_locksupp.constprop.8
                0x0000000080004194        0x0 C:/devkitPro/libogc/lib/wii\libogc.a(newlibc.o)
 .rela.text.__lwp_mutex_init
                0x0000000080004194        0x0 C:/devkitPro/libogc/lib/wii\libogc.a(newlibc.o)
 .rela.text.LWP_MutexInit
                0x0000000080004194        0x0 C:/devkitPro/libogc/lib/wii\libogc.a(newlibc.o)
 .rela.text.LWP_MutexDestroy
                0x0000000080004194        0x0 C:/devkitPro/libogc/lib/wii\libogc.a(newlibc.o)
 .rela.text.LWP_MutexUnlock
                0x0000000080004194        0x0 C:/devkitPro/libogc/lib/wii\libogc.a(newlibc.o)
 .rela.text.__GX_InitRevBits
                0x0000000080004194        0x0 C:/devkitPro/libogc/lib/wii\libogc.a(newlibc.o)
 .rela.text.__GX_CleanGPFifo
                0x0000000080004194        0x0 C:/devkitPro/libogc/lib/wii\libogc.a(newlibc.o)
 .rela.text.__SetSURegs
                0x0000000080004194        0x0 C:/devkitPro/libogc/lib/wii\libogc.a(newlibc.o)
 .rela.text.__GX_Abort
                0x0000000080004194        0x0 C:/devkitPro/libogc/lib/wii\libogc.a(newlibc.o)
 .rela.text.__GX_SetDirtyState
                0x0000000080004194        0x0 C:/devkitPro/libogc/lib/wii\libogc.a(newlibc.o)
 .rela.text.GX_Flush
                0x0000000080004194        0x0 C:/devkitPro/libogc/lib/wii\libogc.a(newlibc.o)
 .rela.text.GX_AbortFrame
                0x0000000080004194        0x0 C:/devkitPro/libogc/lib/wii\libogc.a(newlibc.o)
 .rela.text.kprintf
                0x0000000080004194        0x0 C:/devkitPro/libogc/lib/wii\libogc.a(newlibc.o)

.rel.fini
 *(.rel.fini)

.rela.fini
 *(.rela.fini)

.rel.rodata
 *(.rel.rodata .rel.rodata.* .rel.gnu.linkonce.r.*)

.rela.rodata
 *(.rela.rodata .rela.rodata.* .rela.gnu.linkonce.r.*)

.rel.data
 *(.rel.data .rel.data.* .rel.gnu.linkonce.d.*)

.rela.data
 *(.rela.data .rela.data.* .rela.gnu.linkonce.d.*)

.rel.tdata
 *(.rel.tdata .rel.tdata.* .rel.gnu.linkonce.td.*)

.rela.tdata
 *(.rela.tdata .rela.tdata.* .rela.gnu.linkonce.td.*)

.rel.tbss
 *(.rel.tbss .rel.tbss.* .rel.gnu.linkonce.tb.*)

.rela.tbss
 *(.rela.tbss .rela.tbss.* .rela.gnu.linkonce.tb.*)

.rel.ctors
 *(.rel.ctors)

.rela.ctors
 *(.rela.ctors)

.rel.dtors
 *(.rel.dtors)

.rela.dtors
 *(.rela.dtors)

.rel.got
 *(.rel.got)

.rela.got
 *(.rela.got)

.rela.got1
 *(.rela.got1)

.rela.got2
 *(.rela.got2)

.rel.sdata
 *(.rel.sdata .rel.sdata.* .rel.gnu.linkonce.s.*)

.rela.sdata
 *(.rela.sdata .rela.sdata.* .rela.gnu.linkonce.s.*)

.rel.sbss
 *(.rel.sbss .rel.sbss.* .rel.gnu.linkonce.sb.*)

.rela.sbss
 *(.rela.sbss .rela.sbss.* .rel.gnu.linkonce.sb.*)

.rel.sdata2
 *(.rel.sdata2 .rel.sdata2.* .rel.gnu.linkonce.s2.*)

.rela.sdata2    0x0000000080004194        0x0
 *(.rela.sdata2 .rela.sdata2.* .rela.gnu.linkonce.s2.*)
 .rela.sdata2.__sys_inIPL
                0x0000000080004194        0x0 C:/devkitPro/libogc/lib/wii\libogc.a(newlibc.o)

.rel.sbss2
 *(.rel.sbss2 .rel.sbss2.* .rel.gnu.linkonce.sb2.*)

.rela.sbss2
 *(.rela.sbss2 .rela.sbss2.* .rela.gnu.linkonce.sb2.*)

.rel.bss
 *(.rel.bss .rel.bss.* .rel.gnu.linkonce.b.*)

.rela.bss
 *(.rela.bss .rela.bss.* .rela.gnu.linkonce.b.*)

.rel.plt
 *(.rel.plt)

.rela.plt
 *(.rela.plt)

.text           0x00000000800041a0    0x37c20
 *(.text)
 .text          0x00000000800041a0      0x44c C:/devkitPro/libogc/lib/wii\libogc.a(lwp_handler.o)
                0x00000000800041a0                _cpu_context_save_fp
                0x00000000800042e0                _cpu_context_restore_fp
                0x0000000080004420                _cpu_context_switch
                0x0000000080004500                _cpu_context_save
                0x0000000080004580                _cpu_context_restore
 .text          0x00000000800045ec      0x1ac C:/devkitPro/libogc/lib/wii\libogc.a(irq_handler.o)
                0x00000000800045ec                irq_exceptionhandler
 .text          0x0000000080004798      0x118 C:/devkitPro/libogc/lib/wii\libogc.a(video_asm.o)
                0x0000000080004798                __VIClearFramebuffer
 .text          0x00000000800048b0      0x4f4 C:/devkitPro/libogc/lib/wii\libogc.a(cache_asm.o)
                0x00000000800048b0                DCFlashInvalidate
                0x00000000800048c4                DCEnable
                0x00000000800048d8                DCDisable
                0x00000000800048ec                DCFreeze
                0x0000000080004900                DCUnfreeze
                0x0000000080004914                DCTouchLoad
                0x000000008000491c                DCBlockZero
                0x0000000080004924                DCBlockStore
                0x000000008000492c                DCBlockFlush
                0x0000000080004934                DCBlockInvalidate
                0x000000008000493c                DCInvalidateRange
                0x000000008000496c                DCFlushRange
                0x00000000800049a0                DCStoreRange
                0x00000000800049d4                DCFlushRangeNoSync
                0x0000000080004a04                DCStoreRangeNoSync
                0x0000000080004a34                DCZeroRange
                0x0000000080004a64                DCTouchRange
                0x0000000080004a94                ICInvalidateRange
                0x0000000080004acc                ICFlashInvalidate
                0x0000000080004ae0                ICEnable
                0x0000000080004af4                ICDisable
                0x0000000080004b08                ICFreeze
                0x0000000080004b1c                ICUnfreeze
                0x0000000080004b30                ICBlockInvalidate
                0x0000000080004b38                ICSync
                0x0000000080004b40                L2Init
                0x0000000080004b88                L2Enable
                0x0000000080004ba4                L2Disable
                0x0000000080004bbc                L2GlobalInvalidate
                0x0000000080004c14                __LCEnable
                0x0000000080004ce0                LCDisable
                0x0000000080004d08                LCAllocOneTag
                0x0000000080004d1c                LCAllocTags
                0x0000000080004d5c                LCLoadBlocks
                0x0000000080004d80                LCStoreBlocks
 .text          0x0000000080004da4      0x4a0 C:/devkitPro/libogc/lib/wii\libogc.a(system_asm.o)
                0x0000000080004da4                __realmode
                0x0000000080004dbc                __configBATS
                0x0000000080004eec                __InitFPRS
                0x0000000080005018                __InitPS
                0x0000000080005074                __InitCache
                0x00000000800050cc                __InitSystem
                0x0000000080005154                __flush_cache
                0x0000000080005188                __reset
                0x00000000800051f8                __InitBATS
                0x0000000080005214                SYS_SwitchFiber
 .text          0x0000000080005244      0x1ac C:/devkitPro/libogc/lib/wii\libogc.a(decrementer_handler.o)
                0x0000000080005244                dec_exceptionhandler
 .text          0x00000000800053f0      0x35c C:/devkitPro/libogc/lib/wii\libogc.a(exception_handler.o)
                0x00000000800053f0                exceptionhandler_start
                0x000000008000546c                exceptionhandler_patch
                0x00000000800054a0                exceptionhandler_end
                0x00000000800054a4                default_exceptionhandler
                0x00000000800055d4                fpu_exceptionhandler
                0x000000008000571c                systemcallhandler_start
                0x0000000080005748                systemcallhandler_end
 .text          0x000000008000574c      0x86c c:/devkitpro/devkitppc/bin/../lib/gcc/powerpc-eabi/8.2.0/../../../../powerpc-eabi/lib\libjpeg.a(jpgogc.o)
                0x00000000800058c0                JPEG_CopyToBuffer
                0x0000000080005ad8                JPEG_Decompress
 .text          0x0000000080005fb8      0x1a0 c:/devkitpro/devkitppc/bin/../lib/gcc/powerpc-eabi/8.2.0/../../../../powerpc-eabi/lib\libjpeg.a(jmemsrc.o)
                0x00000000800060a4                jpeg_memory_src
 .text          0x0000000080006158      0x7f8 c:/devkitpro/devkitppc/bin/../lib/gcc/powerpc-eabi/8.2.0/../../../../powerpc-eabi/lib\libjpeg.a(jdapimin.o)
                0x0000000080006158                jpeg_CreateDecompress
                0x00000000800062a0                jpeg_destroy_decompress
                0x00000000800062c0                jpeg_abort_decompress
                0x00000000800062e0                jpeg_consume_input
                0x0000000080006630                jpeg_read_header
                0x000000008000671c                jpeg_input_complete
                0x000000008000679c                jpeg_has_multiple_scans
                0x000000008000681c                jpeg_finish_decompress
 .text          0x0000000080006950      0x78c c:/devkitpro/devkitppc/bin/../lib/gcc/powerpc-eabi/8.2.0/../../../../powerpc-eabi/lib\libjpeg.a(jdapistd.o)
                0x0000000080006afc                jpeg_start_decompress
                0x0000000080006ca8                jpeg_read_scanlines
                0x0000000080006dcc                jpeg_read_raw_data
                0x0000000080006f38                jpeg_start_output
                0x0000000080006fe4                jpeg_finish_output
 .text          0x00000000800070dc      0x7f8 c:/devkitpro/devkitppc/bin/../lib/gcc/powerpc-eabi/8.2.0/../../../../powerpc-eabi/lib\libjpeg.a(jdinput.o)
                0x000000008000784c                jinit_input_controller
 .text          0x00000000800078d4     0x2734 c:/devkitpro/devkitppc/bin/../lib/gcc/powerpc-eabi/8.2.0/../../../../powerpc-eabi/lib\libjpeg.a(jdmarker.o)
                0x0000000080009b70                jpeg_resync_to_restart
                0x0000000080009d98                jinit_marker_reader
                0x0000000080009e4c                jpeg_save_markers
                0x0000000080009f84                jpeg_set_marker_processor
 .text          0x000000008000a008      0xae8 c:/devkitpro/devkitppc/bin/../lib/gcc/powerpc-eabi/8.2.0/../../../../powerpc-eabi/lib\libjpeg.a(jdmaster.o)
                0x000000008000a0dc                jpeg_calc_output_dimensions
                0x000000008000a654                jpeg_new_colormap
                0x000000008000a72c                jinit_master_decompress
 .text          0x000000008000aaf0      0x6d8 c:/devkitpro/devkitppc/bin/../lib/gcc/powerpc-eabi/8.2.0/../../../../powerpc-eabi/lib\libjpeg.a(jdmerge.o)
                0x000000008000afe0                jinit_merged_upsampler
 .text          0x000000008000b1c8     0x10f4 c:/devkitpro/devkitppc/bin/../lib/gcc/powerpc-eabi/8.2.0/../../../../powerpc-eabi/lib\libjpeg.a(jdphuff.o)
                0x000000008000c1f4                jinit_phuff_decoder
 .text          0x000000008000c2bc      0x5d4 c:/devkitpro/devkitppc/bin/../lib/gcc/powerpc-eabi/8.2.0/../../../../powerpc-eabi/lib\libjpeg.a(jdpostct.o)
                0x000000008000c778                jinit_d_post_controller
 .text          0x000000008000c890      0x95c c:/devkitpro/devkitppc/bin/../lib/gcc/powerpc-eabi/8.2.0/../../../../powerpc-eabi/lib\libjpeg.a(jdsample.o)
                0x000000008000cef0                jinit_upsampler
 .text          0x000000008000d1ec      0x2b8 c:/devkitpro/devkitppc/bin/../lib/gcc/powerpc-eabi/8.2.0/../../../../powerpc-eabi/lib\libjpeg.a(jerror.o)
                0x000000008000d434                jpeg_std_error
 .text          0x000000008000d4a4     0x1524 c:/devkitpro/devkitppc/bin/../lib/gcc/powerpc-eabi/8.2.0/../../../../powerpc-eabi/lib\libjpeg.a(jmemmgr.o)
                0x000000008000e804                jinit_memory_mgr
 .text          0x000000008000e9c8       0xd8 c:/devkitpro/devkitppc/bin/../lib/gcc/powerpc-eabi/8.2.0/../../../../powerpc-eabi/lib\libjpeg.a(jmemnobs.o)
                0x000000008000e9c8                jpeg_get_small
                0x000000008000e9ec                jpeg_free_small
                0x000000008000ea10                jpeg_get_large
                0x000000008000ea34                jpeg_free_large
                0x000000008000ea58                jpeg_mem_available
                0x000000008000ea60                jpeg_open_backing_store
                0x000000008000ea94                jpeg_mem_init
                0x000000008000ea9c                jpeg_mem_term
 .text          0x000000008000eaa0      0xf70 c:/devkitpro/devkitppc/bin/../lib/gcc/powerpc-eabi/8.2.0/../../../../powerpc-eabi/lib\libjpeg.a(jquant1.o)
                0x000000008000f650                jinit_1pass_quantizer
 .text          0x000000008000fa10     0x16dc c:/devkitpro/devkitppc/bin/../lib/gcc/powerpc-eabi/8.2.0/../../../../powerpc-eabi/lib\libjpeg.a(jquant2.o)
                0x0000000080010eac                jinit_2pass_quantizer
 .text          0x00000000800110ec       0xf4 c:/devkitpro/devkitppc/bin/../lib/gcc/powerpc-eabi/8.2.0/../../../../powerpc-eabi/lib\libjpeg.a(jutils.o)
                0x00000000800110ec                jdiv_round_up
                0x00000000800110fc                jround_up
                0x0000000080011110                jcopy_sample_rows
                0x0000000080011188                jcopy_block_row
                0x00000000800111b8                jzero_far
 .text          0x00000000800111e0      0x198 c:/devkitpro/devkitppc/bin/../lib/gcc/powerpc-eabi/8.2.0/../../../../powerpc-eabi/lib\libjpeg.a(jcomapi.o)
                0x00000000800111e0                jpeg_abort
                0x0000000080011294                jpeg_destroy
                0x0000000080011300                jpeg_alloc_quant_table
                0x000000008001133c                jpeg_alloc_huff_table
 .text          0x0000000080011378     0x12cc c:/devkitpro/devkitppc/bin/../lib/gcc/powerpc-eabi/8.2.0/../../../../powerpc-eabi/lib\libjpeg.a(jdcoefct.o)
                0x0000000080012470                jinit_d_coef_controller
 .text          0x0000000080012644      0x708 c:/devkitpro/devkitppc/bin/../lib/gcc/powerpc-eabi/8.2.0/../../../../powerpc-eabi/lib\libjpeg.a(jdcolor.o)
                0x0000000080012b0c                jinit_color_deconverter
 .text          0x0000000080012d4c      0x3d0 c:/devkitpro/devkitppc/bin/../lib/gcc/powerpc-eabi/8.2.0/../../../../powerpc-eabi/lib\libjpeg.a(jddctmgr.o)
                0x0000000080013048                jinit_inverse_dct
 .text          0x000000008001311c      0xf28 c:/devkitpro/devkitppc/bin/../lib/gcc/powerpc-eabi/8.2.0/../../../../powerpc-eabi/lib\libjpeg.a(jdhuff.o)
                0x000000008001311c                jpeg_make_d_derived_tbl
                0x00000000800136fc                jpeg_fill_bit_buffer
                0x00000000800138bc                jpeg_huff_decode
                0x0000000080013fcc                jinit_huff_decoder
 .text          0x0000000080014044      0x960 c:/devkitpro/devkitppc/bin/../lib/gcc/powerpc-eabi/8.2.0/../../../../powerpc-eabi/lib\libjpeg.a(jdmainct.o)
                0x000000008001471c                jinit_d_main_controller
 .text          0x00000000800149a4      0x514 c:/devkitpro/devkitppc/bin/../lib/gcc/powerpc-eabi/8.2.0/../../../../powerpc-eabi/lib\libjpeg.a(jidctflt.o)
                0x00000000800149a4                jpeg_idct_float
 .text          0x0000000080014eb8      0x448 c:/devkitpro/devkitppc/bin/../lib/gcc/powerpc-eabi/8.2.0/../../../../powerpc-eabi/lib\libjpeg.a(jidctfst.o)
                0x0000000080014eb8                jpeg_idct_ifast
 .text          0x0000000080015300      0x520 c:/devkitpro/devkitppc/bin/../lib/gcc/powerpc-eabi/8.2.0/../../../../powerpc-eabi/lib\libjpeg.a(jidctint.o)
                0x0000000080015300                jpeg_idct_islow
 .text          0x0000000080015820      0x5e8 c:/devkitpro/devkitppc/bin/../lib/gcc/powerpc-eabi/8.2.0/../../../../powerpc-eabi/lib\libjpeg.a(jidctred.o)
                0x0000000080015820                jpeg_idct_4x4
                0x0000000080015b74                jpeg_idct_2x2
                0x0000000080015dd8                jpeg_idct_1x1
 .text          0x0000000080015e08       0x48 c:/devkitpro/devkitppc/bin/../lib/gcc/powerpc-eabi/8.2.0\libgcc.a(eabi.o)
                0x0000000080015e08                __eabi
 *(.text.*)
 .text.deregister_tm_clones
                0x0000000080015e50       0x30 c:/devkitpro/devkitppc/bin/../lib/gcc/powerpc-eabi/8.2.0/crtbegin.o
 .text.register_tm_clones
                0x0000000080015e80       0x3c c:/devkitpro/devkitppc/bin/../lib/gcc/powerpc-eabi/8.2.0/crtbegin.o
 .text.__do_global_dtors_aux
                0x0000000080015ebc       0xd0 c:/devkitpro/devkitppc/bin/../lib/gcc/powerpc-eabi/8.2.0/crtbegin.o
 .text.frame_dummy
                0x0000000080015f8c       0x44 c:/devkitpro/devkitppc/bin/../lib/gcc/powerpc-eabi/8.2.0/crtbegin.o
 .text.__crtmain
                0x0000000080015fd0       0x44 c:/devkitpro/devkitppc/bin/../lib/gcc/powerpc-eabi/8.2.0/../../../../powerpc-eabi/lib/crtmain.o
                0x0000000080015fd4                __crtmain
 .text.PictureInit
                0x0000000080016014       0x58 main.o
                0x0000000080016014                PictureInit
 .text.Init     0x000000008001606c       0xc0 main.o
                0x000000008001606c                Init
 .text.DisplayJPEG
                0x000000008001612c       0x90 main.o
                0x000000008001612c                DisplayJPEG
 .text.startup.main
                0x00000000800161bc      0x128 main.o
                0x00000000800161bc                main
 .text.__console_clear_line
                0x00000000800162e4       0x84 C:/devkitPro/libogc/lib/wii\libogc.a(console.o)
 .text.__console_clear
                0x0000000080016368       0x54 C:/devkitPro/libogc/lib/wii\libogc.a(console.o)
 .text.__console_write
                0x00000000800163bc      0x708 C:/devkitPro/libogc/lib/wii\libogc.a(console.o)
                0x00000000800163bc                __console_write
 .text.__console_init
                0x0000000080016ac4      0x108 C:/devkitPro/libogc/lib/wii\libogc.a(console.o)
                0x0000000080016ac4                __console_init
 .text.CON_Init
                0x0000000080016bcc        0x4 C:/devkitPro/libogc/lib/wii\libogc.a(console.o)
                0x0000000080016bcc                CON_Init
 .text.CON_EnableGecko
                0x0000000080016bd0      0x100 C:/devkitPro/libogc/lib/wii\libogc.a(console.o)
                0x0000000080016bd0                CON_EnableGecko
 .text.__VISendI2CData.constprop.2
                0x0000000080016cd0      0x420 C:/devkitPro/libogc/lib/wii\libogc.a(video.o)
 .text.__VIWriteI2CRegister16
                0x00000000800170f0       0x38 C:/devkitPro/libogc/lib/wii\libogc.a(video.o)
 .text.__VIWriteI2CRegister8
                0x0000000080017128       0x38 C:/devkitPro/libogc/lib/wii\libogc.a(video.o)
 .text.__VISetYUVSEL
                0x0000000080017160       0x68 C:/devkitPro/libogc/lib/wii\libogc.a(video.o)
 .text.VIDEO_Configure
                0x00000000800171c8      0x7c8 C:/devkitPro/libogc/lib/wii\libogc.a(video.o)
                0x00000000800171c8                VIDEO_Configure
 .text.VIDEO_WaitVSync
                0x0000000080017990       0x74 C:/devkitPro/libogc/lib/wii\libogc.a(video.o)
                0x0000000080017990                VIDEO_WaitVSync
 .text.VIDEO_SetFramebuffer
                0x0000000080017a04      0x23c C:/devkitPro/libogc/lib/wii\libogc.a(video.o)
                0x0000000080017a04                VIDEO_SetFramebuffer
 .text.VIDEO_SetNextFramebuffer
                0x0000000080017c40      0x1b4 C:/devkitPro/libogc/lib/wii\libogc.a(video.o)
                0x0000000080017c40                VIDEO_SetNextFramebuffer
 .text.VIDEO_Flush
                0x0000000080017df4      0x134 C:/devkitPro/libogc/lib/wii\libogc.a(video.o)
                0x0000000080017df4                VIDEO_Flush
 .text.VIDEO_SetBlack
                0x0000000080017f28      0x144 C:/devkitPro/libogc/lib/wii\libogc.a(video.o)
                0x0000000080017f28                VIDEO_SetBlack
 .text.VIDEO_GetCurrentTvMode
                0x000000008001806c       0x78 C:/devkitPro/libogc/lib/wii\libogc.a(video.o)
                0x000000008001806c                VIDEO_GetCurrentTvMode
 .text.__VIRetraceHandler
                0x00000000800180e4      0x294 C:/devkitPro/libogc/lib/wii\libogc.a(video.o)
 .text.__VISetupEncoder
                0x0000000080018378      0x1fc C:/devkitPro/libogc/lib/wii\libogc.a(video.o)
 .text.VIDEO_Init
                0x0000000080018574      0x4e0 C:/devkitPro/libogc/lib/wii\libogc.a(video.o)
                0x0000000080018574                VIDEO_Init
 .text.VIDEO_GetPreferredMode
                0x0000000080018a54      0x100 C:/devkitPro/libogc/lib/wii\libogc.a(video.o)
                0x0000000080018a54                VIDEO_GetPreferredMode
 .text.VIDEO_GetCurrentLine
                0x0000000080018b54       0x9c C:/devkitPro/libogc/lib/wii\libogc.a(video.o)
                0x0000000080018b54                VIDEO_GetCurrentLine
 .text.VIDEO_GetFrameBufferSize
                0x0000000080018bf0       0x30 C:/devkitPro/libogc/lib/wii\libogc.a(video.o)
                0x0000000080018bf0                VIDEO_GetFrameBufferSize
 .text.VIDEO_ClearFrameBuffer
                0x0000000080018c20       0x34 C:/devkitPro/libogc/lib/wii\libogc.a(video.o)
                0x0000000080018c20                VIDEO_ClearFrameBuffer
 .text.SPEC0_MakeStatus
                0x0000000080018c54      0x104 C:/devkitPro/libogc/lib/wii\libogc.a(pad.o)
 .text.SPEC1_MakeStatus
                0x0000000080018d58      0x104 C:/devkitPro/libogc/lib/wii\libogc.a(pad.o)
 .text.SPEC2_MakeStatus
                0x0000000080018e5c      0x254 C:/devkitPro/libogc/lib/wii\libogc.a(pad.o)
 .text.__pad_samplinghandler
                0x00000000800190b0        0x4 C:/devkitPro/libogc/lib/wii\libogc.a(pad.o)
 .text.__pad_doreset
                0x00000000800190b4       0x50 C:/devkitPro/libogc/lib/wii\libogc.a(pad.o)
 .text.__pad_updateorigin
                0x0000000080019104       0xa0 C:/devkitPro/libogc/lib/wii\libogc.a(pad.o)
 .text.__pad_disable
                0x00000000800191a4       0xc0 C:/devkitPro/libogc/lib/wii\libogc.a(pad.o)
 .text.__pad_enable
                0x0000000080019264       0x5c C:/devkitPro/libogc/lib/wii\libogc.a(pad.o)
 .text.__pad_typeandstatuscallback
                0x00000000800192c0      0x164 C:/devkitPro/libogc/lib/wii\libogc.a(pad.o)
 .text.__pad_probecallback
                0x0000000080019424       0x48 C:/devkitPro/libogc/lib/wii\libogc.a(pad.o)
 .text.__pad_origincallback
                0x000000008001946c       0x38 C:/devkitPro/libogc/lib/wii\libogc.a(pad.o)
 .text.__pad_originupdatecallback
                0x00000000800194a4       0x78 C:/devkitPro/libogc/lib/wii\libogc.a(pad.o)
 .text.__pad_receivecheckcallback
                0x000000008001951c       0x88 C:/devkitPro/libogc/lib/wii\libogc.a(pad.o)
 .text.PAD_SetSpec.part.3
                0x00000000800195a4       0x54 C:/devkitPro/libogc/lib/wii\libogc.a(pad.o)
 .text.__pad_onreset
                0x00000000800195f8      0x108 C:/devkitPro/libogc/lib/wii\libogc.a(pad.o)
 .text.__PADDisableRecalibration
                0x0000000080019700       0x58 C:/devkitPro/libogc/lib/wii\libogc.a(pad.o)
                0x0000000080019700                __PADDisableRecalibration
 .text.PAD_Reset
                0x0000000080019758       0xf0 C:/devkitPro/libogc/lib/wii\libogc.a(pad.o)
                0x0000000080019758                PAD_Reset
 .text.PAD_Read
                0x0000000080019848      0x2fc C:/devkitPro/libogc/lib/wii\libogc.a(pad.o)
                0x0000000080019848                PAD_Read
 .text.PAD_Init
                0x0000000080019b44       0xd0 C:/devkitPro/libogc/lib/wii\libogc.a(pad.o)
                0x0000000080019b44                PAD_Init
 .text.PAD_ScanPads
                0x0000000080019c14      0x154 C:/devkitPro/libogc/lib/wii\libogc.a(pad.o)
                0x0000000080019c14                PAD_ScanPads
 .text.PAD_ButtonsUp
                0x0000000080019d68       0x38 C:/devkitPro/libogc/lib/wii\libogc.a(pad.o)
                0x0000000080019d68                PAD_ButtonsUp
 .text.PAD_ButtonsDown
                0x0000000080019da0       0x38 C:/devkitPro/libogc/lib/wii\libogc.a(pad.o)
                0x0000000080019da0                PAD_ButtonsDown
 .text.PAD_ButtonsHeld
                0x0000000080019dd8       0x38 C:/devkitPro/libogc/lib/wii\libogc.a(pad.o)
                0x0000000080019dd8                PAD_ButtonsHeld
 .text.PAD_StickX
                0x0000000080019e10       0x3c C:/devkitPro/libogc/lib/wii\libogc.a(pad.o)
                0x0000000080019e10                PAD_StickX
 .text.PAD_StickY
                0x0000000080019e4c       0x3c C:/devkitPro/libogc/lib/wii\libogc.a(pad.o)
                0x0000000080019e4c                PAD_StickY
 .text.__call_resetfuncs
                0x0000000080019e88       0xbc C:/devkitPro/libogc/lib/wii\libogc.a(system.o)
 .text.__MEMInterruptHandler
                0x0000000080019f44       0x14 C:/devkitPro/libogc/lib/wii\libogc.a(system.o)
 .text.__RSWDefaultHandler
                0x0000000080019f58        0x4 C:/devkitPro/libogc/lib/wii\libogc.a(system.o)
 .text.__POWDefaultHandler
                0x0000000080019f5c        0x4 C:/devkitPro/libogc/lib/wii\libogc.a(system.o)
 .text.__getrtc
                0x0000000080019f60      0x164 C:/devkitPro/libogc/lib/wii\libogc.a(system.o)
 .text.__sram_write
                0x000000008001a0c4      0x128 C:/devkitPro/libogc/lib/wii\libogc.a(system.o)
 .text.__unlocksram
                0x000000008001a1ec      0x17c C:/devkitPro/libogc/lib/wii\libogc.a(system.o)
 .text.__sram_writecallback
                0x000000008001a368       0x54 C:/devkitPro/libogc/lib/wii\libogc.a(system.o)
 .text.__mem_onreset
                0x000000008001a3bc       0x48 C:/devkitPro/libogc/lib/wii\libogc.a(system.o)
 .text.__sys_alarmhandler
                0x000000008001a404       0xf0 C:/devkitPro/libogc/lib/wii\libogc.a(system.o)
 .text.__STMEventHandler
                0x000000008001a4f4      0x104 C:/devkitPro/libogc/lib/wii\libogc.a(system.o)
 .text.__sram_read.constprop.11
                0x000000008001a5f8      0x140 C:/devkitPro/libogc/lib/wii\libogc.a(system.o)
 .text.__SYS_GetRTC
                0x000000008001a738       0xd0 C:/devkitPro/libogc/lib/wii\libogc.a(system.o)
                0x000000008001a738                __SYS_GetRTC
 .text.__SYS_GetIPCBufferLo
                0x000000008001a808        0x8 C:/devkitPro/libogc/lib/wii\libogc.a(system.o)
                0x000000008001a808                __SYS_GetIPCBufferLo
 .text.__SYS_GetIPCBufferHi
                0x000000008001a810        0x8 C:/devkitPro/libogc/lib/wii\libogc.a(system.o)
                0x000000008001a810                __SYS_GetIPCBufferHi
 .text.__SYS_PreInit
                0x000000008001a818        0x4 C:/devkitPro/libogc/lib/wii\libogc.a(system.o)
                0x000000008001a818                __SYS_PreInit
 .text.SYS_ResetButtonDown
                0x000000008001a81c       0x18 C:/devkitPro/libogc/lib/wii\libogc.a(system.o)
                0x000000008001a81c                SYS_ResetButtonDown
 .text.SYS_ResetSystem
                0x000000008001a834      0x214 C:/devkitPro/libogc/lib/wii\libogc.a(system.o)
                0x000000008001a834                SYS_ResetSystem
 .text.__reload
                0x000000008001aa48       0x80 C:/devkitPro/libogc/lib/wii\libogc.a(system.o)
                0x000000008001aa48                __reload
 .text.__libogc_exit
                0x000000008001aac8       0x88 C:/devkitPro/libogc/lib/wii\libogc.a(system.o)
                0x000000008001aac8                __libogc_exit
 .text.SYS_RegisterResetFunc
                0x000000008001ab50       0x78 C:/devkitPro/libogc/lib/wii\libogc.a(system.o)
                0x000000008001ab50                SYS_RegisterResetFunc
 .text.SYS_Init
                0x000000008001abc8      0x69c C:/devkitPro/libogc/lib/wii\libogc.a(system.o)
                0x000000008001abc8                SYS_Init
 .text.SYS_SetArena1Lo
                0x000000008001b264       0x38 C:/devkitPro/libogc/lib/wii\libogc.a(system.o)
                0x000000008001b264                SYS_SetArena1Lo
 .text.SYS_GetArena1Lo
                0x000000008001b29c       0x38 C:/devkitPro/libogc/lib/wii\libogc.a(system.o)
                0x000000008001b29c                SYS_GetArena1Lo
 .text.SYS_GetArena1Hi
                0x000000008001b2d4       0x38 C:/devkitPro/libogc/lib/wii\libogc.a(system.o)
                0x000000008001b2d4                SYS_GetArena1Hi
 .text.SYS_SetArena2Lo
                0x000000008001b30c       0x38 C:/devkitPro/libogc/lib/wii\libogc.a(system.o)
                0x000000008001b30c                SYS_SetArena2Lo
 .text.SYS_GetArena2Lo
                0x000000008001b344       0x38 C:/devkitPro/libogc/lib/wii\libogc.a(system.o)
                0x000000008001b344                SYS_GetArena2Lo
 .text.SYS_GetArena2Hi
                0x000000008001b37c       0x38 C:/devkitPro/libogc/lib/wii\libogc.a(system.o)
                0x000000008001b37c                SYS_GetArena2Hi
 .text.SYS_AllocateFramebuffer
                0x000000008001b3b4       0x28 C:/devkitPro/libogc/lib/wii\libogc.a(system.o)
                0x000000008001b3b4                SYS_AllocateFramebuffer
 .text.SYS_CreateAlarm
                0x000000008001b3dc      0x120 C:/devkitPro/libogc/lib/wii\libogc.a(system.o)
                0x000000008001b3dc                SYS_CreateAlarm
 .text.SYS_SetAlarm
                0x000000008001b4fc      0x1d0 C:/devkitPro/libogc/lib/wii\libogc.a(system.o)
                0x000000008001b4fc                SYS_SetAlarm
 .text.SYS_CancelAlarm
                0x000000008001b6cc       0xd0 C:/devkitPro/libogc/lib/wii\libogc.a(system.o)
                0x000000008001b6cc                SYS_CancelAlarm
 .text.SYS_SetWirelessID
                0x000000008001b79c       0x94 C:/devkitPro/libogc/lib/wii\libogc.a(system.o)
                0x000000008001b79c                SYS_SetWirelessID
 .text.SYS_GetWirelessID
                0x000000008001b830       0xa0 C:/devkitPro/libogc/lib/wii\libogc.a(system.o)
                0x000000008001b830                SYS_GetWirelessID
 .text.SYS_GetHollywoodRevision
                0x000000008001b8d0       0x3c C:/devkitPro/libogc/lib/wii\libogc.a(system.o)
                0x000000008001b8d0                SYS_GetHollywoodRevision
 .text.SYS_Time
                0x000000008001b90c       0x78 C:/devkitPro/libogc/lib/wii\libogc.a(system.o)
                0x000000008001b90c                SYS_Time
 .text.__SYS_SetBootTime
                0x000000008001b984       0x20 C:/devkitPro/libogc/lib/wii\libogc.a(system.o)
                0x000000008001b984                __SYS_SetBootTime
 .text.SYS_PreMain
                0x000000008001b9a4       0x58 C:/devkitPro/libogc/lib/wii\libogc.a(system.o)
                0x000000008001b9a4                SYS_PreMain
 .text.__lwp_cond_init
                0x000000008001b9fc       0x14 C:/devkitPro/libogc/lib/wii\libogc.a(cond.o)
                0x000000008001b9fc                __lwp_cond_init
 .text.__decrementer_init
                0x000000008001ba10        0x4 C:/devkitPro/libogc/lib/wii\libogc.a(decrementer.o)
                0x000000008001ba10                __decrementer_init
 .text.c_decrementer_handler
                0x000000008001ba14        0xc C:/devkitPro/libogc/lib/wii\libogc.a(decrementer.o)
                0x000000008001ba14                c_decrementer_handler
 .text.__lwp_mqbox_init
                0x000000008001ba20       0x14 C:/devkitPro/libogc/lib/wii\libogc.a(message.o)
                0x000000008001ba20                __lwp_mqbox_init
 .text.__si_transfer
                0x000000008001ba34      0x160 C:/devkitPro/libogc/lib/wii\libogc.a(si.o)
 .text.__si_alarmhandler
                0x000000008001bb94       0xe0 C:/devkitPro/libogc/lib/wii\libogc.a(si.o)
 .text.__si_completetransfer
                0x000000008001bc74      0x1d4 C:/devkitPro/libogc/lib/wii\libogc.a(si.o)
 .text.__si_transfernext
                0x000000008001be48       0xe8 C:/devkitPro/libogc/lib/wii\libogc.a(si.o)
 .text.SI_Busy  0x000000008001bf30       0x18 C:/devkitPro/libogc/lib/wii\libogc.a(si.o)
                0x000000008001bf30                SI_Busy
 .text.SI_IsChanBusy
                0x000000008001bf48       0x38 C:/devkitPro/libogc/lib/wii\libogc.a(si.o)
                0x000000008001bf48                SI_IsChanBusy
 .text.SI_SetXY
                0x000000008001bf80       0x64 C:/devkitPro/libogc/lib/wii\libogc.a(si.o)
                0x000000008001bf80                SI_SetXY
 .text.SI_EnablePolling
                0x000000008001bfe4       0x84 C:/devkitPro/libogc/lib/wii\libogc.a(si.o)
                0x000000008001bfe4                SI_EnablePolling
 .text.SI_DisablePolling
                0x000000008001c068       0x58 C:/devkitPro/libogc/lib/wii\libogc.a(si.o)
                0x000000008001c068                SI_DisablePolling
 .text.SI_SetSamplingRate
                0x000000008001c0c0       0xe4 C:/devkitPro/libogc/lib/wii\libogc.a(si.o)
                0x000000008001c0c0                SI_SetSamplingRate
 .text.SI_RefreshSamplingRate
                0x000000008001c1a4        0x8 C:/devkitPro/libogc/lib/wii\libogc.a(si.o)
                0x000000008001c1a4                SI_RefreshSamplingRate
 .text.SI_GetStatus
                0x000000008001c1ac       0x78 C:/devkitPro/libogc/lib/wii\libogc.a(si.o)
                0x000000008001c1ac                SI_GetStatus
 .text.SI_GetResponseRaw
                0x000000008001c224       0x80 C:/devkitPro/libogc/lib/wii\libogc.a(si.o)
                0x000000008001c224                SI_GetResponseRaw
 .text.SI_GetResponse
                0x000000008001c2a4       0xb8 C:/devkitPro/libogc/lib/wii\libogc.a(si.o)
                0x000000008001c2a4                SI_GetResponse
 .text.SI_SetCommand
                0x000000008001c35c       0x10 C:/devkitPro/libogc/lib/wii\libogc.a(si.o)
                0x000000008001c35c                SI_SetCommand
 .text.SI_Transfer
                0x000000008001c36c      0x270 C:/devkitPro/libogc/lib/wii\libogc.a(si.o)
                0x000000008001c36c                SI_Transfer
 .text.__si_gettypecallback
                0x000000008001c5dc      0x2d4 C:/devkitPro/libogc/lib/wii\libogc.a(si.o)
 .text.__si_interrupthandler
                0x000000008001c8b0      0x270 C:/devkitPro/libogc/lib/wii\libogc.a(si.o)
 .text.SI_GetType
                0x000000008001cb20      0x1d8 C:/devkitPro/libogc/lib/wii\libogc.a(si.o)
                0x000000008001cb20                SI_GetType
 .text.SI_GetTypeAsync
                0x000000008001ccf8      0x138 C:/devkitPro/libogc/lib/wii\libogc.a(si.o)
                0x000000008001ccf8                SI_GetTypeAsync
 .text.SI_EnablePollingInterrupt
                0x000000008001ce30       0xac C:/devkitPro/libogc/lib/wii\libogc.a(si.o)
                0x000000008001ce30                SI_EnablePollingInterrupt
 .text.SI_UnregisterPollingHandler
                0x000000008001cedc       0xdc C:/devkitPro/libogc/lib/wii\libogc.a(si.o)
                0x000000008001cedc                SI_UnregisterPollingHandler
 .text.__si_init
                0x000000008001cfb8       0xf8 C:/devkitPro/libogc/lib/wii\libogc.a(si.o)
                0x000000008001cfb8                __si_init
 .text.__ios_ioctlvformat_parse
                0x000000008001d0b0      0x80c C:/devkitPro/libogc/lib/wii\libogc.a(ipc.o)
 .text.__ioctlvfmtCB
                0x000000008001d8bc      0x15c C:/devkitPro/libogc/lib/wii\libogc.a(ipc.o)
 .text.__ipc_sendrequest.part.0
                0x000000008001da18       0xe4 C:/devkitPro/libogc/lib/wii\libogc.a(ipc.o)
 .text.__ipc_interrupthandler
                0x000000008001dafc      0x354 C:/devkitPro/libogc/lib/wii\libogc.a(ipc.o)
 .text.__ipc_syncrequest
                0x000000008001de50       0xe8 C:/devkitPro/libogc/lib/wii\libogc.a(ipc.o)
 .text.__ipc_asyncrequest
                0x000000008001df38      0x14c C:/devkitPro/libogc/lib/wii\libogc.a(ipc.o)
 .text.__IPC_Init.part.2
                0x000000008001e084       0x3c C:/devkitPro/libogc/lib/wii\libogc.a(ipc.o)
 .text.iosCreateHeap
                0x000000008001e0c0      0x130 C:/devkitPro/libogc/lib/wii\libogc.a(ipc.o)
                0x000000008001e0c0                iosCreateHeap
 .text.__IPC_ClntInit
                0x000000008001e1f0       0xa4 C:/devkitPro/libogc/lib/wii\libogc.a(ipc.o)
                0x000000008001e1f0                __IPC_ClntInit
 .text.IOS_Open
                0x000000008001e294      0x110 C:/devkitPro/libogc/lib/wii\libogc.a(ipc.o)
                0x000000008001e294                IOS_Open
 .text.IOS_Close
                0x000000008001e3a4       0xf0 C:/devkitPro/libogc/lib/wii\libogc.a(ipc.o)
                0x000000008001e3a4                IOS_Close
 .text.IOS_Read
                0x000000008001e494      0x10c C:/devkitPro/libogc/lib/wii\libogc.a(ipc.o)
                0x000000008001e494                IOS_Read
 .text.IOS_Write
                0x000000008001e5a0      0x10c C:/devkitPro/libogc/lib/wii\libogc.a(ipc.o)
                0x000000008001e5a0                IOS_Write
 .text.IOS_Ioctl
                0x000000008001e6ac      0x158 C:/devkitPro/libogc/lib/wii\libogc.a(ipc.o)
                0x000000008001e6ac                IOS_Ioctl
 .text.IOS_IoctlAsync
                0x000000008001e804      0x148 C:/devkitPro/libogc/lib/wii\libogc.a(ipc.o)
                0x000000008001e804                IOS_IoctlAsync
 .text.IOS_Ioctlv
                0x000000008001e94c      0x1ec C:/devkitPro/libogc/lib/wii\libogc.a(ipc.o)
                0x000000008001e94c                IOS_Ioctlv
 .text.IOS_IoctlvFormat
                0x000000008001eb38      0x170 C:/devkitPro/libogc/lib/wii\libogc.a(ipc.o)
                0x000000008001eb38                IOS_IoctlvFormat
 .text.IOS_IoctlvReboot
                0x000000008001eca8      0x1f0 C:/devkitPro/libogc/lib/wii\libogc.a(ipc.o)
                0x000000008001eca8                IOS_IoctlvReboot
 .text.gettick  0x000000008001ee98        0x8 C:/devkitPro/libogc/lib/wii\libogc.a(timesupp.o)
                0x000000008001ee98                gettick
 .text.gettime  0x000000008001eea0       0x18 C:/devkitPro/libogc/lib/wii\libogc.a(timesupp.o)
                0x000000008001eea0                gettime
 .text.settime  0x000000008001eeb8       0x14 C:/devkitPro/libogc/lib/wii\libogc.a(timesupp.o)
                0x000000008001eeb8                settime
 .text.diff_usec
                0x000000008001eecc       0x88 C:/devkitPro/libogc/lib/wii\libogc.a(timesupp.o)
                0x000000008001eecc                diff_usec
 .text.__timesystem_init
                0x000000008001ef54       0x1c C:/devkitPro/libogc/lib/wii\libogc.a(timesupp.o)
                0x000000008001ef54                __timesystem_init
 .text.udelay   0x000000008001ef70       0xac C:/devkitPro/libogc/lib/wii\libogc.a(timesupp.o)
                0x000000008001ef70                udelay
 .text.__libogc_nanosleep
                0x000000008001f01c      0x144 C:/devkitPro/libogc/lib/wii\libogc.a(timesupp.o)
                0x000000008001f01c                __libogc_nanosleep
 .text.__libogc_gettod_r
                0x000000008001f160       0xd4 C:/devkitPro/libogc/lib/wii\libogc.a(timesupp.o)
                0x000000008001f160                __libogc_gettod_r
 .text.__libogc_lock_init
                0x000000008001f234       0x78 C:/devkitPro/libogc/lib/wii\libogc.a(lock_supp.o)
                0x000000008001f234                __libogc_lock_init
 .text.__libogc_lock_close
                0x000000008001f2ac       0x64 C:/devkitPro/libogc/lib/wii\libogc.a(lock_supp.o)
                0x000000008001f2ac                __libogc_lock_close
 .text.__libogc_lock_acquire
                0x000000008001f310       0x20 C:/devkitPro/libogc/lib/wii\libogc.a(lock_supp.o)
                0x000000008001f310                __libogc_lock_acquire
 .text.__libogc_lock_release
                0x000000008001f330       0x20 C:/devkitPro/libogc/lib/wii\libogc.a(lock_supp.o)
                0x000000008001f330                __libogc_lock_release
 .text.__libc_create_hook
                0x000000008001f350       0x10 C:/devkitPro/libogc/lib/wii\libogc.a(newlibc.o)
                0x000000008001f350                __libc_create_hook
 .text.__libc_start_hook
                0x000000008001f360       0x9c C:/devkitPro/libogc/lib/wii\libogc.a(newlibc.o)
                0x000000008001f360                __libc_start_hook
 .text.__libc_delete_hook
                0x000000008001f3fc       0xfc C:/devkitPro/libogc/lib/wii\libogc.a(newlibc.o)
                0x000000008001f3fc                __libc_delete_hook
 .text.__libc_init
                0x000000008001f4f8       0xb0 C:/devkitPro/libogc/lib/wii\libogc.a(newlibc.o)
                0x000000008001f4f8                __libc_init
 .text.__usbgecko_exi_unlock
                0x000000008001f5a8       0x30 C:/devkitPro/libogc/lib/wii\libogc.a(usbgecko.o)
 .text.__usb_sendbyte
                0x000000008001f5d8       0xc8 C:/devkitPro/libogc/lib/wii\libogc.a(usbgecko.o)
 .text.__usb_checksend
                0x000000008001f6a0       0xc0 C:/devkitPro/libogc/lib/wii\libogc.a(usbgecko.o)
                0x000000008001f6a0                __usb_checksend
 .text.usb_isgeckoalive
                0x000000008001f760      0x1b8 C:/devkitPro/libogc/lib/wii\libogc.a(usbgecko.o)
                0x000000008001f760                usb_isgeckoalive
 .text.usb_sendbuffer_ex
                0x000000008001f918      0x190 C:/devkitPro/libogc/lib/wii\libogc.a(usbgecko.o)
                0x000000008001f918                usb_sendbuffer_ex
 .text.usb_sendbuffer
                0x000000008001faa8        0x8 C:/devkitPro/libogc/lib/wii\libogc.a(usbgecko.o)
                0x000000008001faa8                usb_sendbuffer
 .text.usb_sendbuffer_safe_ex
                0x000000008001fab0      0x1a0 C:/devkitPro/libogc/lib/wii\libogc.a(usbgecko.o)
                0x000000008001fab0                usb_sendbuffer_safe_ex
 .text.usb_sendbuffer_safe
                0x000000008001fc50        0x8 C:/devkitPro/libogc/lib/wii\libogc.a(usbgecko.o)
                0x000000008001fc50                usb_sendbuffer_safe
 .text.__libogc_sbrk_r
                0x000000008001fc58      0x29c C:/devkitPro/libogc/lib/wii\libogc.a(sbrk.o)
                0x000000008001fc58                __libogc_sbrk_r
 .text.__memlock_init
                0x000000008001fef4       0x7c C:/devkitPro/libogc/lib/wii\libogc.a(malloc_lock.o)
                0x000000008001fef4                __memlock_init
 .text.__libogc_malloc_lock
                0x000000008001ff70      0x1f8 C:/devkitPro/libogc/lib/wii\libogc.a(malloc_lock.o)
                0x000000008001ff70                __libogc_malloc_lock
 .text.__libogc_malloc_unlock
                0x0000000080020168       0x64 C:/devkitPro/libogc/lib/wii\libogc.a(malloc_lock.o)
                0x0000000080020168                __libogc_malloc_unlock
 .text.__STM_SetEventHook
                0x00000000800201cc       0xb0 C:/devkitPro/libogc/lib/wii\libogc.a(stm.o)
                0x00000000800201cc                __STM_SetEventHook
 .text.__STM_Init
                0x000000008002027c       0x94 C:/devkitPro/libogc/lib/wii\libogc.a(stm.o)
                0x000000008002027c                __STM_Init
 .text.__STMEventHandler
                0x0000000080020310       0x60 C:/devkitPro/libogc/lib/wii\libogc.a(stm.o)
 .text.__STM_ReleaseEventHook
                0x0000000080020370       0x80 C:/devkitPro/libogc/lib/wii\libogc.a(stm.o)
                0x0000000080020370                __STM_ReleaseEventHook
 .text.__STM_Close
                0x00000000800203f0       0xac C:/devkitPro/libogc/lib/wii\libogc.a(stm.o)
                0x00000000800203f0                __STM_Close
 .text.STM_RegisterEventHandler
                0x000000008002049c       0x10 C:/devkitPro/libogc/lib/wii\libogc.a(stm.o)
                0x000000008002049c                STM_RegisterEventHandler
 .text.STM_ShutdownToStandby
                0x00000000800204ac       0x50 C:/devkitPro/libogc/lib/wii\libogc.a(stm.o)
                0x00000000800204ac                STM_ShutdownToStandby
 .text.STM_ShutdownToIdle
                0x00000000800204fc       0x70 C:/devkitPro/libogc/lib/wii\libogc.a(stm.o)
                0x00000000800204fc                STM_ShutdownToIdle
 .text.STM_SetLedMode
                0x000000008002056c       0x40 C:/devkitPro/libogc/lib/wii\libogc.a(stm.o)
                0x000000008002056c                STM_SetLedMode
 .text.STM_RebootSystem
                0x00000000800205ac       0x50 C:/devkitPro/libogc/lib/wii\libogc.a(stm.o)
                0x00000000800205ac                STM_RebootSystem
 .text.__IOS_InitializeSubsystems
                0x00000000800205fc       0x48 C:/devkitPro/libogc/lib/wii\libogc.a(ios.o)
                0x00000000800205fc                __IOS_InitializeSubsystems
 .text.__IOS_ShutdownSubsystems
                0x0000000080020644       0x48 C:/devkitPro/libogc/lib/wii\libogc.a(ios.o)
                0x0000000080020644                __IOS_ShutdownSubsystems
 .text.__IOS_LoadStartupIOS
                0x000000008002068c        0x8 C:/devkitPro/libogc/lib/wii\libogc.a(ios.o)
                0x000000008002068c                __IOS_LoadStartupIOS
 .text._ES_fillstat
                0x0000000080020694       0xe8 C:/devkitPro/libogc/lib/wii\libogc.a(es.o)
 .text._ES_fstat_r
                0x000000008002077c       0x8c C:/devkitPro/libogc/lib/wii\libogc.a(es.o)
 .text.__ES_Close.part.0
                0x0000000080020808       0x44 C:/devkitPro/libogc/lib/wii\libogc.a(es.o)
 .text.__ES_Init
                0x000000008002084c       0x78 C:/devkitPro/libogc/lib/wii\libogc.a(es.o)
                0x000000008002084c                __ES_Init
 .text.__ES_Close
                0x00000000800208c4       0x18 C:/devkitPro/libogc/lib/wii\libogc.a(es.o)
                0x00000000800208c4                __ES_Close
 .text.ES_GetTitleID
                0x00000000800208dc       0x80 C:/devkitPro/libogc/lib/wii\libogc.a(es.o)
                0x00000000800208dc                ES_GetTitleID
 .text.ES_LaunchTitle
                0x000000008002095c       0xb4 C:/devkitPro/libogc/lib/wii\libogc.a(es.o)
                0x000000008002095c                ES_LaunchTitle
 .text.ES_GetNumTicketViews
                0x0000000080020a10       0x84 C:/devkitPro/libogc/lib/wii\libogc.a(es.o)
                0x0000000080020a10                ES_GetNumTicketViews
 .text.ES_GetTicketViews
                0x0000000080020a94       0x8c C:/devkitPro/libogc/lib/wii\libogc.a(es.o)
                0x0000000080020a94                ES_GetTicketViews
 .text.ES_GetStoredTMDSize
                0x0000000080020b20       0x84 C:/devkitPro/libogc/lib/wii\libogc.a(es.o)
                0x0000000080020b20                ES_GetStoredTMDSize
 .text.ES_GetStoredTMD
                0x0000000080020ba4       0x90 C:/devkitPro/libogc/lib/wii\libogc.a(es.o)
                0x0000000080020ba4                ES_GetStoredTMD
 .text._ES_decodepath
                0x0000000080020c34      0x394 C:/devkitPro/libogc/lib/wii\libogc.a(es.o)
 .text._ES_stat_r
                0x0000000080020fc8       0x5c C:/devkitPro/libogc/lib/wii\libogc.a(es.o)
 .text.ES_OpenContent
                0x0000000080021024       0x30 C:/devkitPro/libogc/lib/wii\libogc.a(es.o)
                0x0000000080021024                ES_OpenContent
 .text.ES_OpenTitleContent
                0x0000000080021054       0x70 C:/devkitPro/libogc/lib/wii\libogc.a(es.o)
                0x0000000080021054                ES_OpenTitleContent
 .text._ES_open_r
                0x00000000800210c4      0x13c C:/devkitPro/libogc/lib/wii\libogc.a(es.o)
 .text.ES_ReadContent
                0x0000000080021200       0x6c C:/devkitPro/libogc/lib/wii\libogc.a(es.o)
                0x0000000080021200                ES_ReadContent
 .text._ES_read_r
                0x000000008002126c      0x1c8 C:/devkitPro/libogc/lib/wii\libogc.a(es.o)
 .text.ES_SeekContent
                0x0000000080021434       0x4c C:/devkitPro/libogc/lib/wii\libogc.a(es.o)
                0x0000000080021434                ES_SeekContent
 .text._ES_seek_r
                0x0000000080021480       0xb8 C:/devkitPro/libogc/lib/wii\libogc.a(es.o)
 .text.ES_CloseContent
                0x0000000080021538       0x40 C:/devkitPro/libogc/lib/wii\libogc.a(es.o)
                0x0000000080021538                ES_CloseContent
 .text._ES_close_r
                0x0000000080021578       0x8c C:/devkitPro/libogc/lib/wii\libogc.a(es.o)
 .text.__CheckARGV
                0x0000000080021604       0x80 C:/devkitPro/libogc/lib/wii\libogc.a(argv.o)
                0x0000000080021604                __CheckARGV
 .text.CONF_Init
                0x0000000080021684      0x150 C:/devkitPro/libogc/lib/wii\libogc.a(conf.o)
                0x0000000080021684                CONF_Init
 .text.__CONF_GetTxt
                0x00000000800217d4      0x1a0 C:/devkitPro/libogc/lib/wii\libogc.a(conf.o)
                0x00000000800217d4                __CONF_GetTxt
 .text.__CONF_Find
                0x0000000080021974       0xfc C:/devkitPro/libogc/lib/wii\libogc.a(conf.o)
                0x0000000080021974                __CONF_Find
 .text.CONF_GetLength
                0x0000000080021a70      0x12c C:/devkitPro/libogc/lib/wii\libogc.a(conf.o)
                0x0000000080021a70                CONF_GetLength
 .text.CONF_Get
                0x0000000080021b9c      0x134 C:/devkitPro/libogc/lib/wii\libogc.a(conf.o)
                0x0000000080021b9c                CONF_Get
 .text.CONF_GetShutdownMode
                0x0000000080021cd0       0x54 C:/devkitPro/libogc/lib/wii\libogc.a(conf.o)
                0x0000000080021cd0                CONF_GetShutdownMode
 .text.CONF_GetIdleLedMode
                0x0000000080021d24       0x54 C:/devkitPro/libogc/lib/wii\libogc.a(conf.o)
                0x0000000080021d24                CONF_GetIdleLedMode
 .text.CONF_GetProgressiveScan
                0x0000000080021d78       0x54 C:/devkitPro/libogc/lib/wii\libogc.a(conf.o)
                0x0000000080021d78                CONF_GetProgressiveScan
 .text.CONF_GetEuRGB60
                0x0000000080021dcc       0x54 C:/devkitPro/libogc/lib/wii\libogc.a(conf.o)
                0x0000000080021dcc                CONF_GetEuRGB60
 .text.CONF_GetCounterBias
                0x0000000080021e20       0x4c C:/devkitPro/libogc/lib/wii\libogc.a(conf.o)
                0x0000000080021e20                CONF_GetCounterBias
 .text.CONF_GetDisplayOffsetH
                0x0000000080021e6c       0x4c C:/devkitPro/libogc/lib/wii\libogc.a(conf.o)
                0x0000000080021e6c                CONF_GetDisplayOffsetH
 .text.CONF_GetVideo
                0x0000000080021eb8       0x98 C:/devkitPro/libogc/lib/wii\libogc.a(conf.o)
                0x0000000080021eb8                CONF_GetVideo
 .text.__WII_WriteNANDBootInfo
                0x0000000080021f50       0x9c C:/devkitPro/libogc/lib/wii\libogc.a(wiilaunch.o)
 .text.__WII_WriteStateFlags
                0x0000000080021fec       0xb4 C:/devkitPro/libogc/lib/wii\libogc.a(wiilaunch.o)
 .text.WII_Initialize
                0x00000000800220a0      0x178 C:/devkitPro/libogc/lib/wii\libogc.a(wiilaunch.o)
                0x00000000800220a0                WII_Initialize
 .text.WII_LaunchTitle
                0x0000000080022218      0x184 C:/devkitPro/libogc/lib/wii\libogc.a(wiilaunch.o)
                0x0000000080022218                WII_LaunchTitle
 .text.WII_ReturnToMenu
                0x000000008002239c       0x58 C:/devkitPro/libogc/lib/wii\libogc.a(wiilaunch.o)
                0x000000008002239c                WII_ReturnToMenu
 .text.__lwp_priority_init
                0x00000000800223f4       0x24 C:/devkitPro/libogc/lib/wii\libogc.a(lwp_priority.o)
                0x00000000800223f4                __lwp_priority_init
 .text.__lwp_threadqueue_enqueuefifo
                0x0000000080022418      0x144 C:/devkitPro/libogc/lib/wii\libogc.a(lwp_threadq.o)
                0x0000000080022418                __lwp_threadqueue_enqueuefifo
 .text.__lwp_threadqueue_dequeuefifo
                0x000000008002255c      0x14c C:/devkitPro/libogc/lib/wii\libogc.a(lwp_threadq.o)
                0x000000008002255c                __lwp_threadqueue_dequeuefifo
 .text.__lwp_threadqueue_enqueuepriority
                0x00000000800226a8      0x3e0 C:/devkitPro/libogc/lib/wii\libogc.a(lwp_threadq.o)
                0x00000000800226a8                __lwp_threadqueue_enqueuepriority
 .text.__lwp_threadqueue_dequeuepriority
                0x0000000080022a88      0x1d8 C:/devkitPro/libogc/lib/wii\libogc.a(lwp_threadq.o)
                0x0000000080022a88                __lwp_threadqueue_dequeuepriority
 .text.__lwp_threadqueue_init
                0x0000000080022c60       0x64 C:/devkitPro/libogc/lib/wii\libogc.a(lwp_threadq.o)
                0x0000000080022c60                __lwp_threadqueue_init
 .text.__lwp_threadqueue_enqueue
                0x0000000080022cc4      0x138 C:/devkitPro/libogc/lib/wii\libogc.a(lwp_threadq.o)
                0x0000000080022cc4                __lwp_threadqueue_enqueue
 .text.__lwp_threadqueue_dequeue
                0x0000000080022dfc       0x24 C:/devkitPro/libogc/lib/wii\libogc.a(lwp_threadq.o)
                0x0000000080022dfc                __lwp_threadqueue_dequeue
 .text.__lwp_threadqueue_flush
                0x0000000080022e20       0x4c C:/devkitPro/libogc/lib/wii\libogc.a(lwp_threadq.o)
                0x0000000080022e20                __lwp_threadqueue_flush
 .text.__lwp_threadqueue_extractfifo
                0x0000000080022e6c       0xe8 C:/devkitPro/libogc/lib/wii\libogc.a(lwp_threadq.o)
                0x0000000080022e6c                __lwp_threadqueue_extractfifo
 .text.__lwp_threadqueue_extractpriority
                0x0000000080022f54      0x140 C:/devkitPro/libogc/lib/wii\libogc.a(lwp_threadq.o)
                0x0000000080022f54                __lwp_threadqueue_extractpriority
 .text.__lwp_threadqueue_extract
                0x0000000080023094       0x1c C:/devkitPro/libogc/lib/wii\libogc.a(lwp_threadq.o)
                0x0000000080023094                __lwp_threadqueue_extract
 .text.__lwp_threadqueue_timeout
                0x00000000800230b0       0x88 C:/devkitPro/libogc/lib/wii\libogc.a(lwp_threadq.o)
 .text.__lwp_threadqueue_extractproxy
                0x0000000080023138       0x44 C:/devkitPro/libogc/lib/wii\libogc.a(lwp_threadq.o)
                0x0000000080023138                __lwp_threadqueue_extractproxy
 .text.__lwp_isr_in_progress
                0x000000008002317c        0x8 C:/devkitPro/libogc/lib/wii\libogc.a(lwp_threads.o)
                0x000000008002317c                __lwp_isr_in_progress
 .text.__thread_dispatch_fp
                0x0000000080023184       0x88 C:/devkitPro/libogc/lib/wii\libogc.a(lwp_threads.o)
                0x0000000080023184                __thread_dispatch_fp
 .text.__thread_dispatch
                0x000000008002320c      0x110 C:/devkitPro/libogc/lib/wii\libogc.a(lwp_threads.o)
                0x000000008002320c                __thread_dispatch
 .text.__lwp_thread_resettimeslice
                0x000000008002331c       0xec C:/devkitPro/libogc/lib/wii\libogc.a(lwp_threads.o)
                0x000000008002331c                __lwp_thread_resettimeslice
 .text.__lwp_thread_tickle_timeslice
                0x0000000080023408       0xcc C:/devkitPro/libogc/lib/wii\libogc.a(lwp_threads.o)
                0x0000000080023408                __lwp_thread_tickle_timeslice
 .text.__lwp_thread_setstate
                0x00000000800234d4      0x178 C:/devkitPro/libogc/lib/wii\libogc.a(lwp_threads.o)
                0x00000000800234d4                __lwp_thread_setstate
 .text.__lwp_thread_clearstate
                0x000000008002364c       0xe4 C:/devkitPro/libogc/lib/wii\libogc.a(lwp_threads.o)
                0x000000008002364c                __lwp_thread_clearstate
 .text.__lwp_thread_delayended
                0x0000000080023730       0x48 C:/devkitPro/libogc/lib/wii\libogc.a(lwp_threads.o)
                0x0000000080023730                __lwp_thread_delayended
 .text.__lwp_thread_settransient
                0x0000000080023778       0xb4 C:/devkitPro/libogc/lib/wii\libogc.a(lwp_threads.o)
                0x0000000080023778                __lwp_thread_settransient
 .text.__lwp_thread_changepriority
                0x000000008002382c      0x1f8 C:/devkitPro/libogc/lib/wii\libogc.a(lwp_threads.o)
                0x000000008002382c                __lwp_thread_changepriority
 .text.__lwp_thread_ready
                0x0000000080023a24       0xf4 C:/devkitPro/libogc/lib/wii\libogc.a(lwp_threads.o)
                0x0000000080023a24                __lwp_thread_ready
 .text.__lwp_thread_init
                0x0000000080023b18      0x180 C:/devkitPro/libogc/lib/wii\libogc.a(lwp_threads.o)
                0x0000000080023b18                __lwp_thread_init
 .text.__lwp_thread_close
                0x0000000080023c98      0x130 C:/devkitPro/libogc/lib/wii\libogc.a(lwp_threads.o)
                0x0000000080023c98                __lwp_thread_close
 .text.__lwp_thread_closeall
                0x0000000080023dc8       0xb8 C:/devkitPro/libogc/lib/wii\libogc.a(lwp_threads.o)
                0x0000000080023dc8                __lwp_thread_closeall
 .text.__lwp_thread_exit
                0x0000000080023e80       0x5c C:/devkitPro/libogc/lib/wii\libogc.a(lwp_threads.o)
                0x0000000080023e80                __lwp_thread_exit
 .text.__lwp_thread_handler
                0x0000000080023edc       0xb4 C:/devkitPro/libogc/lib/wii\libogc.a(lwp_threads.o)
 .text.__lwp_thread_start
                0x0000000080023f90       0xd4 C:/devkitPro/libogc/lib/wii\libogc.a(lwp_threads.o)
                0x0000000080023f90                __lwp_thread_start
 .text.__lwp_thread_startmultitasking
                0x0000000080024064       0xb0 C:/devkitPro/libogc/lib/wii\libogc.a(lwp_threads.o)
                0x0000000080024064                __lwp_thread_startmultitasking
 .text.__lwp_thread_stopmultitasking
                0x0000000080024114       0x58 C:/devkitPro/libogc/lib/wii\libogc.a(lwp_threads.o)
                0x0000000080024114                __lwp_thread_stopmultitasking
 .text.__lwp_thread_coreinit
                0x000000008002416c       0xb0 C:/devkitPro/libogc/lib/wii\libogc.a(lwp_threads.o)
                0x000000008002416c                __lwp_thread_coreinit
 .text.idle_func
                0x000000008002421c        0x4 C:/devkitPro/libogc/lib/wii\libogc.a(lwp.o)
 .text.__lwp_sysinit
                0x0000000080024220      0x118 C:/devkitPro/libogc/lib/wii\libogc.a(lwp.o)
                0x0000000080024220                __lwp_sysinit
 .text.LWP_InitQueue
                0x0000000080024338      0x150 C:/devkitPro/libogc/lib/wii\libogc.a(lwp.o)
                0x0000000080024338                LWP_InitQueue
 .text.LWP_CloseQueue
                0x0000000080024488       0xd4 C:/devkitPro/libogc/lib/wii\libogc.a(lwp.o)
                0x0000000080024488                LWP_CloseQueue
 .text.LWP_ThreadSleep
                0x000000008002455c      0x110 C:/devkitPro/libogc/lib/wii\libogc.a(lwp.o)
                0x000000008002455c                LWP_ThreadSleep
 .text.LWP_ThreadBroadcast
                0x000000008002466c       0x88 C:/devkitPro/libogc/lib/wii\libogc.a(lwp.o)
                0x000000008002466c                LWP_ThreadBroadcast
 .text.LWP_ThreadSignal
                0x00000000800246f4       0x74 C:/devkitPro/libogc/lib/wii\libogc.a(lwp.o)
                0x00000000800246f4                LWP_ThreadSignal
 .text.__lwp_stack_allocate
                0x0000000080024768       0x60 C:/devkitPro/libogc/lib/wii\libogc.a(lwp_stack.o)
                0x0000000080024768                __lwp_stack_allocate
 .text.__lwp_stack_free
                0x00000000800247c8       0x1c C:/devkitPro/libogc/lib/wii\libogc.a(lwp_stack.o)
                0x00000000800247c8                __lwp_stack_free
 .text.__lwp_mutex_initialize
                0x00000000800247e4       0xa4 C:/devkitPro/libogc/lib/wii\libogc.a(lwp_mutex.o)
                0x00000000800247e4                __lwp_mutex_initialize
 .text.__lwp_mutex_surrender
                0x0000000080024888      0x174 C:/devkitPro/libogc/lib/wii\libogc.a(lwp_mutex.o)
                0x0000000080024888                __lwp_mutex_surrender
 .text.__lwp_mutex_seize_irq_blocking
                0x00000000800249fc      0x104 C:/devkitPro/libogc/lib/wii\libogc.a(lwp_mutex.o)
                0x00000000800249fc                __lwp_mutex_seize_irq_blocking
 .text.__lwp_mutex_flush
                0x0000000080024b00        0x4 C:/devkitPro/libogc/lib/wii\libogc.a(lwp_mutex.o)
                0x0000000080024b00                __lwp_mutex_flush
 .text.__lwp_wd_settimer.isra.4
                0x0000000080024b04       0xd8 C:/devkitPro/libogc/lib/wii\libogc.a(lwp_watchdog.o)
 .text.__lwp_watchdog_init
                0x0000000080024bdc       0x2c C:/devkitPro/libogc/lib/wii\libogc.a(lwp_watchdog.o)
                0x0000000080024bdc                __lwp_watchdog_init
 .text.__lwp_wd_insert
                0x0000000080024c08      0x1e4 C:/devkitPro/libogc/lib/wii\libogc.a(lwp_watchdog.o)
                0x0000000080024c08                __lwp_wd_insert
 .text.__lwp_wd_remove
                0x0000000080024dec      0x144 C:/devkitPro/libogc/lib/wii\libogc.a(lwp_watchdog.o)
                0x0000000080024dec                __lwp_wd_remove
 .text.__lwp_wd_tickle
                0x0000000080024f30      0x120 C:/devkitPro/libogc/lib/wii\libogc.a(lwp_watchdog.o)
                0x0000000080024f30                __lwp_wd_tickle
 .text.__lwp_wkspace_init
                0x0000000080025050       0xc4 C:/devkitPro/libogc/lib/wii\libogc.a(lwp_wkspace.o)
                0x0000000080025050                __lwp_wkspace_init
 .text.__lwp_objmgr_initinfo
                0x0000000080025114      0x1a4 C:/devkitPro/libogc/lib/wii\libogc.a(lwp_objmgr.o)
                0x0000000080025114                __lwp_objmgr_initinfo
 .text.__lwp_objmgr_getisrdisable
                0x00000000800252b8       0x60 C:/devkitPro/libogc/lib/wii\libogc.a(lwp_objmgr.o)
                0x00000000800252b8                __lwp_objmgr_getisrdisable
 .text.__lwp_objmgr_getnoprotection
                0x0000000080025318       0x24 C:/devkitPro/libogc/lib/wii\libogc.a(lwp_objmgr.o)
                0x0000000080025318                __lwp_objmgr_getnoprotection
 .text.__lwp_objmgr_get
                0x000000008002533c       0x70 C:/devkitPro/libogc/lib/wii\libogc.a(lwp_objmgr.o)
                0x000000008002533c                __lwp_objmgr_get
 .text.__lwp_objmgr_allocate
                0x00000000800253ac       0x88 C:/devkitPro/libogc/lib/wii\libogc.a(lwp_objmgr.o)
                0x00000000800253ac                __lwp_objmgr_allocate
 .text.__lwp_objmgr_free
                0x0000000080025434       0x60 C:/devkitPro/libogc/lib/wii\libogc.a(lwp_objmgr.o)
                0x0000000080025434                __lwp_objmgr_free
 .text.__lwp_heap_init
                0x0000000080025494       0xa4 C:/devkitPro/libogc/lib/wii\libogc.a(lwp_heap.o)
                0x0000000080025494                __lwp_heap_init
 .text.__lwp_heap_allocate
                0x0000000080025538      0x16c C:/devkitPro/libogc/lib/wii\libogc.a(lwp_heap.o)
                0x0000000080025538                __lwp_heap_allocate
 .text.__lwp_heap_free
                0x00000000800256a4      0x188 C:/devkitPro/libogc/lib/wii\libogc.a(lwp_heap.o)
                0x00000000800256a4                __lwp_heap_free
 .text.__exception_load
                0x000000008002582c       0xa4 C:/devkitPro/libogc/lib/wii\libogc.a(exception.o)
                0x000000008002582c                __exception_load
 .text.__systemcall_init
                0x00000000800258d0       0x20 C:/devkitPro/libogc/lib/wii\libogc.a(exception.o)
                0x00000000800258d0                __systemcall_init
 .text.__exception_init
                0x00000000800258f0       0xd8 C:/devkitPro/libogc/lib/wii\libogc.a(exception.o)
                0x00000000800258f0                __exception_init
 .text.__exception_close
                0x00000000800259c8       0xac C:/devkitPro/libogc/lib/wii\libogc.a(exception.o)
                0x00000000800259c8                __exception_close
 .text.__exception_closeall
                0x0000000080025a74       0x54 C:/devkitPro/libogc/lib/wii\libogc.a(exception.o)
                0x0000000080025a74                __exception_closeall
 .text.c_default_exceptionhandler
                0x0000000080025ac8      0x448 C:/devkitPro/libogc/lib/wii\libogc.a(exception.o)
                0x0000000080025ac8                c_default_exceptionhandler
 .text.__SetInterrupts
                0x0000000080025f10      0x298 C:/devkitPro/libogc/lib/wii\libogc.a(irq.o)
 .text.c_irqdispatcher
                0x00000000800261a8      0x27c C:/devkitPro/libogc/lib/wii\libogc.a(irq.o)
                0x00000000800261a8                c_irqdispatcher
 .text.__UnmaskIrq
                0x0000000080026424       0x84 C:/devkitPro/libogc/lib/wii\libogc.a(irq.o)
                0x0000000080026424                __UnmaskIrq
 .text.__MaskIrq
                0x00000000800264a8       0x84 C:/devkitPro/libogc/lib/wii\libogc.a(irq.o)
                0x00000000800264a8                __MaskIrq
 .text.__irq_init
                0x000000008002652c       0x9c C:/devkitPro/libogc/lib/wii\libogc.a(irq.o)
                0x000000008002652c                __irq_init
 .text.IRQ_Request
                0x00000000800265c8       0x50 C:/devkitPro/libogc/lib/wii\libogc.a(irq.o)
                0x00000000800265c8                IRQ_Request
 .text.IRQ_GetHandler
                0x0000000080026618       0x44 C:/devkitPro/libogc/lib/wii\libogc.a(irq.o)
                0x0000000080026618                IRQ_GetHandler
 .text.__lwp_sema_init
                0x000000008002665c       0x14 C:/devkitPro/libogc/lib/wii\libogc.a(semaphore.o)
                0x000000008002665c                __lwp_sema_init
 .text.__exi_irq_handler
                0x0000000080026670       0x58 C:/devkitPro/libogc/lib/wii\libogc.a(exi.o)
 .text.__ext_irq_handler
                0x00000000800266c8       0xc8 C:/devkitPro/libogc/lib/wii\libogc.a(exi.o)
 .text.__tc_irq_handler
                0x0000000080026790      0x140 C:/devkitPro/libogc/lib/wii\libogc.a(exi.o)
 .text.__exi_probe
                0x00000000800268d0      0x1fc C:/devkitPro/libogc/lib/wii\libogc.a(exi.o)
 .text.__exi_attach
                0x0000000080026acc       0xf8 C:/devkitPro/libogc/lib/wii\libogc.a(exi.o)
 .text.EXI_Lock
                0x0000000080026bc4      0x218 C:/devkitPro/libogc/lib/wii\libogc.a(exi.o)
                0x0000000080026bc4                EXI_Lock
 .text.EXI_Unlock
                0x0000000080026ddc      0x228 C:/devkitPro/libogc/lib/wii\libogc.a(exi.o)
                0x0000000080026ddc                EXI_Unlock
 .text.EXI_Select
                0x0000000080027004      0x248 C:/devkitPro/libogc/lib/wii\libogc.a(exi.o)
                0x0000000080027004                EXI_Select
 .text.EXI_Deselect
                0x000000008002724c      0x174 C:/devkitPro/libogc/lib/wii\libogc.a(exi.o)
                0x000000008002724c                EXI_Deselect
 .text.EXI_Sync
                0x00000000800273c0       0xd8 C:/devkitPro/libogc/lib/wii\libogc.a(exi.o)
                0x00000000800273c0                EXI_Sync
 .text.EXI_Imm  0x0000000080027498      0x1c4 C:/devkitPro/libogc/lib/wii\libogc.a(exi.o)
                0x0000000080027498                EXI_Imm
 .text.EXI_ImmEx
                0x000000008002765c       0xd4 C:/devkitPro/libogc/lib/wii\libogc.a(exi.o)
                0x000000008002765c                EXI_ImmEx
 .text.EXI_Dma  0x0000000080027730      0x16c C:/devkitPro/libogc/lib/wii\libogc.a(exi.o)
                0x0000000080027730                EXI_Dma
 .text.EXI_Detach
                0x000000008002789c       0xd8 C:/devkitPro/libogc/lib/wii\libogc.a(exi.o)
                0x000000008002789c                EXI_Detach
 .text.EXI_GetID
                0x0000000080027974      0x338 C:/devkitPro/libogc/lib/wii\libogc.a(exi.o)
                0x0000000080027974                EXI_GetID
 .text.__unlocked_handler
                0x0000000080027cac       0x28 C:/devkitPro/libogc/lib/wii\libogc.a(exi.o)
 .text.EXI_ProbeReset
                0x0000000080027cd4       0x70 C:/devkitPro/libogc/lib/wii\libogc.a(exi.o)
                0x0000000080027cd4                EXI_ProbeReset
 .text.__exi_init
                0x0000000080027d44      0x18c C:/devkitPro/libogc/lib/wii\libogc.a(exi.o)
                0x0000000080027d44                __exi_init
 .text.__lwp_mutex_locksupp.constprop.8
                0x0000000080027ed0      0x294 C:/devkitPro/libogc/lib/wii\libogc.a(mutex.o)
 .text.__lwp_mutex_init
                0x0000000080028164       0x14 C:/devkitPro/libogc/lib/wii\libogc.a(mutex.o)
                0x0000000080028164                __lwp_mutex_init
 .text.LWP_MutexInit
                0x0000000080028178       0xe4 C:/devkitPro/libogc/lib/wii\libogc.a(mutex.o)
                0x0000000080028178                LWP_MutexInit
 .text.LWP_MutexDestroy
                0x000000008002825c       0xf0 C:/devkitPro/libogc/lib/wii\libogc.a(mutex.o)
                0x000000008002825c                LWP_MutexDestroy
 .text.LWP_MutexLock
                0x000000008002834c        0x8 C:/devkitPro/libogc/lib/wii\libogc.a(mutex.o)
                0x000000008002834c                LWP_MutexLock
 .text.LWP_MutexUnlock
                0x0000000080028354       0x9c C:/devkitPro/libogc/lib/wii\libogc.a(mutex.o)
                0x0000000080028354                LWP_MutexUnlock
 .text.__GX_InitRevBits
                0x00000000800283f0       0x9c C:/devkitPro/libogc/lib/wii\libogc.a(gx.o)
 .text.__GX_CleanGPFifo
                0x000000008002848c      0x19c C:/devkitPro/libogc/lib/wii\libogc.a(gx.o)
 .text.__SetSURegs
                0x0000000080028628       0x90 C:/devkitPro/libogc/lib/wii\libogc.a(gx.o)
 .text.__GX_WaitAbort
                0x00000000800286b8       0xa0 C:/devkitPro/libogc/lib/wii\libogc.a(gx.o)
 .text.__GX_Abort
                0x0000000080028758      0x12c C:/devkitPro/libogc/lib/wii\libogc.a(gx.o)
 .text.__GX_SetDirtyState
                0x0000000080028884      0x5fc C:/devkitPro/libogc/lib/wii\libogc.a(gx.o)
 .text.GX_Flush
                0x0000000080028e80       0x94 C:/devkitPro/libogc/lib/wii\libogc.a(gx.o)
                0x0000000080028e80                GX_Flush
 .text.GX_AbortFrame
                0x0000000080028f14       0x54 C:/devkitPro/libogc/lib/wii\libogc.a(gx.o)
                0x0000000080028f14                GX_AbortFrame
 .text.number   0x0000000080028f68      0x33c C:/devkitPro/libogc/lib/wii\libogc.a(kprintf.o)
 .text.kvsprintf
                0x00000000800292a4      0x760 C:/devkitPro/libogc/lib/wii\libogc.a(kprintf.o)
                0x00000000800292a4                kvsprintf
 .text.kprintf  0x0000000080029a04       0xac C:/devkitPro/libogc/lib/wii\libogc.a(kprintf.o)
                0x0000000080029a04                kprintf
 .text.net_wc24cleanup
                0x0000000080029ab0       0x64 C:/devkitPro/libogc/lib/wii\libogc.a(network_wii.o)
                0x0000000080029ab0                net_wc24cleanup
 .text.__lwp_queue_initialize
                0x0000000080029b14       0x60 C:/devkitPro/libogc/lib/wii\libogc.a(lwp_queue.o)
                0x0000000080029b14                __lwp_queue_initialize
 .text.__lwp_queue_get
                0x0000000080029b74       0x74 C:/devkitPro/libogc/lib/wii\libogc.a(lwp_queue.o)
                0x0000000080029b74                __lwp_queue_get
 .text.__lwp_queue_append
                0x0000000080029be8       0x4c C:/devkitPro/libogc/lib/wii\libogc.a(lwp_queue.o)
                0x0000000080029be8                __lwp_queue_append
 .text.__udivdi3
                0x0000000080029c34      0x3bc c:/devkitpro/devkitppc/bin/../lib/gcc/powerpc-eabi/8.2.0\libgcc.a(_udivdi3.o)
                0x0000000080029c34                __udivdi3
 .text.__umoddi3
                0x0000000080029ff0      0x370 c:/devkitpro/devkitppc/bin/../lib/gcc/powerpc-eabi/8.2.0\libgcc.a(_umoddi3.o)
                0x0000000080029ff0                __umoddi3
 .text.unlikely.abort
                0x000000008002a360       0x28 c:/devkitpro/devkitppc/bin/../lib/gcc/powerpc-eabi/8.2.0/../../../../powerpc-eabi/lib\libsysbase.a(abort.o)
                0x000000008002a360                abort
 .text.null_write
                0x000000008002a388        0x8 c:/devkitpro/devkitppc/bin/../lib/gcc/powerpc-eabi/8.2.0/../../../../powerpc-eabi/lib\libsysbase.a(iosupport.o)
 .text.FindDevice
                0x000000008002a390      0x130 c:/devkitpro/devkitppc/bin/../lib/gcc/powerpc-eabi/8.2.0/../../../../powerpc-eabi/lib\libsysbase.a(iosupport.o)
                0x000000008002a390                FindDevice
 .text.RemoveDevice
                0x000000008002a4c0       0x44 c:/devkitpro/devkitppc/bin/../lib/gcc/powerpc-eabi/8.2.0/../../../../powerpc-eabi/lib\libsysbase.a(iosupport.o)
                0x000000008002a4c0                RemoveDevice
 .text.AddDevice
                0x000000008002a504      0x118 c:/devkitpro/devkitppc/bin/../lib/gcc/powerpc-eabi/8.2.0/../../../../powerpc-eabi/lib\libsysbase.a(iosupport.o)
                0x000000008002a504                AddDevice
 .text._exit    0x000000008002a61c       0x2c c:/devkitpro/devkitppc/bin/../lib/gcc/powerpc-eabi/8.2.0/../../../../powerpc-eabi/lib\libsysbase.a(_exit.o)
                0x000000008002a61c                _exit
 .text.build_argv
                0x000000008002a648       0xa4 c:/devkitpro/devkitppc/bin/../lib/gcc/powerpc-eabi/8.2.0/../../../../powerpc-eabi/lib\libsysbase.a(build_argv.o)
                0x000000008002a648                build_argv
 .text.__libc_lock_init
                0x000000008002a6ec       0x20 c:/devkitpro/devkitppc/bin/../lib/gcc/powerpc-eabi/8.2.0/../../../../powerpc-eabi/lib\libsysbase.a(syscall_support.o)
                0x000000008002a6ec                __libc_lock_init
 .text.__libc_lock_close
                0x000000008002a70c       0x20 c:/devkitpro/devkitppc/bin/../lib/gcc/powerpc-eabi/8.2.0/../../../../powerpc-eabi/lib\libsysbase.a(syscall_support.o)
                0x000000008002a70c                __libc_lock_close
 .text.__libc_lock_release
                0x000000008002a72c       0x20 c:/devkitpro/devkitppc/bin/../lib/gcc/powerpc-eabi/8.2.0/../../../../powerpc-eabi/lib\libsysbase.a(syscall_support.o)
                0x000000008002a72c                __libc_lock_release
 .text.__libc_lock_acquire
                0x000000008002a74c       0x20 c:/devkitpro/devkitppc/bin/../lib/gcc/powerpc-eabi/8.2.0/../../../../powerpc-eabi/lib\libsysbase.a(syscall_support.o)
                0x000000008002a74c                __libc_lock_acquire
 .text.__malloc_lock
                0x000000008002a76c       0x18 c:/devkitpro/devkitppc/bin/../lib/gcc/powerpc-eabi/8.2.0/../../../../powerpc-eabi/lib\libsysbase.a(syscall_support.o)
                0x000000008002a76c                __malloc_lock
 .text.__malloc_unlock
                0x000000008002a784       0x18 c:/devkitpro/devkitppc/bin/../lib/gcc/powerpc-eabi/8.2.0/../../../../powerpc-eabi/lib\libsysbase.a(syscall_support.o)
                0x000000008002a784                __malloc_unlock
 .text.calloc   0x000000008002a79c       0x14 c:/devkitpro/devkitppc/bin/../lib/gcc/powerpc-eabi/8.2.0/../../../../powerpc-eabi/lib\libc.a(lib_a-calloc.o)
                0x000000008002a79c                calloc
 .text._calloc_r
                0x000000008002a7b0       0xc4 c:/devkitpro/devkitppc/bin/../lib/gcc/powerpc-eabi/8.2.0/../../../../powerpc-eabi/lib\libc.a(lib_a-callocr.o)
                0x000000008002a7b0                _calloc_r
 .text.exit     0x000000008002a874       0x40 c:/devkitpro/devkitppc/bin/../lib/gcc/powerpc-eabi/8.2.0/../../../../powerpc-eabi/lib\libc.a(lib_a-exit.o)
                0x000000008002a874                exit
 .text.fprintf  0x000000008002a8b4       0x94 c:/devkitpro/devkitppc/bin/../lib/gcc/powerpc-eabi/8.2.0/../../../../powerpc-eabi/lib\libc.a(lib_a-fprintf.o)
                0x000000008002a8b4                fprintf
 .text._malloc_trim_r
                0x000000008002a948      0x138 c:/devkitpro/devkitppc/bin/../lib/gcc/powerpc-eabi/8.2.0/../../../../powerpc-eabi/lib\libc.a(lib_a-freer.o)
                0x000000008002a948                _malloc_trim_r
 .text._free_r  0x000000008002aa80      0x32c c:/devkitpro/devkitppc/bin/../lib/gcc/powerpc-eabi/8.2.0/../../../../powerpc-eabi/lib\libc.a(lib_a-freer.o)
                0x000000008002aa80                _free_r
 .text.getenv   0x000000008002adac       0x30 c:/devkitpro/devkitppc/bin/../lib/gcc/powerpc-eabi/8.2.0/../../../../powerpc-eabi/lib\libc.a(lib_a-getenv.o)
                0x000000008002adac                getenv
 .text._findenv_r
                0x000000008002addc      0x144 c:/devkitpro/devkitppc/bin/../lib/gcc/powerpc-eabi/8.2.0/../../../../powerpc-eabi/lib\libc.a(lib_a-getenv_r.o)
                0x000000008002addc                _findenv_r
 .text.__locale_mb_cur_max
                0x000000008002af20       0x2c c:/devkitpro/devkitppc/bin/../lib/gcc/powerpc-eabi/8.2.0/../../../../powerpc-eabi/lib\libc.a(lib_a-locale.o)
                0x000000008002af20                __locale_mb_cur_max
 .text.__locale_ctype_ptr_l
                0x000000008002af4c        0x8 c:/devkitpro/devkitppc/bin/../lib/gcc/powerpc-eabi/8.2.0/../../../../powerpc-eabi/lib\libc.a(lib_a-locale.o)
                0x000000008002af4c                __locale_ctype_ptr_l
 .text.__locale_ctype_ptr
                0x000000008002af54       0x2c c:/devkitpro/devkitppc/bin/../lib/gcc/powerpc-eabi/8.2.0/../../../../powerpc-eabi/lib\libc.a(lib_a-locale.o)
                0x000000008002af54                __locale_ctype_ptr
 .text.memalign
                0x000000008002af80       0x14 c:/devkitpro/devkitppc/bin/../lib/gcc/powerpc-eabi/8.2.0/../../../../powerpc-eabi/lib\libc.a(lib_a-malign.o)
                0x000000008002af80                memalign
 .text._memalign_r
                0x000000008002af94      0x1b4 c:/devkitpro/devkitppc/bin/../lib/gcc/powerpc-eabi/8.2.0/../../../../powerpc-eabi/lib\libc.a(lib_a-malignr.o)
                0x000000008002af94                _memalign_r
 .text.malloc   0x000000008002b148       0x10 c:/devkitpro/devkitppc/bin/../lib/gcc/powerpc-eabi/8.2.0/../../../../powerpc-eabi/lib\libc.a(lib_a-malloc.o)
                0x000000008002b148                malloc
 .text.free     0x000000008002b158       0x10 c:/devkitpro/devkitppc/bin/../lib/gcc/powerpc-eabi/8.2.0/../../../../powerpc-eabi/lib\libc.a(lib_a-malloc.o)
                0x000000008002b158                free
 .text._malloc_r
                0x000000008002b168      0x8ac c:/devkitpro/devkitppc/bin/../lib/gcc/powerpc-eabi/8.2.0/../../../../powerpc-eabi/lib\libc.a(lib_a-mallocr.o)
                0x000000008002b168                _malloc_r
 .text.__utf8_mbtowc
                0x000000008002ba14      0x5dc c:/devkitpro/devkitppc/bin/../lib/gcc/powerpc-eabi/8.2.0/../../../../powerpc-eabi/lib\libc.a(lib_a-mbtowc_r.o)
                0x000000008002ba14                __utf8_mbtowc
 .text.memcmp   0x000000008002bff0       0x94 c:/devkitpro/devkitppc/bin/../lib/gcc/powerpc-eabi/8.2.0/../../../../powerpc-eabi/lib\libc.a(lib_a-memcmp.o)
                0x000000008002bff0                memcmp
 .text.memcpy   0x000000008002c084      0x100 c:/devkitpro/devkitppc/bin/../lib/gcc/powerpc-eabi/8.2.0/../../../../powerpc-eabi/lib\libc.a(lib_a-memcpy.o)
                0x000000008002c084                memcpy
 .text.memmove  0x000000008002c184      0x138 c:/devkitpro/devkitppc/bin/../lib/gcc/powerpc-eabi/8.2.0/../../../../powerpc-eabi/lib\libc.a(lib_a-memmove.o)
                0x000000008002c184                memmove
 .text.memset   0x000000008002c2bc      0x104 c:/devkitpro/devkitppc/bin/../lib/gcc/powerpc-eabi/8.2.0/../../../../powerpc-eabi/lib\libc.a(lib_a-memset.o)
                0x000000008002c2bc                memset
 .text.cleanup_glue
                0x000000008002c3c0       0x4c c:/devkitpro/devkitppc/bin/../lib/gcc/powerpc-eabi/8.2.0/../../../../powerpc-eabi/lib\libc.a(lib_a-reent.o)
                0x000000008002c3c0                cleanup_glue
 .text._reclaim_reent
                0x000000008002c40c      0x138 c:/devkitpro/devkitppc/bin/../lib/gcc/powerpc-eabi/8.2.0/../../../../powerpc-eabi/lib\libc.a(lib_a-reent.o)
                0x000000008002c40c                _reclaim_reent
 .text.setvbuf  0x000000008002c544      0x2f8 c:/devkitpro/devkitppc/bin/../lib/gcc/powerpc-eabi/8.2.0/../../../../powerpc-eabi/lib\libc.a(lib_a-setvbuf.o)
                0x000000008002c544                setvbuf
 .text.sprintf  0x000000008002c83c       0xc8 c:/devkitpro/devkitppc/bin/../lib/gcc/powerpc-eabi/8.2.0/../../../../powerpc-eabi/lib\libc.a(lib_a-sprintf.o)
                0x000000008002c83c                sprintf
 .text.sscanf   0x000000008002c904       0xe0 c:/devkitpro/devkitppc/bin/../lib/gcc/powerpc-eabi/8.2.0/../../../../powerpc-eabi/lib\libc.a(lib_a-sscanf.o)
                0x000000008002c904                sscanf
 .text.__sread  0x000000008002c9e4       0x74 c:/devkitpro/devkitppc/bin/../lib/gcc/powerpc-eabi/8.2.0/../../../../powerpc-eabi/lib\libc.a(lib_a-stdio.o)
                0x000000008002c9e4                __sread
 .text.__seofread
                0x000000008002ca58        0x8 c:/devkitpro/devkitppc/bin/../lib/gcc/powerpc-eabi/8.2.0/../../../../powerpc-eabi/lib\libc.a(lib_a-stdio.o)
                0x000000008002ca58                __seofread
 .text.__swrite
                0x000000008002ca60       0xb8 c:/devkitpro/devkitppc/bin/../lib/gcc/powerpc-eabi/8.2.0/../../../../powerpc-eabi/lib\libc.a(lib_a-stdio.o)
                0x000000008002ca60                __swrite
 .text.__sseek  0x000000008002cb18       0x70 c:/devkitpro/devkitppc/bin/../lib/gcc/powerpc-eabi/8.2.0/../../../../powerpc-eabi/lib\libc.a(lib_a-stdio.o)
                0x000000008002cb18                __sseek
 .text.__sclose
                0x000000008002cb88        0x8 c:/devkitpro/devkitppc/bin/../lib/gcc/powerpc-eabi/8.2.0/../../../../powerpc-eabi/lib\libc.a(lib_a-stdio.o)
                0x000000008002cb88                __sclose
 .text.strchr   0x000000008002cb90      0x160 c:/devkitpro/devkitppc/bin/../lib/gcc/powerpc-eabi/8.2.0/../../../../powerpc-eabi/lib\libc.a(lib_a-strchr.o)
                0x000000008002cb90                strchr
 .text.strcmp   0x000000008002ccf0       0xa8 c:/devkitpro/devkitppc/bin/../lib/gcc/powerpc-eabi/8.2.0/../../../../powerpc-eabi/lib\libc.a(lib_a-strcmp.o)
                0x000000008002ccf0                strcmp
 .text.strlen   0x000000008002cd98       0x8c c:/devkitpro/devkitppc/bin/../lib/gcc/powerpc-eabi/8.2.0/../../../../powerpc-eabi/lib\libc.a(lib_a-strlen.o)
                0x000000008002cd98                strlen
 .text.strncmp  0x000000008002ce24      0x10c c:/devkitpro/devkitppc/bin/../lib/gcc/powerpc-eabi/8.2.0/../../../../powerpc-eabi/lib\libc.a(lib_a-strncmp.o)
                0x000000008002ce24                strncmp
 .text.strnlen  0x000000008002cf30       0x50 c:/devkitpro/devkitppc/bin/../lib/gcc/powerpc-eabi/8.2.0/../../../../powerpc-eabi/lib\libc.a(lib_a-strnlen.o)
                0x000000008002cf30                strnlen
 .text._strtol_l.isra.0
                0x000000008002cf80      0x254 c:/devkitpro/devkitppc/bin/../lib/gcc/powerpc-eabi/8.2.0/../../../../powerpc-eabi/lib\libc.a(lib_a-strtol.o)
 .text._strtol_r
                0x000000008002d1d4       0x24 c:/devkitpro/devkitppc/bin/../lib/gcc/powerpc-eabi/8.2.0/../../../../powerpc-eabi/lib\libc.a(lib_a-strtol.o)
                0x000000008002d1d4                _strtol_r
 .text._strtoull_l.isra.0
                0x000000008002d1f8      0x338 c:/devkitpro/devkitppc/bin/../lib/gcc/powerpc-eabi/8.2.0/../../../../powerpc-eabi/lib\libc.a(lib_a-strtoull.o)
 .text._strtoull_r
                0x000000008002d530       0x24 c:/devkitpro/devkitppc/bin/../lib/gcc/powerpc-eabi/8.2.0/../../../../powerpc-eabi/lib\libc.a(lib_a-strtoull.o)
                0x000000008002d530                _strtoull_r
 .text._strtoul_l.isra.0
                0x000000008002d554      0x268 c:/devkitpro/devkitppc/bin/../lib/gcc/powerpc-eabi/8.2.0/../../../../powerpc-eabi/lib\libc.a(lib_a-strtoul.o)
 .text._strtoul_r
                0x000000008002d7bc       0x24 c:/devkitpro/devkitppc/bin/../lib/gcc/powerpc-eabi/8.2.0/../../../../powerpc-eabi/lib\libc.a(lib_a-strtoul.o)
                0x000000008002d7bc                _strtoul_r
 .text._svfprintf_r